Component: ARM Compiler 5.06 update 6 (build 750) Tool: armlink [4d35ed]

==============================================================================

Section Cross References

    startup_stm32f407xx.o(RESET) refers to startup_stm32f407xx.o(STACK) for __initial_sp
    startup_stm32f407xx.o(RESET) refers to startup_stm32f407xx.o(.text) for Reset_Handler
    startup_stm32f407xx.o(RESET) refers to stm32f4xx_it.o(i.NMI_Handler) for NMI_Handler
    startup_stm32f407xx.o(RESET) refers to stm32f4xx_it.o(i.HardFault_Handler) for HardFault_Handler
    startup_stm32f407xx.o(RESET) refers to stm32f4xx_it.o(i.MemManage_Handler) for MemManage_Handler
    startup_stm32f407xx.o(RESET) refers to stm32f4xx_it.o(i.BusFault_Handler) for BusFault_Handler
    startup_stm32f407xx.o(RESET) refers to stm32f4xx_it.o(i.UsageFault_Handler) for UsageFault_Handler
    startup_stm32f407xx.o(RESET) refers to port.o(.emb_text) for SVC_Handler
    startup_stm32f407xx.o(RESET) refers to stm32f4xx_it.o(i.DebugMon_Handler) for DebugMon_Handler
    startup_stm32f407xx.o(RESET) refers to port.o(i.SysTick_Handler) for SysTick_Handler
    startup_stm32f407xx.o(RESET) refers to stm32f4xx_it.o(i.DMA1_Stream5_IRQHandler) for DMA1_Stream5_IRQHandler
    startup_stm32f407xx.o(RESET) refers to stm32f4xx_it.o(i.DMA1_Stream6_IRQHandler) for DMA1_Stream6_IRQHandler
    startup_stm32f407xx.o(RESET) refers to stm32f4xx_it.o(i.SPI1_IRQHandler) for SPI1_IRQHandler
    startup_stm32f407xx.o(RESET) refers to stm32f4xx_it.o(i.USART2_IRQHandler) for USART2_IRQHandler
    startup_stm32f407xx.o(RESET) refers to stm32f4xx_it.o(i.USART3_IRQHandler) for USART3_IRQHandler
    startup_stm32f407xx.o(RESET) refers to stm32f4xx_it.o(i.TIM6_DAC_IRQHandler) for TIM6_DAC_IRQHandler
    startup_stm32f407xx.o(RESET) refers to stm32f4xx_it.o(i.TIM7_IRQHandler) for TIM7_IRQHandler
    startup_stm32f407xx.o(.text) refers to system_stm32f4xx.o(i.SystemInit) for SystemInit
    startup_stm32f407xx.o(.text) refers to entry.o(.ARM.Collect$$$$00000000) for __main
    bsp_usart_fputc.o(i.fgetc) refers to stm32f4xx_hal_uart.o(i.HAL_UART_Receive) for HAL_UART_Receive
    bsp_usart_fputc.o(i.fgetc) refers to usart.o(.bss) for huart1
    bsp_usart_fputc.o(i.fputc) refers to stm32f4xx_hal_uart.o(i.HAL_UART_Transmit) for HAL_UART_Transmit
    bsp_usart_fputc.o(i.fputc) refers to usart.o(.bss) for huart1
    main.o(i.HAL_TIM_PeriodElapsedCallback) refers to stm32f4xx_hal.o(i.HAL_IncTick) for HAL_IncTick
    main.o(i.SystemClock_Config) refers to memseta.o(.text) for __aeabi_memclr4
    main.o(i.SystemClock_Config) refers to stm32f4xx_hal_rcc.o(i.HAL_RCC_OscConfig) for HAL_RCC_OscConfig
    main.o(i.SystemClock_Config) refers to stm32f4xx_hal_rcc.o(i.HAL_RCC_ClockConfig) for HAL_RCC_ClockConfig
    main.o(i.main) refers to stm32f4xx_hal.o(i.HAL_Init) for HAL_Init
    main.o(i.main) refers to main.o(i.SystemClock_Config) for SystemClock_Config
    main.o(i.main) refers to gpio.o(i.MX_GPIO_Init) for MX_GPIO_Init
    main.o(i.main) refers to dma.o(i.MX_DMA_Init) for MX_DMA_Init
    main.o(i.main) refers to usart.o(i.MX_USART1_UART_Init) for MX_USART1_UART_Init
    main.o(i.main) refers to usart.o(i.MX_USART2_UART_Init) for MX_USART2_UART_Init
    main.o(i.main) refers to tim.o(i.MX_TIM7_Init) for MX_TIM7_Init
    main.o(i.main) refers to usart.o(i.MX_USART3_UART_Init) for MX_USART3_UART_Init
    main.o(i.main) refers to spi.o(i.MX_SPI1_Init) for MX_SPI1_Init
    main.o(i.main) refers to i2c.o(i.MX_I2C1_Init) for MX_I2C1_Init
    main.o(i.main) refers to stm32f4xx_hal_tim.o(i.HAL_TIM_Base_Start) for HAL_TIM_Base_Start
    main.o(i.main) refers to cmsis_os2.o(i.osKernelInitialize) for osKernelInitialize
    main.o(i.main) refers to freertos.o(i.MX_FREERTOS_Init) for MX_FREERTOS_Init
    main.o(i.main) refers to cmsis_os2.o(i.osKernelStart) for osKernelStart
    main.o(i.main) refers to tim.o(.bss) for htim7
    gpio.o(i.MX_GPIO_Init) refers to memseta.o(.text) for __aeabi_memclr4
    gpio.o(i.MX_GPIO_Init) refers to stm32f4xx_hal_gpio.o(i.HAL_GPIO_WritePin) for HAL_GPIO_WritePin
    gpio.o(i.MX_GPIO_Init) refers to stm32f4xx_hal_gpio.o(i.HAL_GPIO_Init) for HAL_GPIO_Init
    freertos.o(i.MX_FREERTOS_Init) refers to cmsis_os2.o(i.osThreadNew) for osThreadNew
    freertos.o(i.MX_FREERTOS_Init) refers to freertos.o(.constdata) for .constdata
    freertos.o(i.MX_FREERTOS_Init) refers to freertos.o(i.StartSYSTask) for StartSYSTask
    freertos.o(i.MX_FREERTOS_Init) refers to freertos.o(.data) for .data
    freertos.o(i.MX_FREERTOS_Init) refers to freertos.o(i.MasterTask) for MasterTask
    freertos.o(i.MX_FREERTOS_Init) refers to freertos.o(i.SlaveTask) for SlaveTask
    freertos.o(i.MasterTask) refers to mb_m.o(i.eMBMasterInit) for eMBMasterInit
    freertos.o(i.MasterTask) refers to mb_m.o(i.eMBMasterEnable) for eMBMasterEnable
    freertos.o(i.MasterTask) refers to mb_m.o(i.eMBMasterPoll) for eMBMasterPoll
    freertos.o(i.SlaveTask) refers to mb.o(i.eMBInit) for eMBInit
[...]
    CAN1_SCE_IRQHandler                      0x08000277   Thumb Code     0  startup_stm32f407xx.o(.text)
    CAN1_TX_IRQHandler                       0x08000277   Thumb Code     0  startup_stm32f407xx.o(.text)
    CAN2_RX0_IRQHandler                      0x08000277   Thumb Code     0  startup_stm32f407xx.o(.text)
    CAN2_RX1_IRQHandler                      0x08000277   Thumb Code     0  startup_stm32f407xx.o(.text)
    CAN2_SCE_IRQHandler                      0x08000277   Thumb Code     0  startup_stm32f407xx.o(.text)
    CAN2_TX_IRQHandler                       0x08000277   Thumb Code     0  startup_stm32f407xx.o(.text)
    DCMI_IRQHandler                          0x08000277   Thumb Code     0  startup_stm32f407xx.o(.text)
    DMA1_Stream0_IRQHandler                  0x08000277   Thumb Code     0  startup_stm32f407xx.o(.text)
    DMA1_Stream1_IRQHandler                  0x08000277   Thumb Code     0  startup_stm32f407xx.o(.text)
    DMA1_Stream2_IRQHandler                  0x08000277   Thumb Code     0  startup_stm32f407xx.o(.text)
    DMA1_Stream3_IRQHandler                  0x08000277   Thumb Code     0  startup_stm32f407xx.o(.text)
    DMA1_Stream4_IRQHandler                  0x08000277   Thumb Code     0  startup_stm32f407xx.o(.text)
    DMA1_Stream7_IRQHandler                  0x08000277   Thumb Code     0  startup_stm32f407xx.o(.text)
    DMA2_Stream0_IRQHandler                  0x08000277   Thumb Code     0  startup_stm32f407xx.o(.text)
    DMA2_Stream1_IRQHandler                  0x08000277   Thumb Code     0  startup_stm32f407xx.o(.text)
    DMA2_Stream2_IRQHandler                  0x08000277   Thumb Code     0  startup_stm32f407xx.o(.text)
    DMA2_Stream3_IRQHandler                  0x08000277   Thumb Code     0  startup_stm32f407xx.o(.text)
    DMA2_Stream4_IRQHandler                  0x08000277   Thumb Code     0  startup_stm32f407xx.o(.text)
    DMA2_Stream5_IRQHandler                  0x08000277   Thumb Code     0  startup_stm32f407xx.o(.text)
    DMA2_Stream6_IRQHandler                  0x08000277   Thumb Code     0  startup_stm32f407xx.o(.text)
    DMA2_Stream7_IRQHandler                  0x08000277   Thumb Code     0  startup_stm32f407xx.o(.text)
    ETH_IRQHandler                           0x08000277   Thumb Code     0  startup_stm32f407xx.o(.text)
    ETH_WKUP_IRQHandler                      0x08000277   Thumb Code     0  startup_stm32f407xx.o(.text)
    EXTI0_IRQHandler                         0x08000277   Thumb Code     0  startup_stm32f407xx.o(.text)
    EXTI15_10_IRQHandler                     0x08000277   Thumb Code     0  startup_stm32f407xx.o(.text)
    EXTI1_IRQHandler                         0x08000277   Thumb Code     0  startup_stm32f407xx.o(.text)
    EXTI2_IRQHandler                         0x08000277   Thumb Code     0  startup_stm32f407xx.o(.text)
    EXTI3_IRQHandler                         0x08000277   Thumb Code     0  startup_stm32f407xx.o(.text)
    EXTI4_IRQHandler                         0x08000277   Thumb Code     0  startup_stm32f407xx.o(.text)
    EXTI9_5_IRQHandler                       0x08000277   Thumb Code     0  startup_stm32f407xx.o(.text)
    FLASH_IRQHandler                         0x08000277   Thumb Code     0  startup_stm32f407xx.o(.text)
    FMC_IRQHandler                           0x08000277   Thumb Code     0  startup_stm32f407xx.o(.text)
    FPU_IRQHandler                           0x08000277   Thumb Code     0  startup_stm32f407xx.o(.text)
    HASH_RNG_IRQHandler                      0x08000277   Thumb Code     0  startup_stm32f407xx.o(.text)
    I2C1_ER_IRQHandler                       0x08000277   Thumb Code     0  startup_stm32f407xx.o(.text)
    I2C1_EV_IRQHandler                       0x08000277   Thumb Code     0  startup_stm32f407xx.o(.text)
    I2C2_ER_IRQHandler                       0x08000277   Thumb Code     0  startup_stm32f407xx.o(.text)
    I2C2_EV_IRQHandler                       0x08000277   Thumb Code     0  startup_stm32f407xx.o(.text)
    I2C3_ER_IRQHandler                       0x08000277   Thumb Code     0  startup_stm32f407xx.o(.text)
    I2C3_EV_IRQHandler                       0x08000277   Thumb Code     0  startup_stm32f407xx.o(.text)
    OTG_FS_IRQHandler                        0x08000277   Thumb Code     0  startup_stm32f407xx.o(.text)
    OTG_FS_WKUP_IRQHandler                   0x08000277   Thumb Code     0  startup_stm32f407xx.o(.text)
    OTG_HS_EP1_IN_IRQHandler                 0x08000277   Thumb Code     0  startup_stm32f407xx.o(.text)
    OTG_HS_EP1_OUT_IRQHandler                0x08000277   Thumb Code     0  startup_stm32f407xx.o(.text)
    OTG_HS_IRQHandler                        0x08000277   Thumb Code     0  startup_stm32f407xx.o(.text)
    OTG_HS_WKUP_IRQHandler                   0x08000277   Thumb Code     0  startup_stm32f407xx.o(.text)
    PVD_IRQHandler                           0x08000277   Thumb Code     0  startup_stm32f407xx.o(.text)
    RCC_IRQHandler                           0x08000277   Thumb Code     0  startup_stm32f407xx.o(.text)
    RTC_Alarm_IRQHandler                     0x08000277   Thumb Code     0  startup_stm32f407xx.o(.text)
    RTC_WKUP_IRQHandler                      0x08000277   Thumb Code     0  startup_stm32f407xx.o(.text)
    SDIO_IRQHandler                          0x08000277   Thumb Code     0  startup_stm32f407xx.o(.text)
    SPI2_IRQHandler                          0x08000277   Thumb Code     0  startup_stm32f407xx.o(.text)
    SPI3_IRQHandler                          0x08000277   Thumb Code     0  startup_stm32f407xx.o(.text)
    TAMP_STAMP_IRQHandler                    0x08000277   Thumb Code     0  startup_stm32f407xx.o(.text)
    TIM1_BRK_TIM9_IRQHandler                 0x08000277   Thumb Code     0  startup_stm32f407xx.o(.text)
    TIM1_CC_IRQHandler                       0x08000277   Thumb Code     0  startup_stm32f407xx.o(.text)
    TIM1_TRG_COM_TIM11_IRQHandler            0x08000277   Thumb Code     0  startup_stm32f407xx.o(.text)
    TIM1_UP_TIM10_IRQHandler                 0x08000277   Thumb Code     0  startup_stm32f407xx.o(.text)
    TIM2_IRQHandler                          0x08000277   Thumb Code     0  startup_stm32f407xx.o(.text)
    TIM3_IRQHandler                          0x08000277   Thumb Code     0  startup_stm32f407xx.o(.text)
    TIM4_IRQHandler                          0x08000277   Thumb Code     0  startup_stm32f407xx.o(.text)
    TIM5_IRQHandler                          0x08000277   Thumb Code     0  startup_stm32f407xx.o(.text)
    TIM8_BRK_TIM12_IRQHandler                0x08000277   Thumb Code     0  startup_stm32f407xx.o(.text)
    TIM8_CC_IRQHandler                       0x08000277   Thumb Code     0  startup_stm32f407xx.o(.text)
    TIM8_TRG_COM_TIM14_IRQHandler            0x08000277   Thumb Code     0  startup_stm32f407xx.o(.text)
    TIM8_UP_TIM13_IRQHandler                 0x08000277   Thumb Code     0  startup_stm32f407xx.o(.text)
    UART4_IRQHandler                         0x08000277   Thumb Code     0  startup_stm32f407xx.o(.text)
    UART5_IRQHandler                         0x08000277   Thumb Code     0  startup_stm32f407xx.o(.text)
    USART1_IRQHandler                        0x08000277   Thumb Code     0  startup_stm32f407xx.o(.text)
    USART6_IRQHandler                        0x08000277   Thumb Code     0  startup_stm32f407xx.o(.text)
    WWDG_IRQHandler                          0x08000277   Thumb Code     0  startup_stm32f407xx.o(.text)
    __aeabi_uldivmod                         0x08000281   Thumb Code    98  uldiv.o(.text)
    __aeabi_memcpy                           0x080002e3   Thumb Code    36  memcpya.o(.text)
    __aeabi_memcpy4                          0x080002e3   Thumb Code     0  memcpya.o(.text)
    __aeabi_memcpy8                          0x080002e3   Thumb Code     0  memcpya.o(.text)
    __aeabi_memset                           0x08000307   Thumb Code    14  memseta.o(.text)
    __aeabi_memset4                          0x08000307   Thumb Code     0  memseta.o(.text)
    __aeabi_memset8                          0x08000307   Thumb Code     0  memseta.o(.text)
    __aeabi_memclr                           0x08000315   Thumb Code     4  memseta.o(.text)
    __aeabi_memclr4                          0x08000315   Thumb Code     0  memseta.o(.text)
    __aeabi_memclr8                          0x08000315   Thumb Code     0  memseta.o(.text)
    memset                                   0x08000319   Thumb Code    18  memseta.o(.text)
    __aeabi_f2d                              0x0800032b   Thumb Code    38  f2d.o(.text)
    __aeabi_uidiv                            0x08000351   Thumb Code     0  uidiv.o(.text)
    __aeabi_uidivmod                         0x08000351   Thumb Code    44  uidiv.o(.text)
    __aeabi_llsl                             0x0800037d   Thumb Code    30  llshl.o(.text)
    _ll_shift_l                              0x0800037d   Thumb Code     0  llshl.o(.text)
    __aeabi_llsr                             0x0800039b   Thumb Code    32  llushr.o(.text)
    _ll_ushift_r                             0x0800039b   Thumb Code     0  llushr.o(.text)
    __I$use$fp                               0x080003bb   Thumb Code     0  iusefp.o(.text)
    __aeabi_dadd                             0x080003bb   Thumb Code   322  dadd.o(.text)
    __aeabi_dsub                             0x080004fd   Thumb Code     6  dadd.o(.text)
    __aeabi_drsub                            0x08000503   Thumb Code     6  dadd.o(.text)
    __aeabi_dmul                             0x08000509   Thumb Code   228  dmul.o(.text)
    __aeabi_ddiv                             0x080005ed   Thumb Code   222  ddiv.o(.text)
    __aeabi_d2ulz                            0x080006cb   Thumb Code    48  dfixul.o(.text)
    __aeabi_cdrcmple                         0x080006fd   Thumb Code    48  cdrcmple.o(.text)
    __scatterload                            0x0800072d   Thumb Code    28  init.o(.text)
    __scatterload_rt2                        0x0800072d   Thumb Code     0  init.o(.text)
    __aeabi_lasr                             0x08000751   Thumb Code    36  llsshr.o(.text)
    _ll_sshift_r                             0x08000751   Thumb Code     0  llsshr.o(.text)
    _double_round                            0x08000775   Thumb Code    30  depilogue.o(.text)
    _double_epilogue                         0x08000793   Thumb Code   156  depilogue.o(.text)
    __decompress                             0x0800082f   Thumb Code     0  __dczerorl2.o(.text)
    __decompress1                            0x0800082f   Thumb Code    86  __dczerorl2.o(.text)
    BusFault_Handler                         0x08000885   Thumb Code     2  stm32f4xx_it.o(i.BusFault_Handler)
    DMA1_Stream5_IRQHandler                  0x08000889   Thumb Code     6  stm32f4xx_it.o(i.DMA1_Stream5_IRQHandler)
    DMA1_Stream6_IRQHandler                  0x08000895   Thumb Code     6  stm32f4xx_it.o(i.DMA1_Stream6_IRQHandler)
    DebugMon_Handler                         0x0800091d   Thumb Code     2  stm32f4xx_it.o(i.DebugMon_Handler)
    EnterCriticalSection                     0x0800091f   Thumb Code     4  port_1.o(i.EnterCriticalSection)
    Error_Handler                            0x08000923   Thumb Code     2  main.o(i.Error_Handler)
    ExitCriticalSection                      0x08000925   Thumb Code     4  port_1.o(i.ExitCriticalSection)
    Get_from_fifo                            0x08000929   Thumb Code    80  port_1.o(i.Get_from_fifo)
    HAL_DMA_Abort_IT                         0x08000979   Thumb Code    36  stm32f4xx_hal_dma.o(i.HAL_DMA_Abort_IT)
    HAL_DMA_IRQHandler                       0x0800099d   Thumb Code   412  stm32f4xx_hal_dma.o(i.HAL_DMA_IRQHandler)
    HAL_DMA_Init                             0x08000b3d   Thumb Code   206  stm32f4xx_hal_dma.o(i.HAL_DMA_Init)
    HAL_GPIO_Init                            0x08000c11   Thumb Code   394  stm32f4xx_hal_gpio.o(i.HAL_GPIO_Init)
    HAL_GPIO_TogglePin                       0x08000dc9   Thumb Code    14  stm32f4xx_hal_gpio.o(i.HAL_GPIO_TogglePin)
    HAL_GPIO_WritePin                        0x08000dd7   Thumb Code    10  stm32f4xx_hal_gpio.o(i.HAL_GPIO_WritePin)
    HAL_GetTick                              0x08000de1   Thumb Code     6  stm32f4xx_hal.o(i.HAL_GetTick)
    HAL_I2C_Init                             0x08000ded   Thumb Code   376  stm32f4xx_hal_i2c.o(i.HAL_I2C_Init)
    HAL_I2C_MspInit                          0x08000f75   Thumb Code    92  i2c.o(i.HAL_I2C_MspInit)
    HAL_IncTick                              0x08000fdd   Thumb Code    12  stm32f4xx_hal.o(i.HAL_IncTick)
    HAL_Init                                 0x08000fed   Thumb Code    48  stm32f4xx_hal.o(i.HAL_Init)
    HAL_InitTick                             0x08001021   Thumb Code   100  stm32f4xx_hal_timebase_tim.o(i.HAL_InitTick)
    HAL_MspInit                              0x08001095   Thumb Code    52  stm32f4xx_hal_msp.o(i.HAL_MspInit)
    HAL_NVIC_EnableIRQ                       0x080010cd   Thumb Code    26  stm32f4xx_hal_cortex.o(i.HAL_NVIC_EnableIRQ)
    HAL_NVIC_SetPriority                     0x080010e9   Thumb Code    60  stm32f4xx_hal_cortex.o(i.HAL_NVIC_SetPriority)
    HAL_NVIC_SetPriorityGrouping             0x08001129   Thumb Code    26  stm32f4xx_hal_cortex.o(i.HAL_NVIC_SetPriorityGrouping)
    HAL_RCC_ClockConfig                      0x0800114d   Thumb Code   288  stm32f4xx_hal_rcc.o(i.HAL_RCC_ClockConfig)
    HAL_RCC_GetClockConfig                   0x08001281   Thumb Code    54  stm32f4xx_hal_rcc.o(i.HAL_RCC_GetClockConfig)
    HAL_RCC_GetPCLK1Freq                     0x080012c1   Thumb Code    20  stm32f4xx_hal_rcc.o(i.HAL_RCC_GetPCLK1Freq)
    HAL_RCC_GetPCLK2Freq                     0x080012e1   Thumb Code    20  stm32f4xx_hal_rcc.o(i.HAL_RCC_GetPCLK2Freq)
    HAL_RCC_GetSysClockFreq                  0x08001301   Thumb Code    88  stm32f4xx_hal_rcc.o(i.HAL_RCC_GetSysClockFreq)
    HAL_RCC_OscConfig                        0x08001361   Thumb Code   840  stm32f4xx_hal_rcc.o(i.HAL_RCC_OscConfig)
    HAL_SPI_ErrorCallback                    0x080016bd   Thumb Code     2  stm32f4xx_hal_spi.o(i.HAL_SPI_ErrorCallback)
    HAL_SPI_IRQHandler                       0x080016c1   Thumb Code   246  stm32f4xx_hal_spi.o(i.HAL_SPI_IRQHandler)
    HAL_SPI_Init                             0x080017bd   Thumb Code   128  stm32f4xx_hal_spi.o(i.HAL_SPI_Init)
    HAL_SPI_MspInit                          0x0800183d   Thumb Code   108  spi.o(i.HAL_SPI_MspInit)
    HAL_TIMEx_BreakCallback                  0x080018b5   Thumb Code     2  stm32f4xx_hal_tim_ex.o(i.HAL_TIMEx_BreakCallback)
    HAL_TIMEx_CommutCallback                 0x080018b7   Thumb Code     2  stm32f4xx_hal_tim_ex.o(i.HAL_TIMEx_CommutCallback)
    HAL_TIMEx_MasterConfigSynchronization    0x080018b9   Thumb Code   116  stm32f4xx_hal_tim_ex.o(i.HAL_TIMEx_MasterConfigSynchronization)
    HAL_TIM_Base_Init                        0x08001949   Thumb Code    54  stm32f4xx_hal_tim.o(i.HAL_TIM_Base_Init)
    HAL_TIM_Base_MspInit                     0x08001981   Thumb Code    50  tim.o(i.HAL_TIM_Base_MspInit)
    HAL_TIM_Base_Start                       0x080019bd   Thumb Code    36  stm32f4xx_hal_tim.o(i.HAL_TIM_Base_Start)
    HAL_TIM_Base_Start_IT                    0x080019e1   Thumb Code    34  stm32f4xx_hal_tim.o(i.HAL_TIM_Base_Start_IT)
    HAL_TIM_IC_CaptureCallback               0x08001a03   Thumb Code     2  stm32f4xx_hal_tim.o(i.HAL_TIM_IC_CaptureCallback)
    HAL_TIM_IRQHandler                       0x08001a05   Thumb Code   358  stm32f4xx_hal_tim.o(i.HAL_TIM_IRQHandler)
    HAL_TIM_OC_DelayElapsedCallback          0x08001b6b   Thumb Code     2  stm32f4xx_hal_tim.o(i.HAL_TIM_OC_DelayElapsedCallback)
    HAL_TIM_PWM_PulseFinishedCallback        0x08001b6d   Thumb Code     2  stm32f4xx_hal_tim.o(i.HAL_TIM_PWM_PulseFinishedCallback)
    HAL_TIM_PeriodElapsedCallback            0x08001b71   Thumb Code    14  main.o(i.HAL_TIM_PeriodElapsedCallback)
    HAL_TIM_TriggerCallback                  0x08001b85   Thumb Code     2  stm32f4xx_hal_tim.o(i.HAL_TIM_TriggerCallback)
    HAL_UART_AbortCpltCallback               0x08001b87   Thumb Code     2  stm32f4xx_hal_uart.o(i.HAL_UART_AbortCpltCallback)
    HAL_UART_AbortReceiveCpltCallback        0x08001b89   Thumb Code     2  stm32f4xx_hal_uart.o(i.HAL_UART_AbortReceiveCpltCallback)
    HAL_UART_AbortTransmitCpltCallback       0x08001b8b   Thumb Code     2  stm32f4xx_hal_uart.o(i.HAL_UART_AbortTransmitCpltCallback)
    HAL_UART_ErrorCallback                   0x08001b8d   Thumb Code     2  stm32f4xx_hal_uart.o(i.HAL_UART_ErrorCallback)
    HAL_UART_Init                            0x08001b91   Thumb Code   112  stm32f4xx_hal_uart.o(i.HAL_UART_Init)
    HAL_UART_MspInit                         0x08001c05   Thumb Code   364  usart.o(i.HAL_UART_MspInit)
    HAL_UART_RegisterCallback                0x08001d91   Thumb Code   142  stm32f4xx_hal_uart.o(i.HAL_UART_RegisterCallback)
    HAL_UART_RxCpltCallback                  0x08001e1f   Thumb Code     2  stm32f4xx_hal_uart.o(i.HAL_UART_RxCpltCallback)
    HAL_UART_RxHalfCpltCallback              0x08001e21   Thumb Code     2  stm32f4xx_hal_uart.o(i.HAL_UART_RxHalfCpltCallback)
    HAL_UART_Transmit                        0x08001e23   Thumb Code   186  stm32f4xx_hal_uart.o(i.HAL_UART_Transmit)
    HAL_UART_TxCpltCallback                  0x08001edd   Thumb Code     2  stm32f4xx_hal_uart.o(i.HAL_UART_TxCpltCallback)
    HAL_UART_TxHalfCpltCallback              0x08001edf   Thumb Code     2  stm32f4xx_hal_uart.o(i.HAL_UART_TxHalfCpltCallback)
    HardFault_Handler                        0x08001ee1   Thumb Code     2  stm32f4xx_it.o(i.HardFault_Handler)
    IS_IRQ                                   0x08001ee3   Thumb Code    14  port_1.o(i.IS_IRQ)
    MX_DMA_Init                              0x08001ef1   Thumb Code    56  dma.o(i.MX_DMA_Init)
    MX_FREERTOS_Init                         0x08001f2d   Thumb Code    46  freertos.o(i.MX_FREERTOS_Init)
    MX_GPIO_Init                             0x08001f71   Thumb Code   202  gpio.o(i.MX_GPIO_Init)
    MX_I2C1_Init                             0x0800204d   Thumb Code    50  i2c.o(i.MX_I2C1_Init)
    MX_SPI1_Init                             0x0800208d   Thumb Code    62  spi.o(i.MX_SPI1_Init)
    MX_TIM7_Init                             0x080020d5   Thumb Code    64  tim.o(i.MX_TIM7_Init)
    MX_USART1_UART_Init                      0x0800211d   Thumb Code    48  usart.o(i.MX_USART1_UART_Init)
    MX_USART2_UART_Init                      0x08002155   Thumb Code    48  usart.o(i.MX_USART2_UART_Init)
    MX_USART3_UART_Init                      0x0800218d   Thumb Code    48  usart.o(i.MX_USART3_UART_Init)
    MasterTask                               0x080021c5   Thumb Code    26  freertos.o(i.MasterTask)
    MemManage_Handler                        0x08002221   Thumb Code     2  stm32f4xx_it.o(i.MemManage_Handler)
    NMI_Handler                              0x08002223   Thumb Code     2  stm32f4xx_it.o(i.NMI_Handler)
    Put_in_fifo                              0x08002225   Thumb Code    80  port_1.o(i.Put_in_fifo)
    SPI1_IRQHandler                          0x08002275   Thumb Code     6  stm32f4xx_it.o(i.SPI1_IRQHandler)
    SlaveTask                                0x08002291   Thumb Code    30  freertos.o(i.SlaveTask)
    StartSYSTask                             0x080022f9   Thumb Code    34  freertos.o(i.StartSYSTask)
    SysTick_Handler                          0x08002325   Thumb Code    38  port.o(i.SysTick_Handler)
    SystemClock_Config                       0x08002351   Thumb Code   122  main.o(i.SystemClock_Config)
    SystemInit                               0x080023d5   Thumb Code    22  system_stm32f4xx.o(i.SystemInit)
    TIM6_DAC_IRQHandler                      0x080023f1   Thumb Code     6  stm32f4xx_it.o(i.TIM6_DAC_IRQHandler)
    TIM7_IRQHandler                          0x080023fd   Thumb Code     6  stm32f4xx_it.o(i.TIM7_IRQHandler)
    TIM_Base_SetConfig                       0x08002409   Thumb Code   156  stm32f4xx_hal_tim.o(i.TIM_Base_SetConfig)
    UART_InitCallbacksToDefault              0x080024d1   Thumb Code    34  stm32f4xx_hal_uart.o(i.UART_InitCallbacksToDefault)
    USART2_IRQHandler                        0x080026a1   Thumb Code    56  stm32f4xx_it.o(i.USART2_IRQHandler)
    USART3_IRQHandler                        0x080026dd   Thumb Code    56  stm32f4xx_it.o(i.USART3_IRQHandler)
    UsageFault_Handler                       0x08002719   Thumb Code     2  stm32f4xx_it.o(i.UsageFault_Handler)
    __0printf                                0x0800271d   Thumb Code    22  printfa.o(i.__0printf)
    __1printf                                0x0800271d   Thumb Code     0  printfa.o(i.__0printf)
    __2printf                                0x0800271d   Thumb Code     0  printfa.o(i.__0printf)
    __c89printf                              0x0800271d   Thumb Code     0  printfa.o(i.__0printf)
    printf                                   0x0800271d   Thumb Code     0  printfa.o(i.__0printf)
    __scatterload_copy                       0x0800275d   Thumb Code    14  handlers.o(i.__scatterload_copy)
    __scatterload_null                       0x0800276b   Thumb Code     2  handlers.o(i.__scatterload_null)
    __scatterload_zeroinit                   0x0800276d   Thumb Code    14  handlers.o(i.__scatterload_zeroinit)
    eMBEnable                                0x08003031   Thumb Code    28  mb.o(i.eMBEnable)
    eMBFuncReadCoils                         0x08003051   Thumb Code   114  mbfunccoils.o(i.eMBFuncReadCoils)
    eMBFuncReadDiscreteInputs                0x080030c3   Thumb Code   114  mbfuncdisc.o(i.eMBFuncReadDiscreteInputs)
    eMBFuncReadHoldingRegister               0x08003135   Thumb Code   100  mbfuncholding.o(i.eMBFuncReadHoldingRegister)
    eMBFuncReadInputRegister                 0x08003199   Thumb Code    98  mbfuncinput.o(i.eMBFuncReadInputRegister)
    eMBFuncReadWriteMultipleHoldingRegister  0x080031fb   Thumb Code   156  mbfuncholding.o(i.eMBFuncReadWriteMultipleHoldingRegister)
    eMBFuncReportSlaveID                     0x08003299   Thumb Code    26  mbfuncother.o(i.eMBFuncReportSlaveID)
    eMBFuncWriteCoil                         0x080032bd   Thumb Code    86  mbfunccoils.o(i.eMBFuncWriteCoil)
    eMBFuncWriteHoldingRegister              0x08003313   Thumb Code    50  mbfuncholding.o(i.eMBFuncWriteHoldingRegister)
    eMBFuncWriteMultipleCoils                0x08003345   Thumb Code   100  mbfunccoils.o(i.eMBFuncWriteMultipleCoils)
    eMBFuncWriteMultipleHoldingRegister      0x080033a9   Thumb Code    78  mbfuncholding.o(i.eMBFuncWriteMultipleHoldingRegister)
    eMBInit                                  0x080033f9   Thumb Code    96  mb.o(i.eMBInit)
    eMBMasterEnable                          0x08003479   Thumb Code    28  mb_m.o(i.eMBMasterEnable)
    eMBMasterFuncReadCoils                   0x08003499   Thumb Code    98  mbfunccoils_m.o(i.eMBMasterFuncReadCoils)
    eMBMasterFuncReadDiscreteInputs          0x080034fb   Thumb Code    96  mbfuncdisc_m.o(i.eMBMasterFuncReadDiscreteInputs)
    eMBMasterFuncReadHoldingRegister         0x0800355b   Thumb Code    82  mbfuncholding_m.o(i.eMBMasterFuncReadHoldingRegister)
    eMBMasterFuncReadInputRegister           0x080035ad   Thumb Code    80  mbfuncinput_m.o(i.eMBMasterFuncReadInputRegister)
    eMBMasterFuncReadWriteMultipleHoldingRegister 0x080035fd   Thumb Code   114  mbfuncholding_m.o(i.eMBMasterFuncReadWriteMultipleHoldingRegister)
    eMBMasterFuncWriteCoil                   0x0800366f   Thumb Code    86  mbfunccoils_m.o(i.eMBMasterFuncWriteCoil)
    eMBMasterFuncWriteHoldingRegister        0x080036c5   Thumb Code    50  mbfuncholding_m.o(i.eMBMasterFuncWriteHoldingRegister)
    eMBMasterFuncWriteMultipleCoils          0x080036f7   Thumb Code    96  mbfunccoils_m.o(i.eMBMasterFuncWriteMultipleCoils)
    eMBMasterFuncWriteMultipleHoldingRegister 0x08003757   Thumb Code    76  mbfuncholding_m.o(i.eMBMasterFuncWriteMultipleHoldingRegister)
    eMBMasterInit                            0x080037a5   Thumb Code    84  mb_m.o(i.eMBMasterInit)
    eMBMasterPoll                            0x08003819   Thumb Code   300  mb_m.o(i.eMBMasterPoll)
    eMBMasterRTUInit                         0x08003949   Thumb Code    68  mbrtu_m.o(i.eMBMasterRTUInit)
    eMBMasterRTUReceive                      0x08003991   Thumb Code    68  mbrtu_m.o(i.eMBMasterRTUReceive)
    eMBMasterRTUSend                         0x080039dd   Thumb Code   104  mbrtu_m.o(i.eMBMasterRTUSend)
    eMBMasterRTUStart                        0x08003a4d   Thumb Code    32  mbrtu_m.o(i.eMBMasterRTUStart)
    eMBMasterRTUStop                         0x08003a71   Thumb Code    26  mbrtu_m.o(i.eMBMasterRTUStop)
    eMBMasterRegCoilsCB                      0x08003a8d   Thumb Code   118  user_mb_app_m.o(i.eMBMasterRegCoilsCB)
    eMBMasterRegDiscreteCB                   0x08003b09   Thumb Code   118  user_mb_app_m.o(i.eMBMasterRegDiscreteCB)
    eMBMasterRegHoldingCB                    0x08003b85   Thumb Code    94  user_mb_app_m.o(i.eMBMasterRegHoldingCB)
    eMBMasterRegInputCB                      0x08003bed   Thumb Code    94  user_mb_app_m.o(i.eMBMasterRegInputCB)
    eMBPoll                                  0x08003c55   Thumb Code   174  mb.o(i.eMBPoll)
    eMBRTUInit                               0x08003d09   Thumb Code    68  mbrtu.o(i.eMBRTUInit)
    eMBRTUReceive                            0x08003d51   Thumb Code    68  mbrtu.o(i.eMBRTUReceive)
    eMBRTUSend                               0x08003d9d   Thumb Code    98  mbrtu.o(i.eMBRTUSend)
    eMBRTUStart                              0x08003e09   Thumb Code    32  mbrtu.o(i.eMBRTUStart)
    eMBRTUStop                               0x08003e2d   Thumb Code    26  mbrtu.o(i.eMBRTUStop)
    eMBRegCoilsCB                            0x08003e49   Thumb Code   154  user_mb_app.o(i.eMBRegCoilsCB)
    eMBRegDiscreteCB                         0x08003ee9   Thumb Code   112  user_mb_app.o(i.eMBRegDiscreteCB)
    eMBRegHoldingCB                          0x08003f5d   Thumb Code   104  user_mb_app.o(i.eMBRegHoldingCB)
    eMBRegInputCB                            0x08003fcd   Thumb Code    66  user_mb_app.o(i.eMBRegInputCB)
    fputc                                    0x08004019   Thumb Code    20  bsp_usart_fputc.o(i.fputc)
    main                                     0x08004031   Thumb Code    60  main.o(i.main)
    osDelay                                  0x08004071   Thumb Code    46  cmsis_os2.o(i.osDelay)
    osEventFlagsClear                        0x080040a5   Thumb Code    82  cmsis_os2.o(i.osEventFlagsClear)
    osEventFlagsNew                          0x080040fd   Thumb Code    64  cmsis_os2.o(i.osEventFlagsNew)
    osEventFlagsSet                          0x08004141   Thumb Code    98  cmsis_os2.o(i.osEventFlagsSet)
    osEventFlagsWait                         0x080041ad   Thumb Code   118  cmsis_os2.o(i.osEventFlagsWait)
    osKernelInitialize                       0x08004229   Thumb Code    48  cmsis_os2.o(i.osKernelInitialize)
    osKernelStart                            0x0800425d   Thumb Code    56  cmsis_os2.o(i.osKernelStart)
    osSemaphoreNew                           0x08004299   Thumb Code   172  cmsis_os2.o(i.osSemaphoreNew)
    osSemaphoreRelease                       0x08004349   Thumb Code   104  cmsis_os2.o(i.osSemaphoreRelease)
    osThreadNew                              0x080043b9   Thumb Code   158  cmsis_os2.o(i.osThreadNew)
    prveMBError2Exception                    0x08004c53   Thumb Code    24  mbutils.o(i.prveMBError2Exception)
    pvPortMalloc                             0x08004c6d   Thumb Code   210  heap_4.o(i.pvPortMalloc)
    pxPortInitialiseStack                    0x08004d45   Thumb Code    40  port.o(i.pxPortInitialiseStack)
    ucMBMasterGetDestAddress                 0x08004de1   Thumb Code     6  mb_m.o(i.ucMBMasterGetDestAddress)
    usMBCRC16                                0x08004ded   Thumb Code    40  mbcrc.o(i.usMBCRC16)
    usMBMasterGetPDUSndLength                0x08004e19   Thumb Code     6  mbrtu_m.o(i.usMBMasterGetPDUSndLength)
    uxListRemove                             0x08004e25   Thumb Code    38  list.o(i.uxListRemove)
    uxTaskResetEventItemValue                0x08004e4d   Thumb Code    20  tasks.o(i.uxTaskResetEventItemValue)
    vApplicationGetIdleTaskMemory            0x08004e65   Thumb Code    16  cmsis_os2.o(i.vApplicationGetIdleTaskMemory)
    vApplicationGetTimerTaskMemory           0x08004e79   Thumb Code    18  cmsis_os2.o(i.vApplicationGetTimerTaskMemory)
    vEventGroupClearBitsCallback             0x08004e91   Thumb Code     4  event_groups.o(i.vEventGroupClearBitsCallback)
    vEventGroupSetBitsCallback               0x08004e95   Thumb Code     4  event_groups.o(i.vEventGroupSetBitsCallback)
    vListInitialise                          0x08004e99   Thumb Code    22  list.o(i.vListInitialise)
    vListInitialiseItem                      0x08004eaf   Thumb Code     6  list.o(i.vListInitialiseItem)
    vListInsert                              0x08004eb5   Thumb Code    48  list.o(i.vListInsert)
    vListInsertEnd                           0x08004ee5   Thumb Code    24  list.o(i.vListInsertEnd)
    vMBMasterCBRequestScuuess                0x08004efd   Thumb Code    10  portevent_m.o(i.vMBMasterCBRequestScuuess)
    vMBMasterErrorCBExecuteFunction          0x08004f0d   Thumb Code    12  portevent_m.o(i.vMBMasterErrorCBExecuteFunction)
    vMBMasterErrorCBReceiveData              0x08004f1d   Thumb Code    10  portevent_m.o(i.vMBMasterErrorCBReceiveData)
    vMBMasterErrorCBRespondTimeout           0x08004f2d   Thumb Code    10  portevent_m.o(i.vMBMasterErrorCBRespondTimeout)
    vMBMasterGetPDUSndBuf                    0x08004f3d   Thumb Code     6  mbrtu_m.o(i.vMBMasterGetPDUSndBuf)
    vMBMasterOsResInit                       0x08004f49   Thumb Code    18  portevent_m.o(i.vMBMasterOsResInit)
    vMBMasterPortSerialEnable                0x08004f65   Thumb Code    80  portserial_m.o(i.vMBMasterPortSerialEnable)
    vMBMasterPortTimersConvertDelayEnable    0x08004fbd   Thumb Code    40  porttimer_m.o(i.vMBMasterPortTimersConvertDelayEnable)
    vMBMasterPortTimersDisable               0x08004fe9   Thumb Code    32  porttimer_m.o(i.vMBMasterPortTimersDisable)
    vMBMasterPortTimersRespondTimeoutEnable  0x0800500d   Thumb Code    40  porttimer_m.o(i.vMBMasterPortTimersRespondTimeoutEnable)
    vMBMasterPortTimersT35Enable             0x08005039   Thumb Code    54  porttimer_m.o(i.vMBMasterPortTimersT35Enable)
    vMBMasterRunResRelease                   0x08005075   Thumb Code     8  portevent_m.o(i.vMBMasterRunResRelease)
    vMBMasterSetCurTimerMode                 0x08005081   Thumb Code     6  mbrtu_m.o(i.vMBMasterSetCurTimerMode)
    vMBMasterSetErrorType                    0x0800508d   Thumb Code     6  mb_m.o(i.vMBMasterSetErrorType)
    vMBPortSerialEnable                      0x08005099   Thumb Code   178  portserial.o(i.vMBPortSerialEnable)
    vMBPortTimersDisable                     0x08005175   Thumb Code    32  porttimer.o(i.vMBPortTimersDisable)
    vMBPortTimersEnable                      0x08005199   Thumb Code    46  porttimer.o(i.vMBPortTimersEnable)
    vPortEnterCritical                       0x080051cd   Thumb Code    54  port.o(i.vPortEnterCritical)
    vPortExitCritical                        0x0800520d   Thumb Code    34  port.o(i.vPortExitCritical)
    vPortFree                                0x08005235   Thumb Code    88  heap_4.o(i.vPortFree)
    vPortSetupTimerInterrupt                 0x08005291   Thumb Code    32  port.o(i.vPortSetupTimerInterrupt)
    vPortValidateInterruptPriority           0x080052b5   Thumb Code    74  port.o(i.vPortValidateInterruptPriority)
    vQueueAddToRegistry                      0x08005309   Thumb Code    34  queue.o(i.vQueueAddToRegistry)
    vQueueDelete                             0x08005331   Thumb Code    46  queue.o(i.vQueueDelete)
    vQueueUnregisterQueue                    0x08005361   Thumb Code    36  queue.o(i.vQueueUnregisterQueue)
    vQueueWaitForMessageRestricted           0x08005389   Thumb Code    68  queue.o(i.vQueueWaitForMessageRestricted)
    vTaskDelay                               0x080053cd   Thumb Code    66  tasks.o(i.vTaskDelay)
    vTaskInternalSetTimeOutState             0x08005419   Thumb Code    12  tasks.o(i.vTaskInternalSetTimeOutState)
    vTaskMissedYield                         0x08005429   Thumb Code     8  tasks.o(i.vTaskMissedYield)
    vTaskPlaceOnEventList                    0x08005435   Thumb Code    44  tasks.o(i.vTaskPlaceOnEventList)
    vTaskPlaceOnEventListRestricted          0x08005465   Thumb Code    52  tasks.o(i.vTaskPlaceOnEventListRestricted)
    vTaskPlaceOnUnorderedEventList           0x0800549d   Thumb Code    76  tasks.o(i.vTaskPlaceOnUnorderedEventList)
    vTaskRemoveFromUnorderedEventList        0x080054ed   Thumb Code   102  tasks.o(i.vTaskRemoveFromUnorderedEventList)
    vTaskStartScheduler                      0x0800555d   Thumb Code   118  tasks.o(i.vTaskStartScheduler)
    vTaskSuspendAll                          0x080055e5   Thumb Code    10  tasks.o(i.vTaskSuspendAll)
    vTaskSwitchContext                       0x080055f5   Thumb Code    90  tasks.o(i.vTaskSwitchContext)
    xEventGroupClearBits                     0x08005659   Thumb Code    64  event_groups.o(i.xEventGroupClearBits)
    xEventGroupClearBitsFromISR              0x08005699   Thumb Code    12  event_groups.o(i.xEventGroupClearBitsFromISR)
    xEventGroupCreate                        0x080056a9   Thumb Code    28  event_groups.o(i.xEventGroupCreate)
    xEventGroupCreateStatic                  0x080056c5   Thumb Code    44  event_groups.o(i.xEventGroupCreateStatic)
    xEventGroupGetBitsFromISR                0x080056f1   Thumb Code    26  event_groups.o(i.xEventGroupGetBitsFromISR)
    xEventGroupSetBits                       0x0800570b   Thumb Code   140  event_groups.o(i.xEventGroupSetBits)
    xEventGroupSetBitsFromISR                0x08005799   Thumb Code    12  event_groups.o(i.xEventGroupSetBitsFromISR)
    xEventGroupWaitBits                      0x080057a9   Thumb Code   260  event_groups.o(i.xEventGroupWaitBits)
    xMBMasterPortEventGet                    0x080058b1   Thumb Code    54  portevent_m.o(i.xMBMasterPortEventGet)
    xMBMasterPortEventInit                   0x080058ed   Thumb Code    16  portevent_m.o(i.xMBMasterPortEventInit)
    xMBMasterPortEventPost                   0x08005901   Thumb Code    16  portevent_m.o(i.xMBMasterPortEventPost)
    xMBMasterPortSerialGetByte               0x08005915   Thumb Code    16  portserial_m.o(i.xMBMasterPortSerialGetByte)
    xMBMasterPortSerialInit                  0x08005929   Thumb Code   152  portserial_m.o(i.xMBMasterPortSerialInit)
    xMBMasterPortSerialPutByte               0x080059e9   Thumb Code    20  portserial_m.o(i.xMBMasterPortSerialPutByte)
    xMBMasterPortTimersInit                  0x08005a01   Thumb Code    40  porttimer_m.o(i.xMBMasterPortTimersInit)
    xMBMasterRTUReceiveFSM                   0x08005a41   Thumb Code    94  mbrtu_m.o(i.xMBMasterRTUReceiveFSM)
    xMBMasterRTUTimerExpired                 0x08005aa9   Thumb Code    94  mbrtu_m.o(i.xMBMasterRTUTimerExpired)
    xMBMasterRTUTransmitFSM                  0x08005b0d   Thumb Code    96  mbrtu_m.o(i.xMBMasterRTUTransmitFSM)
    xMBMasterRequestIsBroadcast              0x08005b75   Thumb Code     6  mbrtu_m.o(i.xMBMasterRequestIsBroadcast)
    xMBPortEventGet                          0x08005b81   Thumb Code    42  portevent.o(i.xMBPortEventGet)
    xMBPortEventInit                         0x08005bb1   Thumb Code    16  portevent.o(i.xMBPortEventInit)
    xMBPortEventPost                         0x08005bc5   Thumb Code    16  portevent.o(i.xMBPortEventPost)
    xMBPortSerialGetByte                     0x08005bd9   Thumb Code    16  portserial.o(i.xMBPortSerialGetByte)
    xMBPortSerialInit                        0x08005bed   Thumb Code   150  portserial.o(i.xMBPortSerialInit)
    xMBPortSerialPutByte                     0x08005ca9   Thumb Code    20  portserial.o(i.xMBPortSerialPutByte)
    xMBPortTimersInit                        0x08005cc1   Thumb Code    38  porttimer.o(i.xMBPortTimersInit)
    xMBRTUReceiveFSM                         0x08005cfd   Thumb Code    88  mbrtu.o(i.xMBRTUReceiveFSM)
    xMBRTUTimerT35Expired                    0x08005d5d   Thumb Code    36  mbrtu.o(i.xMBRTUTimerT35Expired)
    xMBRTUTransmitFSM                        0x08005d85   Thumb Code    76  mbrtu.o(i.xMBRTUTransmitFSM)
    xMBUtilGetBits                           0x08005dd5   Thumb Code    34  mbutils.o(i.xMBUtilGetBits)
    xMBUtilSetBits                           0x08005df7   Thumb Code    42  mbutils.o(i.xMBUtilSetBits)
    xPortStartScheduler                      0x08005e21   Thumb Code   222  port.o(i.xPortStartScheduler)
    xQueueCreateCountingSemaphore            0x08005f15   Thumb Code    58  queue.o(i.xQueueCreateCountingSemaphore)
    xQueueCreateCountingSemaphoreStatic      0x08005f4f   Thumb Code    64  queue.o(i.xQueueCreateCountingSemaphoreStatic)
    xQueueGenericCreate                      0x08005f8f   Thumb Code    72  queue.o(i.xQueueGenericCreate)
    xQueueGenericCreateStatic                0x08005fd7   Thumb Code   102  queue.o(i.xQueueGenericCreateStatic)
    xQueueGenericReset                       0x0800603d   Thumb Code   132  queue.o(i.xQueueGenericReset)
    xQueueGenericSend                        0x080060c5   Thumb Code   346  queue.o(i.xQueueGenericSend)
    xQueueGenericSendFromISR                 0x08006225   Thumb Code   188  queue.o(i.xQueueGenericSendFromISR)
    xQueueGiveFromISR                        0x080062e1   Thumb Code   156  queue.o(i.xQueueGiveFromISR)
    xQueueReceive                            0x0800637d   Thumb Code   308  queue.o(i.xQueueReceive)
    xTaskCheckForTimeOut                     0x080064b5   Thumb Code   112  tasks.o(i.xTaskCheckForTimeOut)
    xTaskCreate                              0x08006529   Thumb Code    90  tasks.o(i.xTaskCreate)
    xTaskCreateStatic                        0x08006583   Thumb Code    86  tasks.o(i.xTaskCreateStatic)
    xTaskGetSchedulerState                   0x080065d9   Thumb Code    22  tasks.o(i.xTaskGetSchedulerState)
    xTaskGetTickCount                        0x080065f5   Thumb Code     6  tasks.o(i.xTaskGetTickCount)
    xTaskGetTickCountFromISR                 0x08006601   Thumb Code    12  tasks.o(i.xTaskGetTickCountFromISR)
    xTaskIncrementTick                       0x08006611   Thumb Code   190  tasks.o(i.xTaskIncrementTick)
    xTaskPriorityDisinherit                  0x080066d9   Thumb Code   118  tasks.o(i.xTaskPriorityDisinherit)
    xTaskRemoveFromEventList                 0x08006759   Thumb Code    98  tasks.o(i.xTaskRemoveFromEventList)
    xTaskResumeAll                           0x080067c9   Thumb Code   182  tasks.o(i.xTaskResumeAll)
    xTimerCreate                             0x0800688d   Thumb Code    52  timers.o(i.xTimerCreate)
    xTimerCreateTimerTask                    0x080068c1   Thumb Code    78  timers.o(i.xTimerCreateTimerTask)
    xTimerGenericCommand                     0x08006921   Thumb Code    98  timers.o(i.xTimerGenericCommand)
    xTimerPendFunctionCallFromISR            0x08006989   Thumb Code    34  timers.o(i.xTimerPendFunctionCallFromISR)
    MasterTask_attributes                    0x080069b0   Data          36  freertos.o(.constdata)
    SlaveTask_attributes                     0x080069d4   Data          36  freertos.o(.constdata)
    SYSTask_attributes                       0x080069f8   Data          36  freertos.o(.constdata)
    AHBPrescTable                            0x08006a38   Data          16  system_stm32f4xx.o(.constdata)
    APBPrescTable                            0x08006a48   Data           8  system_stm32f4xx.o(.constdata)
    xMasterRunRes_attributes                 0x08006c50   Data          16  portevent_m.o(.constdata)
    Region$$Table$$Base                      0x08006c90   Number         0  anon$$obj.o(Region$$Table)
    Region$$Table$$Limit                     0x08006cb0   Number         0  anon$$obj.o(Region$$Table)
    MasterTaskHandle                         0x20000000   Data           4  freertos.o(.data)
    SlaveTaskHandle                          0x20000004   Data           4  freertos.o(.data)
    SYSTaskHandle                            0x20000008   Data           4  freertos.o(.data)
    uwTickFreq                               0x2000000c   Data           1  stm32f4xx_hal.o(.data)
    uwTickPrio                               0x20000010   Data           4  stm32f4xx_hal.o(.data)
    uwTick                                   0x20000014   Data           4  stm32f4xx_hal.o(.data)
    SystemCoreClock                          0x20000018   Data           4  system_stm32f4xx.o(.data)
    pxCurrentTCB                             0x2000001c   Data           4  tasks.o(.data)
    pxMBFrameCBByteReceived                  0x200000c4   Data           4  mb.o(.data)
    pxMBFrameCBTransmitterEmpty              0x200000c8   Data           4  mb.o(.data)
    pxMBPortCBTimerExpired                   0x200000cc   Data           4  mb.o(.data)
    usSDiscInStart                           0x20000150   Data           2  user_mb_app.o(.data)
    usSCoilStart                             0x20000152   Data           2  user_mb_app.o(.data)
    usSRegInStart                            0x20000154   Data           2  user_mb_app.o(.data)
    usSRegHoldStart                          0x20000156   Data           2  user_mb_app.o(.data)
    ucSDiscInBuf                             0x20000158   Data           2  user_mb_app.o(.data)
    ucSCoilBuf                               0x2000015a   Data           8  user_mb_app.o(.data)
    usMDiscInStart                           0x20000180   Data           2  user_mb_app_m.o(.data)
    usMCoilStart                             0x20000182   Data           2  user_mb_app_m.o(.data)
    usMRegInStart                            0x20000184   Data           2  user_mb_app_m.o(.data)
    usMRegHoldStart                          0x20000186   Data           2  user_mb_app_m.o(.data)
    ucMDiscInBuf                             0x20000188   Data           2  user_mb_app_m.o(.data)
    ucMCoilBuf                               0x2000018a   Data           8  user_mb_app_m.o(.data)
    pxMBMasterFrameCBByteReceived            0x200001ec   Data           4  mb_m.o(.data)
    pxMBMasterFrameCBTransmitterEmpty        0x200001f0   Data           4  mb_m.o(.data)
    pxMBMasterPortCBTimerExpired             0x200001f4   Data           4  mb_m.o(.data)
    __stdout                                 0x20000278   Data           4  stdout.o(.data)
    hi2c1                                    0x2000027c   Data          84  i2c.o(.bss)
    hspi1                                    0x200002d0   Data          88  spi.o(.bss)
    htim7                                    0x20000328   Data          64  tim.o(.bss)
    huart1                                   0x20000368   Data         108  usart.o(.bss)
    huart2                                   0x200003d4   Data         108  usart.o(.bss)
    huart3                                   0x20000440   Data         108  usart.o(.bss)
    hdma_usart2_rx                           0x200004ac   Data          96  usart.o(.bss)
    hdma_usart2_tx                           0x2000050c   Data          96  usart.o(.bss)
    htim6                                    0x2000056c   Data          64  stm32f4xx_hal_timebase_tim.o(.bss)
    xQueueRegistry                           0x200005ac   Data          64  queue.o(.bss)
    ucRTUBuf                                 0x20004ea0   Data         256  mbrtu.o(.bss)
    usSRegInBuf                              0x20004fa0   Data         200  user_mb_app.o(.bss)
    usSRegHoldBuf                            0x20005068   Data         200  user_mb_app.o(.bss)
    usMRegInBuf                              0x2000523a   Data         200  user_mb_app_m.o(.bss)
    usMRegHoldBuf                            0x20005302   Data         200  user_mb_app_m.o(.bss)
    __initial_sp                             0x20005ed0   Data           0  startup_stm32f407xx.o(STACK)



==============================================================================

Memory Map of the image

  Image Entry point : 0x08000189

  Load Region LR_IROM1 (Base: 0x08000000, Size: 0x00006f2c, Max: 0x00080000, ABSOLUTE, COMPRESSED[0x00006d38])

    Execution Region ER_IROM1 (Exec base: 0x08000000, Load base: 0x08000000, Size: 0x00006cb0, Max: 0x00080000, ABSOLUTE)

    Exec Addr    Load Addr    Size         Type   Attr      Idx    E Section Name        Object

    0x08000000   0x08000000   0x00000188   Data   RO            3    RESET               startup_stm32f407xx.o
    0x08000188   0x08000188   0x00000000   Code   RO         6908  * .ARM.Collect$$$$00000000  mc_w.l(entry.o)
    0x08000188   0x08000188   0x00000004   Code   RO         7184    .ARM.Collect$$$$00000001  mc_w.l(entry2.o)
    0x0800018c   0x0800018c   0x00000004   Code   RO         7187    .ARM.Collect$$$$00000004  mc_w.l(entry5.o)
    0x08000190   0x08000190   0x00000000   Code   RO         7189    .ARM.Collect$$$$00000008  mc_w.l(entry7b.o)
    0x08000190   0x08000190   0x00000000   Code   RO         7191    .ARM.Collect$$$$0000000A  mc_w.l(entry8b.o)
    0x08000190   0x08000190   0x00000008   Code   RO         7192    .ARM.Collect$$$$0000000B  mc_w.l(entry9a.o)
    0x08000198   0x08000198   0x00000000   Code   RO         7194    .ARM.Collect$$$$0000000D  mc_w.l(entry10a.o)
    0x08000198   0x08000198   0x00000000   Code   RO         7196    .ARM.Collect$$$$0000000F  mc_w.l(entry11a.o)
    0x08000198   0x08000198   0x00000004   Code   RO         7185    .ARM.Collect$$$$00002712  mc_w.l(entry2.o)
    0x0800019c   0x0800019c   0x000000be   Code   RO         5532    .emb_text           port.o
    0x0800025a   0x0800025a   0x00000002   PAD
    0x0800025c   0x0800025c   0x00000024   Code   RO            4    .text               startup_stm32f407xx.o
    0x08000280   0x08000280   0x00000062   Code   RO         6911    .text               mc_w.l(uldiv.o)
    0x080002e2   0x080002e2   0x00000024   Code   RO         6913    .text               mc_w.l(memcpya.o)
    0x08000306   0x08000306   0x00000024   Code   RO         6917    .text               mc_w.l(memseta.o)
    0x0800032a   0x0800032a   0x00000026   Code   RO         7182    .text               mf_w.l(f2d.o)
    0x08000350   0x08000350   0x0000002c   Code   RO         7199    .text               mc_w.l(uidiv.o)
    0x0800037c   0x0800037c   0x0000001e   Code   RO         7201    .text               mc_w.l(llshl.o)
    0x0800039a   0x0800039a   0x00000020   Code   RO         7203    .text               mc_w.l(llushr.o)
    0x080003ba   0x080003ba   0x00000000   Code   RO         7205    .text               mc_w.l(iusefp.o)
    0x080003ba   0x080003ba   0x0000014e   Code   RO         7206    .text               mf_w.l(dadd.o)
    0x08000508   0x08000508   0x000000e4   Code   RO         7208    .text               mf_w.l(dmul.o)
    0x080005ec   0x080005ec   0x000000de   Code   RO         7210    .text               mf_w.l(ddiv.o)
    0x080006ca   0x080006ca   0x00000030   Code   RO         7212    .text               mf_w.l(dfixul.o)
    0x080006fa   0x080006fa   0x00000002   PAD
    0x080006fc   0x080006fc   0x00000030   Code   RO         7214    .text               mf_w.l(cdrcmple.o)
    0x0800072c   0x0800072c   0x00000024   Code   RO         7216    .text               mc_w.l(init.o)
    0x08000750   0x08000750   0x00000024   Code   RO         7218    .text               mc_w.l(llsshr.o)
    0x08000774   0x08000774   0x000000ba   Code   RO         7220    .text               mf_w.l(depilogue.o)
    0x0800082e   0x0800082e   0x00000056   Code   RO         7230    .text               mc_w.l(__dczerorl2.o)
    0x08000884   0x08000884   0x00000002   Code   RO          600    i.BusFault_Handler  stm32f4xx_it.o
    0x08000886   0x08000886   0x00000002   PAD
    0x08000888   0x08000888   0x0000000c   Code   RO          601    i.DMA1_Stream5_IRQHandler  stm32f4xx_it.o
    0x08000894   0x08000894   0x0000000c   Code   RO          602    i.DMA1_Stream6_IRQHandler  stm32f4xx_it.o
    0x080008a0   0x080008a0   0x00000028   Code   RO         1222    i.DMA_CalcBaseAndBitshift  stm32f4xx_hal_dma.o
    0x080008c8   0x080008c8   0x00000054   Code   RO         1223    i.DMA_CheckFifoParam  stm32f4xx_hal_dma.o
    0x0800091c   0x0800091c   0x00000002   Code   RO          603    i.DebugMon_Handler  stm32f4xx_it.o
    0x0800091e   0x0800091e   0x00000004   Code   RO         6016    i.EnterCriticalSection  port_1.o
    0x08000922   0x08000922   0x00000002   Code   RO          163    i.Error_Handler     main.o
    0x08000924   0x08000924   0x00000004   Code   RO         6017    i.ExitCriticalSection  port_1.o
    0x08000928   0x08000928   0x00000050   Code   RO         6018    i.Get_from_fifo     port_1.o
    0x08000978   0x08000978   0x00000024   Code   RO         1226    i.HAL_DMA_Abort_IT  stm32f4xx_hal_dma.o
    0x0800099c   0x0800099c   0x000001a0   Code   RO         1230    i.HAL_DMA_IRQHandler  stm32f4xx_hal_dma.o
    0x08000b3c   0x08000b3c   0x000000d4   Code   RO         1231    i.HAL_DMA_Init      stm32f4xx_hal_dma.o
    0x08000c10   0x08000c10   0x000001b8   Code   RO         1118    i.HAL_GPIO_Init     stm32f4xx_hal_gpio.o
    0x08000dc8   0x08000dc8   0x0000000e   Code   RO         1121    i.HAL_GPIO_TogglePin  stm32f4xx_hal_gpio.o
    0x08000dd6   0x08000dd6   0x0000000a   Code   RO         1122    i.HAL_GPIO_WritePin  stm32f4xx_hal_gpio.o
    0x08000de0   0x08000de0   0x0000000c   Code   RO         1650    i.HAL_GetTick       stm32f4xx_hal.o
    0x08000dec   0x08000dec   0x00000188   Code   RO         1906    i.HAL_I2C_Init      stm32f4xx_hal_i2c.o
    0x08000f74   0x08000f74   0x00000068   Code   RO          421    i.HAL_I2C_MspInit   i2c.o
    0x08000fdc   0x08000fdc   0x00000010   Code   RO         1656    i.HAL_IncTick       stm32f4xx_hal.o
    0x08000fec   0x08000fec   0x00000034   Code   RO         1657    i.HAL_Init          stm32f4xx_hal.o
    0x08001020   0x08001020   0x00000074   Code   RO          724    i.HAL_InitTick      stm32f4xx_hal_timebase_tim.o
    0x08001094   0x08001094   0x00000038   Code   RO          700    i.HAL_MspInit       stm32f4xx_hal_msp.o
    0x080010cc   0x080010cc   0x0000001a   Code   RO         1507    i.HAL_NVIC_EnableIRQ  stm32f4xx_hal_cortex.o
    0x080010e6   0x080010e6   0x00000002   PAD
    0x080010e8   0x080010e8   0x00000040   Code   RO         1513    i.HAL_NVIC_SetPriority  stm32f4xx_hal_cortex.o
    0x08001128   0x08001128   0x00000024   Code   RO         1514    i.HAL_NVIC_SetPriorityGrouping  stm32f4xx_hal_cortex.o
    0x0800114c   0x0800114c   0x00000134   Code   RO          764    i.HAL_RCC_ClockConfig  stm32f4xx_hal_rcc.o
    0x08001280   0x08001280   0x00000040   Code   RO          768    i.HAL_RCC_GetClockConfig  stm32f4xx_hal_rcc.o
    0x080012c0   0x080012c0   0x00000020   Code   RO          771    i.HAL_RCC_GetPCLK1Freq  stm32f4xx_hal_rcc.o
    0x080012e0   0x080012e0   0x00000020   Code   RO          772    i.HAL_RCC_GetPCLK2Freq  stm32f4xx_hal_rcc.o
    0x08001300   0x08001300   0x00000060   Code   RO          773    i.HAL_RCC_GetSysClockFreq  stm32f4xx_hal_rcc.o
    0x08001360   0x08001360   0x0000035c   Code   RO          776    i.HAL_RCC_OscConfig  stm32f4xx_hal_rcc.o
    0x080016bc   0x080016bc   0x00000002   Code   RO         2347    i.HAL_SPI_ErrorCallback  stm32f4xx_hal_spi.o
    0x080016be   0x080016be   0x00000002   PAD
    0x080016c0   0x080016c0   0x000000fc   Code   RO         2350    i.HAL_SPI_IRQHandler  stm32f4xx_hal_spi.o
    0x080017bc   0x080017bc   0x00000080   Code   RO         2351    i.HAL_SPI_Init      stm32f4xx_hal_spi.o
    0x0800183c   0x0800183c   0x00000078   Code   RO          463    i.HAL_SPI_MspInit   spi.o
    0x080018b4   0x080018b4   0x00000002   Code   RO         3339    i.HAL_TIMEx_BreakCallback  stm32f4xx_hal_tim_ex.o
    0x080018b6   0x080018b6   0x00000002   Code   RO         3340    i.HAL_TIMEx_CommutCallback  stm32f4xx_hal_tim_ex.o
    0x080018b8   0x080018b8   0x00000090   Code   RO         3357    i.HAL_TIMEx_MasterConfigSynchronization  stm32f4xx_hal_tim_ex.o
    0x08001948   0x08001948   0x00000036   Code   RO         2664    i.HAL_TIM_Base_Init  stm32f4xx_hal_tim.o
    0x0800197e   0x0800197e   0x00000002   PAD
    0x08001980   0x08001980   0x0000003c   Code   RO          505    i.HAL_TIM_Base_MspInit  tim.o
    0x080019bc   0x080019bc   0x00000024   Code   RO         2667    i.HAL_TIM_Base_Start  stm32f4xx_hal_tim.o
    0x080019e0   0x080019e0   0x00000022   Code   RO         2669    i.HAL_TIM_Base_Start_IT  stm32f4xx_hal_tim.o
    0x08001a02   0x08001a02   0x00000002   Code   RO         2693    i.HAL_TIM_IC_CaptureCallback  stm32f4xx_hal_tim.o
    0x08001a04   0x08001a04   0x00000166   Code   RO         2707    i.HAL_TIM_IRQHandler  stm32f4xx_hal_tim.o
    0x08001b6a   0x08001b6a   0x00000002   Code   RO         2710    i.HAL_TIM_OC_DelayElapsedCallback  stm32f4xx_hal_tim.o
    0x08001b6c   0x08001b6c   0x00000002   Code   RO         2737    i.HAL_TIM_PWM_PulseFinishedCallback  stm32f4xx_hal_tim.o
    0x08001b6e   0x08001b6e   0x00000002   PAD
    0x08001b70   0x08001b70   0x00000014   Code   RO          164    i.HAL_TIM_PeriodElapsedCallback  main.o
    0x08001b84   0x08001b84   0x00000002   Code   RO         2750    i.HAL_TIM_TriggerCallback  stm32f4xx_hal_tim.o
    0x08001b86   0x08001b86   0x00000002   Code   RO         3599    i.HAL_UART_AbortCpltCallback  stm32f4xx_hal_uart.o
    0x08001b88   0x08001b88   0x00000002   Code   RO         3601    i.HAL_UART_AbortReceiveCpltCallback  stm32f4xx_hal_uart.o
    0x08001b8a   0x08001b8a   0x00000002   Code   RO         3604    i.HAL_UART_AbortTransmitCpltCallback  stm32f4xx_hal_uart.o
    0x08001b8c   0x08001b8c   0x00000002   Code   RO         3611    i.HAL_UART_ErrorCallback  stm32f4xx_hal_uart.o
    0x08001b8e   0x08001b8e   0x00000002   PAD
    0x08001b90   0x08001b90   0x00000074   Code   RO         3615    i.HAL_UART_Init     stm32f4xx_hal_uart.o
    0x08001c04   0x08001c04   0x0000018c   Code   RO          547    i.HAL_UART_MspInit  usart.o
    0x08001d90   0x08001d90   0x0000008e   Code   RO         3621    i.HAL_UART_RegisterCallback  stm32f4xx_hal_uart.o
    0x08001e1e   0x08001e1e   0x00000002   Code   RO         3622    i.HAL_UART_RxCpltCallback  stm32f4xx_hal_uart.o
    0x08001e20   0x08001e20   0x00000002   Code   RO         3623    i.HAL_UART_RxHalfCpltCallback  stm32f4xx_hal_uart.o
    0x08001e22   0x08001e22   0x000000ba   Code   RO         3624    i.HAL_UART_Transmit  stm32f4xx_hal_uart.o
    0x08001edc   0x08001edc   0x00000002   Code   RO         3627    i.HAL_UART_TxCpltCallback  stm32f4xx_hal_uart.o
    0x08001ede   0x08001ede   0x00000002   Code   RO         3628    i.HAL_UART_TxHalfCpltCallback  stm32f4xx_hal_uart.o
    0x08001ee0   0x08001ee0   0x00000002   Code   RO          604    i.HardFault_Handler  stm32f4xx_it.o
    0x08001ee2   0x08001ee2   0x0000000e   Code   RO         6052    i.IS_IRQ            port_1.o
    0x08001ef0   0x08001ef0   0x0000003c   Code   RO          396    i.MX_DMA_Init       dma.o
    0x08001f2c   0x08001f2c   0x00000044   Code   RO          283    i.MX_FREERTOS_Init  freertos.o
    0x08001f70   0x08001f70   0x000000dc   Code   RO          259    i.MX_GPIO_Init      gpio.o
    0x0800204c   0x0800204c   0x00000040   Code   RO          422    i.MX_I2C1_Init      i2c.o
    0x0800208c   0x0800208c   0x00000048   Code   RO          464    i.MX_SPI1_Init      spi.o
    0x080020d4   0x080020d4   0x00000048   Code   RO          506    i.MX_TIM7_Init      tim.o
    0x0800211c   0x0800211c   0x00000038   Code   RO          548    i.MX_USART1_UART_Init  usart.o
    0x08002154   0x08002154   0x00000038   Code   RO          549    i.MX_USART2_UART_Init  usart.o
    0x0800218c   0x0800218c   0x00000038   Code   RO          550    i.MX_USART3_UART_Init  usart.o
    0x080021c4   0x080021c4   0x0000001a   Code   RO          284    i.MasterTask        freertos.o
    0x080021de   0x080021de   0x00000002   PAD
    0x080021e0   0x080021e0   0x00000040   Code   RO         6413    i.Master_RxCpltCallback  portserial_m.o
    0x08002220   0x08002220   0x00000002   Code   RO          605    i.MemManage_Handler  stm32f4xx_it.o
    0x08002222   0x08002222   0x00000002   Code   RO          606    i.NMI_Handler       stm32f4xx_it.o
    0x08002224   0x08002224   0x00000050   Code   RO         6019    i.Put_in_fifo       port_1.o
    0x08002274   0x08002274   0x0000000c   Code   RO          607    i.SPI1_IRQHandler   stm32f4xx_it.o
    0x08002280   0x08002280   0x00000010   Code   RO         2378    i.SPI_DMAAbortOnError  stm32f4xx_hal_spi.o
    0x08002290   0x08002290   0x0000001e   Code   RO          285    i.SlaveTask         freertos.o
    0x080022ae   0x080022ae   0x00000002   PAD
    0x080022b0   0x080022b0   0x00000048   Code   RO         6168    i.Slave_RxCpltCallback  portserial.o
    0x080022f8   0x080022f8   0x0000002c   Code   RO          286    i.StartSYSTask      freertos.o
    0x08002324   0x08002324   0x0000002c   Code   RO         5533    i.SysTick_Handler   port.o
    0x08002350   0x08002350   0x00000084   Code   RO          165    i.SystemClock_Config  main.o
    0x080023d4   0x080023d4   0x0000001c   Code   RO         3935    i.SystemInit        system_stm32f4xx.o
    0x080023f0   0x080023f0   0x0000000c   Code   RO          608    i.TIM6_DAC_IRQHandler  stm32f4xx_it.o
    0x080023fc   0x080023fc   0x0000000c   Code   RO          609    i.TIM7_IRQHandler   stm32f4xx_it.o
    0x08002408   0x08002408   0x000000c8   Code   RO         2752    i.TIM_Base_SetConfig  stm32f4xx_hal_tim.o
    0x080024d0   0x080024d0   0x00000044   Code   RO         3642    i.UART_InitCallbacksToDefault  stm32f4xx_hal_uart.o
    0x08002514   0x08002514   0x00000128   Code   RO         3644    i.UART_SetConfig    stm32f4xx_hal_uart.o
    0x0800263c   0x0800263c   0x00000064   Code   RO         3646    i.UART_WaitOnFlagUntilTimeout  stm32f4xx_hal_uart.o
    0x080026a0   0x080026a0   0x0000003c   Code   RO          610    i.USART2_IRQHandler  stm32f4xx_it.o
    0x080026dc   0x080026dc   0x0000003c   Code   RO          611    i.USART3_IRQHandler  stm32f4xx_it.o
    0x08002718   0x08002718   0x00000002   Code   RO          612    i.UsageFault_Handler  stm32f4xx_it.o
    0x0800271a   0x0800271a   0x00000002   PAD
    0x0800271c   0x0800271c   0x00000020   Code   RO         7154    i.__0printf         mc_w.l(printfa.o)
    0x0800273c   0x0800273c   0x00000020   Code   RO         1520    i.__NVIC_SetPriority  stm32f4xx_hal_cortex.o
    0x0800275c   0x0800275c   0x0000000e   Code   RO         7224    i.__scatterload_copy  mc_w.l(handlers.o)
    0x0800276a   0x0800276a   0x00000002   Code   RO         7225    i.__scatterload_null  mc_w.l(handlers.o)
    0x0800276c   0x0800276c   0x0000000e   Code   RO         7226    i.__scatterload_zeroinit  mc_w.l(handlers.o)
    0x0800277a   0x0800277a   0x00000002   PAD
    0x0800277c   0x0800277c   0x00000184   Code   RO         7161    i._fp_digits        mc_w.l(printfa.o)
    0x08002900   0x08002900   0x000006dc   Code   RO         7162    i._printf_core      mc_w.l(printfa.o)
    0x08002fdc   0x08002fdc   0x00000024   Code   RO         7163    i._printf_post_padding  mc_w.l(printfa.o)
    0x08003000   0x08003000   0x0000002e   Code   RO         7164    i._printf_pre_padding  mc_w.l(printfa.o)
    0x0800302e   0x0800302e   0x00000002   PAD
    0x08003030   0x08003030   0x00000020   Code   RO         5952    i.eMBEnable         mb.o
    0x08003050   0x08003050   0x00000072   Code   RO         5643    i.eMBFuncReadCoils  mbfunccoils.o
    0x080030c2   0x080030c2   0x00000072   Code   RO         5682    i.eMBFuncReadDiscreteInputs  mbfuncdisc.o
    0x08003134   0x08003134   0x00000064   Code   RO         5706    i.eMBFuncReadHoldingRegister  mbfuncholding.o
    0x08003198   0x08003198   0x00000062   Code   RO         5748    i.eMBFuncReadInputRegister  mbfuncinput.o
    0x080031fa   0x080031fa   0x0000009c   Code   RO         5707    i.eMBFuncReadWriteMultipleHoldingRegister  mbfuncholding.o
    0x08003296   0x08003296   0x00000002   PAD
    0x08003298   0x08003298   0x00000024   Code   RO         5772    i.eMBFuncReportSlaveID  mbfuncother.o
    0x080032bc   0x080032bc   0x00000056   Code   RO         5644    i.eMBFuncWriteCoil  mbfunccoils.o
    0x08003312   0x08003312   0x00000032   Code   RO         5708    i.eMBFuncWriteHoldingRegister  mbfuncholding.o
    0x08003344   0x08003344   0x00000064   Code   RO         5645    i.eMBFuncWriteMultipleCoils  mbfunccoils.o
    0x080033a8   0x080033a8   0x0000004e   Code   RO         5709    i.eMBFuncWriteMultipleHoldingRegister  mbfuncholding.o
    0x080033f6   0x080033f6   0x00000002   PAD
    0x080033f8   0x080033f8   0x00000080   Code   RO         5953    i.eMBInit           mb.o
    0x08003478   0x08003478   0x00000020   Code   RO         6817    i.eMBMasterEnable   mb_m.o
    0x08003498   0x08003498   0x00000062   Code   RO         6530    i.eMBMasterFuncReadCoils  mbfunccoils_m.o
    0x080034fa   0x080034fa   0x00000060   Code   RO         6584    i.eMBMasterFuncReadDiscreteInputs  mbfuncdisc_m.o
    0x0800355a   0x0800355a   0x00000052   Code   RO         6614    i.eMBMasterFuncReadHoldingRegister  mbfuncholding_m.o
    0x080035ac   0x080035ac   0x00000050   Code   RO         6680    i.eMBMasterFuncReadInputRegister  mbfuncinput_m.o
    0x080035fc   0x080035fc   0x00000072   Code   RO         6615    i.eMBMasterFuncReadWriteMultipleHoldingRegister  mbfuncholding_m.o
    0x0800366e   0x0800366e   0x00000056   Code   RO         6531    i.eMBMasterFuncWriteCoil  mbfunccoils_m.o
    0x080036c4   0x080036c4   0x00000032   Code   RO         6616    i.eMBMasterFuncWriteHoldingRegister  mbfuncholding_m.o
    0x080036f6   0x080036f6   0x00000060   Code   RO         6532    i.eMBMasterFuncWriteMultipleCoils  mbfunccoils_m.o
    0x08003756   0x08003756   0x0000004c   Code   RO         6617    i.eMBMasterFuncWriteMultipleHoldingRegister  mbfuncholding_m.o
    0x080037a2   0x080037a2   0x00000002   PAD
    0x080037a4   0x080037a4   0x00000074   Code   RO         6819    i.eMBMasterInit     mb_m.o
    0x08003818   0x08003818   0x00000130   Code   RO         6821    i.eMBMasterPoll     mb_m.o
    0x08003948   0x08003948   0x00000048   Code   RO         6710    i.eMBMasterRTUInit  mbrtu_m.o
    0x08003990   0x08003990   0x0000004c   Code   RO         6711    i.eMBMasterRTUReceive  mbrtu_m.o
    0x080039dc   0x080039dc   0x00000070   Code   RO         6712    i.eMBMasterRTUSend  mbrtu_m.o
    0x08003a4c   0x08003a4c   0x00000024   Code   RO         6713    i.eMBMasterRTUStart  mbrtu_m.o
    0x08003a70   0x08003a70   0x0000001a   Code   RO         6714    i.eMBMasterRTUStop  mbrtu_m.o
    0x08003a8a   0x08003a8a   0x00000002   PAD
    0x08003a8c   0x08003a8c   0x0000007c   Code   RO         6273    i.eMBMasterRegCoilsCB  user_mb_app_m.o
    0x08003b08   0x08003b08   0x0000007c   Code   RO         6274    i.eMBMasterRegDiscreteCB  user_mb_app_m.o
    0x08003b84   0x08003b84   0x00000068   Code   RO         6275    i.eMBMasterRegHoldingCB  user_mb_app_m.o
    0x08003bec   0x08003bec   0x00000068   Code   RO         6276    i.eMBMasterRegInputCB  user_mb_app_m.o
    0x08003c54   0x08003c54   0x000000b4   Code   RO         5954    i.eMBPoll           mb.o
    0x08003d08   0x08003d08   0x00000048   Code   RO         5877    i.eMBRTUInit        mbrtu.o
    0x08003d50   0x08003d50   0x0000004c   Code   RO         5878    i.eMBRTUReceive     mbrtu.o
    0x08003d9c   0x08003d9c   0x0000006c   Code   RO         5879    i.eMBRTUSend        mbrtu.o
    0x08003e08   0x08003e08   0x00000024   Code   RO         5880    i.eMBRTUStart       mbrtu.o
    0x08003e2c   0x08003e2c   0x0000001a   Code   RO         5881    i.eMBRTUStop        mbrtu.o
    0x08003e46   0x08003e46   0x00000002   PAD
    0x08003e48   0x08003e48   0x000000a0   Code   RO         6079    i.eMBRegCoilsCB     user_mb_app.o
    0x08003ee8   0x08003ee8   0x00000074   Code   RO         6080    i.eMBRegDiscreteCB  user_mb_app.o
    0x08003f5c   0x08003f5c   0x00000070   Code   RO         6081    i.eMBRegHoldingCB   user_mb_app.o
    0x08003fcc   0x08003fcc   0x0000004c   Code   RO         6082    i.eMBRegInputCB     user_mb_app.o
    0x08004018   0x08004018   0x00000018   Code   RO           14    i.fputc             bsp_usart_fputc.o
    0x08004030   0x08004030   0x00000040   Code   RO          166    i.main              main.o
    0x08004070   0x08004070   0x00000034   Code   RO         5056    i.osDelay           cmsis_os2.o
    0x080040a4   0x080040a4   0x00000058   Code   RO         5058    i.osEventFlagsClear  cmsis_os2.o
    0x080040fc   0x080040fc   0x00000044   Code   RO         5061    i.osEventFlagsNew   cmsis_os2.o
    0x08004140   0x08004140   0x0000006c   Code   RO         5062    i.osEventFlagsSet   cmsis_os2.o
    0x080041ac   0x080041ac   0x0000007c   Code   RO         5063    i.osEventFlagsWait  cmsis_os2.o
    0x08004228   0x08004228   0x00000034   Code   RO         5070    i.osKernelInitialize  cmsis_os2.o
    0x0800425c   0x0800425c   0x0000003c   Code   RO         5073    i.osKernelStart     cmsis_os2.o
    0x08004298   0x08004298   0x000000b0   Code   RO         5092    i.osSemaphoreNew    cmsis_os2.o
    0x08004348   0x08004348   0x00000070   Code   RO         5093    i.osSemaphoreRelease  cmsis_os2.o
    0x080043b8   0x080043b8   0x000000a4   Code   RO         5106    i.osThreadNew       cmsis_os2.o
    0x0800445c   0x0800445c   0x0000005c   Code   RO         4540    i.prvAddCurrentTaskToDelayedList  tasks.o
    0x080044b8   0x080044b8   0x000000d0   Code   RO         4541    i.prvAddNewTaskToReadyList  tasks.o
    0x08004588   0x08004588   0x00000058   Code   RO         4893    i.prvCheckForValidListAndQueue  timers.o
    0x080045e0   0x080045e0   0x00000026   Code   RO         4137    i.prvCopyDataFromQueue  queue.o
    0x08004606   0x08004606   0x0000006c   Code   RO         4138    i.prvCopyDataToQueue  queue.o
    0x08004672   0x08004672   0x00000034   Code   RO         4542    i.prvDeleteTCB      tasks.o
    0x080046a6   0x080046a6   0x00000002   PAD
    0x080046a8   0x080046a8   0x0000004c   Code   RO         5483    i.prvHeapInit       heap_4.o
    0x080046f4   0x080046f4   0x00000060   Code   RO         4543    i.prvIdleTask       tasks.o
    0x08004754   0x08004754   0x00000022   Code   RO         4140    i.prvInitialiseNewQueue  queue.o
    0x08004776   0x08004776   0x00000002   PAD
    0x08004778   0x08004778   0x000000b0   Code   RO         4544    i.prvInitialiseNewTask  tasks.o
    0x08004828   0x08004828   0x0000004e   Code   RO         4894    i.prvInitialiseNewTimer  timers.o
    0x08004876   0x08004876   0x00000002   PAD
    0x08004878   0x08004878   0x0000004c   Code   RO         5484    i.prvInsertBlockIntoFreeList  heap_4.o
    0x080048c4   0x080048c4   0x00000038   Code   RO         4895    i.prvInsertTimerInActiveList  timers.o
    0x080048fc   0x080048fc   0x0000001c   Code   RO         4141    i.prvIsQueueEmpty   queue.o
    0x08004918   0x08004918   0x000000fc   Code   RO         4896    i.prvProcessReceivedCommands  timers.o
    0x08004a14   0x08004a14   0x000000c0   Code   RO         4897    i.prvProcessTimerOrBlockTask  timers.o
    0x08004ad4   0x08004ad4   0x00000020   Code   RO         4546    i.prvResetNextTaskUnblockTime  tasks.o
    0x08004af4   0x08004af4   0x00000028   Code   RO         4898    i.prvSampleTimeNow  timers.o
    0x08004b1c   0x08004b1c   0x0000006c   Code   RO         4899    i.prvSwitchTimerLists  timers.o
    0x08004b88   0x08004b88   0x00000028   Code   RO         5534    i.prvTaskExitError  port.o
    0x08004bb0   0x08004bb0   0x00000014   Code   RO         3978    i.prvTestWaitCondition  event_groups.o
    0x08004bc4   0x08004bc4   0x00000024   Code   RO         4900    i.prvTimerTask      timers.o
    0x08004be8   0x08004be8   0x0000006a   Code   RO         4142    i.prvUnlockQueue    queue.o
    0x08004c52   0x08004c52   0x00000018   Code   RO         5805    i.prveMBError2Exception  mbutils.o
    0x08004c6a   0x08004c6a   0x00000002   PAD
    0x08004c6c   0x08004c6c   0x000000d8   Code   RO         5485    i.pvPortMalloc      heap_4.o
    0x08004d44   0x08004d44   0x0000002c   Code   RO         5535    i.pxPortInitialiseStack  port.o
    0x08004d70   0x08004d70   0x0000002c   Code   RO         6169    i.serial_soft_trans_irq  portserial.o
    0x08004d9c   0x08004d9c   0x0000002c   Code   RO         6414    i.serial_soft_trans_irq  portserial_m.o
    0x08004dc8   0x08004dc8   0x0000000c   Code   RO         6230    i.timer_timeout_ind  porttimer.o
    0x08004dd4   0x08004dd4   0x0000000c   Code   RO         6475    i.timer_timeout_ind  porttimer_m.o
    0x08004de0   0x08004de0   0x0000000c   Code   RO         6822    i.ucMBMasterGetDestAddress  mb_m.o
    0x08004dec   0x08004dec   0x0000002c   Code   RO         5841    i.usMBCRC16         mbcrc.o
    0x08004e18   0x08004e18   0x0000000c   Code   RO         6715    i.usMBMasterGetPDUSndLength  mbrtu_m.o
    0x08004e24   0x08004e24   0x00000026   Code   RO         4097    i.uxListRemove      list.o
    0x08004e4a   0x08004e4a   0x00000002   PAD
    0x08004e4c   0x08004e4c   0x00000018   Code   RO         4557    i.uxTaskResetEventItemValue  tasks.o
    0x08004e64   0x08004e64   0x00000014   Code   RO         5118    i.vApplicationGetIdleTaskMemory  cmsis_os2.o
    0x08004e78   0x08004e78   0x00000018   Code   RO         5119    i.vApplicationGetTimerTaskMemory  cmsis_os2.o
    0x08004e90   0x08004e90   0x00000004   Code   RO         3980    i.vEventGroupClearBitsCallback  event_groups.o
    0x08004e94   0x08004e94   0x00000004   Code   RO         3982    i.vEventGroupSetBitsCallback  event_groups.o
    0x08004e98   0x08004e98   0x00000016   Code   RO         4098    i.vListInitialise   list.o
    0x08004eae   0x08004eae   0x00000006   Code   RO         4099    i.vListInitialiseItem  list.o
    0x08004eb4   0x08004eb4   0x00000030   Code   RO         4100    i.vListInsert       list.o
    0x08004ee4   0x08004ee4   0x00000018   Code   RO         4101    i.vListInsertEnd    list.o
    0x08004efc   0x08004efc   0x00000010   Code   RO         6325    i.vMBMasterCBRequestScuuess  portevent_m.o
    0x08004f0c   0x08004f0c   0x00000010   Code   RO         6326    i.vMBMasterErrorCBExecuteFunction  portevent_m.o
    0x08004f1c   0x08004f1c   0x00000010   Code   RO         6327    i.vMBMasterErrorCBReceiveData  portevent_m.o
    0x08004f2c   0x08004f2c   0x00000010   Code   RO         6328    i.vMBMasterErrorCBRespondTimeout  portevent_m.o
    0x08004f3c   0x08004f3c   0x0000000c   Code   RO         6716    i.vMBMasterGetPDUSndBuf  mbrtu_m.o
    0x08004f48   0x08004f48   0x0000001c   Code   RO         6329    i.vMBMasterOsResInit  portevent_m.o
    0x08004f64   0x08004f64   0x00000058   Code   RO         6416    i.vMBMasterPortSerialEnable  portserial_m.o
    0x08004fbc   0x08004fbc   0x0000002c   Code   RO         6476    i.vMBMasterPortTimersConvertDelayEnable  porttimer_m.o
    0x08004fe8   0x08004fe8   0x00000024   Code   RO         6477    i.vMBMasterPortTimersDisable  porttimer_m.o
    0x0800500c   0x0800500c   0x0000002c   Code   RO         6478    i.vMBMasterPortTimersRespondTimeoutEnable  porttimer_m.o
    0x08005038   0x08005038   0x0000003c   Code   RO         6479    i.vMBMasterPortTimersT35Enable  porttimer_m.o
    0x08005074   0x08005074   0x0000000c   Code   RO         6330    i.vMBMasterRunResRelease  portevent_m.o
    0x08005080   0x08005080   0x0000000c   Code   RO         6718    i.vMBMasterSetCurTimerMode  mbrtu_m.o
    0x0800508c   0x0800508c   0x0000000c   Code   RO         6825    i.vMBMasterSetErrorType  mb_m.o
    0x08005098   0x08005098   0x000000dc   Code   RO         6171    i.vMBPortSerialEnable  portserial.o
    0x08005174   0x08005174   0x00000024   Code   RO         6231    i.vMBPortTimersDisable  porttimer.o
    0x08005198   0x08005198   0x00000034   Code   RO         6232    i.vMBPortTimersEnable  porttimer.o
    0x080051cc   0x080051cc   0x00000040   Code   RO         5537    i.vPortEnterCritical  port.o
    0x0800520c   0x0800520c   0x00000028   Code   RO         5538    i.vPortExitCritical  port.o
    0x08005234   0x08005234   0x0000005c   Code   RO         5486    i.vPortFree         heap_4.o
    0x08005290   0x08005290   0x00000024   Code   RO         5539    i.vPortSetupTimerInterrupt  port.o
    0x080052b4   0x080052b4   0x00000054   Code   RO         5540    i.vPortValidateInterruptPriority  port.o
    0x08005308   0x08005308   0x00000028   Code   RO         4148    i.vQueueAddToRegistry  queue.o
    0x08005330   0x08005330   0x0000002e   Code   RO         4149    i.vQueueDelete      queue.o
    0x0800535e   0x0800535e   0x00000002   PAD
    0x08005360   0x08005360   0x00000028   Code   RO         4151    i.vQueueUnregisterQueue  queue.o
    0x08005388   0x08005388   0x00000044   Code   RO         4152    i.vQueueWaitForMessageRestricted  queue.o
    0x080053cc   0x080053cc   0x0000004c   Code   RO         4558    i.vTaskDelay        tasks.o
    0x08005418   0x08005418   0x00000010   Code   RO         4563    i.vTaskInternalSetTimeOutState  tasks.o
    0x08005428   0x08005428   0x0000000c   Code   RO         4564    i.vTaskMissedYield  tasks.o
    0x08005434   0x08005434   0x00000030   Code   RO         4566    i.vTaskPlaceOnEventList  tasks.o
    0x08005464   0x08005464   0x00000038   Code   RO         4567    i.vTaskPlaceOnEventListRestricted  tasks.o
    0x0800549c   0x0800549c   0x00000050   Code   RO         4568    i.vTaskPlaceOnUnorderedEventList  tasks.o
    0x080054ec   0x080054ec   0x00000070   Code   RO         4571    i.vTaskRemoveFromUnorderedEventList  tasks.o
    0x0800555c   0x0800555c   0x00000088   Code   RO         4575    i.vTaskStartScheduler  tasks.o
    0x080055e4   0x080055e4   0x00000010   Code   RO         4577    i.vTaskSuspendAll   tasks.o
    0x080055f4   0x080055f4   0x00000064   Code   RO         4578    i.vTaskSwitchContext  tasks.o
    0x08005658   0x08005658   0x00000040   Code   RO         3984    i.xEventGroupClearBits  event_groups.o
    0x08005698   0x08005698   0x00000010   Code   RO         3985    i.xEventGroupClearBitsFromISR  event_groups.o
    0x080056a8   0x080056a8   0x0000001c   Code   RO         3986    i.xEventGroupCreate  event_groups.o
    0x080056c4   0x080056c4   0x0000002c   Code   RO         3987    i.xEventGroupCreateStatic  event_groups.o
    0x080056f0   0x080056f0   0x0000001a   Code   RO         3988    i.xEventGroupGetBitsFromISR  event_groups.o
    0x0800570a   0x0800570a   0x0000008c   Code   RO         3989    i.xEventGroupSetBits  event_groups.o
    0x08005796   0x08005796   0x00000002   PAD
    0x08005798   0x08005798   0x00000010   Code   RO         3990    i.xEventGroupSetBitsFromISR  event_groups.o
    0x080057a8   0x080057a8   0x00000108   Code   RO         3992    i.xEventGroupWaitBits  event_groups.o
    0x080058b0   0x080058b0   0x0000003c   Code   RO         6331    i.xMBMasterPortEventGet  portevent_m.o
    0x080058ec   0x080058ec   0x00000014   Code   RO         6332    i.xMBMasterPortEventInit  portevent_m.o
    0x08005900   0x08005900   0x00000014   Code   RO         6333    i.xMBMasterPortEventPost  portevent_m.o
    0x08005914   0x08005914   0x00000014   Code   RO         6417    i.xMBMasterPortSerialGetByte  portserial_m.o
    0x08005928   0x08005928   0x000000c0   Code   RO         6418    i.xMBMasterPortSerialInit  portserial_m.o
    0x080059e8   0x080059e8   0x00000018   Code   RO         6419    i.xMBMasterPortSerialPutByte  portserial_m.o
    0x08005a00   0x08005a00   0x00000040   Code   RO         6480    i.xMBMasterPortTimersInit  porttimer_m.o
    0x08005a40   0x08005a40   0x00000068   Code   RO         6720    i.xMBMasterRTUReceiveFSM  mbrtu_m.o
    0x08005aa8   0x08005aa8   0x00000064   Code   RO         6721    i.xMBMasterRTUTimerExpired  mbrtu_m.o
    0x08005b0c   0x08005b0c   0x00000068   Code   RO         6722    i.xMBMasterRTUTransmitFSM  mbrtu_m.o
    0x08005b74   0x08005b74   0x0000000c   Code   RO         6723    i.xMBMasterRequestIsBroadcast  mbrtu_m.o
    0x08005b80   0x08005b80   0x00000030   Code   RO         6130    i.xMBPortEventGet   portevent.o
    0x08005bb0   0x08005bb0   0x00000014   Code   RO         6131    i.xMBPortEventInit  portevent.o
    0x08005bc4   0x08005bc4   0x00000014   Code   RO         6132    i.xMBPortEventPost  portevent.o
    0x08005bd8   0x08005bd8   0x00000014   Code   RO         6172    i.xMBPortSerialGetByte  portserial.o
    0x08005bec   0x08005bec   0x000000bc   Code   RO         6173    i.xMBPortSerialInit  portserial.o
    0x08005ca8   0x08005ca8   0x00000018   Code   RO         6174    i.xMBPortSerialPutByte  portserial.o
    0x08005cc0   0x08005cc0   0x0000003c   Code   RO         6233    i.xMBPortTimersInit  porttimer.o
    0x08005cfc   0x08005cfc   0x00000060   Code   RO         5882    i.xMBRTUReceiveFSM  mbrtu.o
    0x08005d5c   0x08005d5c   0x00000028   Code   RO         5883    i.xMBRTUTimerT35Expired  mbrtu.o
    0x08005d84   0x08005d84   0x00000050   Code   RO         5884    i.xMBRTUTransmitFSM  mbrtu.o
    0x08005dd4   0x08005dd4   0x00000022   Code   RO         5806    i.xMBUtilGetBits    mbutils.o
    0x08005df6   0x08005df6   0x0000002a   Code   RO         5807    i.xMBUtilSetBits    mbutils.o
    0x08005e20   0x08005e20   0x000000f4   Code   RO         5541    i.xPortStartScheduler  port.o
    0x08005f14   0x08005f14   0x0000003a   Code   RO         4153    i.xQueueCreateCountingSemaphore  queue.o
    0x08005f4e   0x08005f4e   0x00000040   Code   RO         4154    i.xQueueCreateCountingSemaphoreStatic  queue.o
    0x08005f8e   0x08005f8e   0x00000048   Code   RO         4157    i.xQueueGenericCreate  queue.o
    0x08005fd6   0x08005fd6   0x00000066   Code   RO         4158    i.xQueueGenericCreateStatic  queue.o
    0x0800603c   0x0800603c   0x00000088   Code   RO         4159    i.xQueueGenericReset  queue.o
    0x080060c4   0x080060c4   0x00000160   Code   RO         4160    i.xQueueGenericSend  queue.o
    0x08006224   0x08006224   0x000000bc   Code   RO         4161    i.xQueueGenericSendFromISR  queue.o
    0x080062e0   0x080062e0   0x0000009c   Code   RO         4164    i.xQueueGiveFromISR  queue.o
    0x0800637c   0x0800637c   0x00000138   Code   RO         4170    i.xQueueReceive     queue.o
    0x080064b4   0x080064b4   0x00000074   Code   RO         4579    i.xTaskCheckForTimeOut  tasks.o
    0x08006528   0x08006528   0x0000005a   Code   RO         4580    i.xTaskCreate       tasks.o
    0x08006582   0x08006582   0x00000056   Code   RO         4581    i.xTaskCreateStatic  tasks.o
    0x080065d8   0x080065d8   0x0000001c   Code   RO         4585    i.xTaskGetSchedulerState  tasks.o
    0x080065f4   0x080065f4   0x0000000c   Code   RO         4586    i.xTaskGetTickCount  tasks.o
    0x08006600   0x08006600   0x00000010   Code   RO         4587    i.xTaskGetTickCountFromISR  tasks.o
    0x08006610   0x08006610   0x000000c8   Code   RO         4588    i.xTaskIncrementTick  tasks.o
    0x080066d8   0x080066d8   0x00000080   Code   RO         4591    i.xTaskPriorityDisinherit  tasks.o
    0x08006758   0x08006758   0x00000070   Code   RO         4593    i.xTaskRemoveFromEventList  tasks.o
    0x080067c8   0x080067c8   0x000000c4   Code   RO         4594    i.xTaskResumeAll    tasks.o
    0x0800688c   0x0800688c   0x00000034   Code   RO         4906    i.xTimerCreate      timers.o
    0x080068c0   0x080068c0   0x00000060   Code   RO         4908    i.xTimerCreateTimerTask  timers.o
    0x08006920   0x08006920   0x00000068   Code   RO         4909    i.xTimerGenericCommand  timers.o
    0x08006988   0x08006988   0x00000028   Code   RO         4915    i.xTimerPendFunctionCallFromISR  timers.o
    0x080069b0   0x080069b0   0x00000080   Data   RO          287    .constdata          freertos.o
    0x08006a30   0x08006a30   0x00000008   Data   RO         1237    .constdata          stm32f4xx_hal_dma.o
    0x08006a38   0x08006a38   0x00000010   Data   RO         3936    .constdata          system_stm32f4xx.o
    0x08006a48   0x08006a48   0x00000008   Data   RO         3937    .constdata          system_stm32f4xx.o
    0x08006a50   0x08006a50   0x00000200   Data   RO         5842    .constdata          mbcrc.o
    0x08006c50   0x08006c50   0x00000010   Data   RO         6335    .constdata          portevent_m.o
    0x08006c60   0x08006c60   0x0000001f   Data   RO          288    .conststring        freertos.o
    0x08006c7f   0x08006c7f   0x00000001   PAD
    0x08006c80   0x08006c80   0x0000000e   Data   RO         6336    .conststring        portevent_m.o
    0x08006c8e   0x08006c8e   0x00000002   PAD
    0x08006c90   0x08006c90   0x00000020   Data   RO         7222    Region$$Table       anon$$obj.o


    Execution Region RW_IRAM2 (Exec base: 0x10000000, Load base: 0x08006d38, Size: 0x00000000, Max: 0x00010000, ABSOLUTE)

    **** No section assigned to this execution region ****


    Execution Region RW_IRAM1 (Exec base: 0x20000000, Load base: 0x08006cb0, Size: 0x00005ed0, Max: 0x00020000, ABSOLUTE, COMPRESSED[0x00000088])

    Exec Addr    Load Addr    Size         Type   Attr      Idx    E Section Name        Object

    0x20000000   COMPRESSED   0x0000000c   Data   RW          289    .data               freertos.o
    0x2000000c   COMPRESSED   0x0000000c   Data   RW         1664    .data               stm32f4xx_hal.o
    0x20000018   COMPRESSED   0x00000004   Data   RW         3938    .data               system_stm32f4xx.o
    0x2000001c   COMPRESSED   0x0000003c   Data   RW         4597    .data               tasks.o
    0x20000058   COMPRESSED   0x00000014   Data   RW         4917    .data               timers.o
    0x2000006c   COMPRESSED   0x00000004   Data   RW         5121    .data               cmsis_os2.o
    0x20000070   COMPRESSED   0x00000018   Data   RW         5491    .data               heap_4.o
    0x20000088   COMPRESSED   0x0000000c   Data   RW         5542    .data               port.o
    0x20000094   COMPRESSED   0x00000002   Data   RW         5775    .data               mbfuncother.o
    0x20000096   COMPRESSED   0x00000002   PAD
    0x20000098   COMPRESSED   0x0000000c   Data   RW         5886    .data               mbrtu.o
    0x200000a4   COMPRESSED   0x000000ac   Data   RW         5956    .data               mb.o
    0x20000150   COMPRESSED   0x00000012   Data   RW         6084    .data               user_mb_app.o
    0x20000162   COMPRESSED   0x00000002   PAD
    0x20000164   COMPRESSED   0x00000004   Data   RW         6133    .data               portevent.o
    0x20000168   COMPRESSED   0x00000014   Data   RW         6176    .data               portserial.o
    0x2000017c   COMPRESSED   0x00000004   Data   RW         6234    .data               porttimer.o
    0x20000180   COMPRESSED   0x00000012   Data   RW         6278    .data               user_mb_app_m.o
    0x20000192   COMPRESSED   0x00000002   PAD
    0x20000194   COMPRESSED   0x00000008   Data   RW         6337    .data               portevent_m.o
    0x2000019c   COMPRESSED   0x00000014   Data   RW         6421    .data               portserial_m.o
    0x200001b0   COMPRESSED   0x00000008   Data   RW         6481    .data               porttimer_m.o
    0x200001b8   COMPRESSED   0x00000010   Data   RW         6725    .data               mbrtu_m.o
    0x200001c8   COMPRESSED   0x000000b0   Data   RW         6827    .data               mb_m.o
    0x20000278   COMPRESSED   0x00000004   Data   RW         7198    .data               mc_w.l(stdout.o)
    0x2000027c        -       0x00000054   Zero   RW          423    .bss                i2c.o
    0x200002d0        -       0x00000058   Zero   RW          465    .bss                spi.o
    0x20000328        -       0x00000040   Zero   RW          507    .bss                tim.o
    0x20000368        -       0x00000204   Zero   RW          551    .bss                usart.o
    0x2000056c        -       0x00000040   Zero   RW          727    .bss                stm32f4xx_hal_timebase_tim.o
    0x200005ac        -       0x00000040   Zero   RW         4174    .bss                queue.o
    0x200005ec        -       0x000004c4   Zero   RW         4596    .bss                tasks.o
    0x20000ab0        -       0x00000118   Zero   RW         4916    .bss                timers.o
    0x20000bc8        -       0x000006b8   Zero   RW         5120    .bss                cmsis_os2.o
    0x20001280        -       0x00003c00   Zero   RW         5490    .bss                heap_4.o
    0x20004e80        -       0x00000020   Zero   RW         5774    .bss                mbfuncother.o
    0x20004ea0        -       0x00000100   Zero   RW         5885    .bss                mbrtu.o
    0x20004fa0        -       0x00000190   Zero   RW         6083    .bss                user_mb_app.o
    0x20005130        -       0x00000109   Zero   RW         6175    .bss                portserial.o
    0x20005239   COMPRESSED   0x00000001   PAD
    0x2000523a        -       0x00000190   Zero   RW         6277    .bss                user_mb_app_m.o
    0x200053ca        -       0x00000109   Zero   RW         6420    .bss                portserial_m.o
    0x200054d3        -       0x000001fd   Zero   RW         6724    .bss                mbrtu_m.o
    0x200056d0        -       0x00000800   Zero   RW            1    STACK               startup_stm32f407xx.o


==============================================================================

Image component sizes


      Code (inc. data)   RO Data    RW Data    ZI Data      Debug   Object Name

        24          4          0          0          0     701572   bsp_usart_fputc.o
      1048         68          0          4       1720      37099   cmsis_os2.o
        60          4          0          0          0        722   dma.o
       626         12          0          0          0      29354   event_groups.o
       168         32        159         12          0      16532   freertos.o
       220         18          0          0          0        963   gpio.o
       460         24          0         24      15360       4659   heap_4.o
       168         26          0          0         84       1569   i2c.o
       138          0          0          0          0       3430   list.o
       218         20          0          0          0      16216   main.o
       340         42          0        172          0       4767   mb.o
       476         52          0        176          0       6480   mb_m.o
        44          4        512          0          0       1192   mbcrc.o
       300          0          0          0          0       3746   mbfunccoils.o
       280          0          0          0          0       4176   mbfunccoils_m.o
       114          0          0          0          0       1552   mbfuncdisc.o
        96          0          0          0          0       1670   mbfuncdisc_m.o
       384          0          0          0          0       5155   mbfuncholding.o
       322          0          0          0          0       5631   mbfuncholding_m.o
        98          0          0          0          0       1551   mbfuncinput.o
        80          0          0          0          0       1661   mbfuncinput_m.o
        36         10          0          2         32       1351   mbfuncother.o
       534         42          0         12        256       6319   mbrtu.o
       678         72          0         16        509       8834   mbrtu_m.o
       100          0          0          0          0       2590   mbutils.o
       786         82          0         12          0      11357   port.o
       182          0          0          0          0       5724   port_1.o
        88         14          0          4          0       2224   portevent.o
       204         50         30          8          0       5624   portevent_m.o
       568        110          0         20        265       4904   portserial.o
       432         76          0         20        265       4868   portserial_m.o
       160         38          0          4          0       2689   porttimer.o
       260         48          0          8          0       4092   porttimer_m.o
      1948         24          0          0         64      22827   queue.o
       192         22          0          0         88       1577   spi.o
        36          8        392          0       2048        816   startup_stm32f407xx.o
        80         14          0         12          0       7962   stm32f4xx_hal.o
       158         14          0          0          0      33062   stm32f4xx_hal_cortex.o
       788         16          8          0          0       4615   stm32f4xx_hal_dma.o
       464         46          0          0          0       2941   stm32f4xx_hal_gpio.o
       392         16          0          0          0       3063   stm32f4xx_hal_i2c.o
        56          4          0          0          0        798   stm32f4xx_hal_msp.o
      1392         82          0          0          0       5749   stm32f4xx_hal_rcc.o
       398          6          0          0          0       3304   stm32f4xx_hal_spi.o
       690         44          0          0          0       7150   stm32f4xx_hal_tim.o
       148         28          0          0          0       2377   stm32f4xx_hal_tim_ex.o
       116         16          0          0         64       1335   stm32f4xx_hal_timebase_tim.o
       924         62          0          0          0       9889   stm32f4xx_hal_uart.o
       192         38          0          0          0       6455   stm32f4xx_it.o
         0          0          0          0          0        392   stream_buffer.o
        28          6         24          4          0       1071   system_stm32f4xx.o
      2316        192          0         60       1220      29524   tasks.o
       132         18          0          0         64       1490   tim.o
      1142         86          0         20        280      31902   timers.o
       564         56          0          0        516       3122   usart.o
       464         28          0         18        400       5978   user_mb_app.o
       456         32          0         18        400       6062   user_mb_app_m.o

    ----------------------------------------------------------------------
     22812       1706       1160        632      23636    1103734   Object Totals
         0          0         32          0          0          0   (incl. Generated)
        44          0          3          6          1          0   (incl. Padding)

    ----------------------------------------------------------------------

      Code (inc. data)   RO Data    RW Data    ZI Data      Debug   Library Member Name

        86          0          0          0          0          0   __dczerorl2.o
         0          0          0          0          0          0   entry.o
         0          0          0          0          0          0   entry10a.o
         0          0          0          0          0          0   entry11a.o
         8          4          0          0          0          0   entry2.o
         4          0          0          0          0          0   entry5.o
         0          0          0          0          0          0   entry7b.o
         0          0          0          0          0          0   entry8b.o
         8          4          0          0          0          0   entry9a.o
        30          0          0          0          0          0   handlers.o
        36          8          0          0          0         68   init.o
         0          0          0          0          0          0   iusefp.o
        30          0          0          0          0         68   llshl.o
        36          0          0          0          0         68   llsshr.o
        32          0          0          0          0         68   llushr.o
        36          0          0          0          0         68   memcpya.o
        36          0          0          0          0        108   memseta.o
      2258         90          0          0          0        452   printfa.o
         0          0          0          4          0          0   stdout.o
        44          0          0          0          0         80   uidiv.o
        98          0          0          0          0         92   uldiv.o
        48          0          0          0          0         68   cdrcmple.o
       334          0          0          0          0        148   dadd.o
       222          0          0          0          0        100   ddiv.o
       186          0          0          0          0        176   depilogue.o
        48          0          0          0          0         68   dfixul.o
       228          0          0          0          0         96   dmul.o
        38          0          0          0          0         68   f2d.o

    ----------------------------------------------------------------------
      3852        106          0          4          0       1796   Library Totals
         6          0          0          0          0          0   (incl. Padding)

    ----------------------------------------------------------------------

      Code (inc. data)   RO Data    RW Data    ZI Data      Debug   Library Name

      2742        106          0          4          0       1072   mc_w.l
      1104          0          0          0          0        724   mf_w.l

    ----------------------------------------------------------------------
      3852        106          0          4          0       1796   Library Totals

    ----------------------------------------------------------------------

==============================================================================


      Code (inc. data)   RO Data    RW Data    ZI Data      Debug   

     26664       1812       1160        636      23636    1077130   Grand Totals
     26664       1812       1160        136      23636    1077130   ELF Image Totals (compressed)
     26664       1812       1160        136          0          0   ROM Totals

==============================================================================

    Total RO  Size (Code + RO Data)                27824 (  27.17kB)
    Total RW  Size (RW Data + ZI Data)             24272 (  23.70kB)
    Total ROM Size (Code + RO Data + RW Data)      27960 (  27.30kB)

==============================================================================

