<html>
<body>
<pre>
<h1>µVision Build Log</h1>
<h2>Tool Versions:</h2>
IDE-Version: ¦ÌVision V5.28.0.0
Copyright (C) 2019 ARM Ltd and ARM Germany GmbH. All rights reserved.
License Information: ALI ºÐ×Ó´óÀÐ, SDSD, LIC=ATTQD-8S70V-PC9J8-3HS69-14VUW-VDS2A
 
Tool Versions:
Toolchain:       MDK-ARM Plus  Version: 5.28.0.0
Toolchain Path:  C:\Keil_v5\ARM\ARMCC\Bin
C Compiler:      Armcc.exe V5.06 update 6 (build 750)
Assembler:       Armasm.exe V5.06 update 6 (build 750)
Linker/Locator:  ArmLink.exe V5.06 update 6 (build 750)
Library Manager: ArmAr.exe V5.06 update 6 (build 750)
Hex Converter:   FromElf.exe V5.06 update 6 (build 750)
CPU DLL:         SARMCM3.DLL V5.28.0.0
Dialog DLL:      DCM.DLL V1.17.3.0
Target DLL:      Segger\JL2CM3.dll V2.99.36.0
Dialog DLL:      TCM.DLL V1.36.2.0
 
<h2>Project:</h2>
E:\STM32\F407VET6\MDK-ARM\F407VET6.uvprojx
Project File Date:  06/17/2021

<h2>Output:</h2>
*** Using Compiler 'V5.06 update 6 (build 750)', folder: 'C:\Keil_v5\ARM\ARMCC\Bin'
Build target 'F407VET6'
compiling freertos.c...
../Inc/stm32f4xx_hal_conf.h(189): warning:  #47-D: incompatible redefinition of macro "USE_HAL_TIM_REGISTER_CALLBACKS" 
  #define  USE_HAL_TIM_REGISTER_CALLBACKS         0U /* TIM register callback disabled       */
../Inc/stm32f4xx_hal_conf.h(190): warning:  #47-D: incompatible redefinition of macro "USE_HAL_UART_REGISTER_CALLBACKS" 
  #define  USE_HAL_UART_REGISTER_CALLBACKS        1U /* UART register callback disabled      */
../Src/freertos.c(133): warning:  #177-D: variable "data"  was declared but never referenced
    uint16_t data[10] = {1, 2, 3, 4, 5, 6, 7, 8, 9, 10};
../Src/freertos.c: 3 warnings, 0 errors
linking...
Program Size: Code=22740 RO-data=1160 RW-data=620 ZI-data=29796  
FromELF: creating hex file...
"F407VET6\F407VET6.axf" - 0 Error(s), 3 Warning(s).

<h2>Software Packages used:</h2>

Package Vendor: ARM
                http://www.keil.com/pack/ARM.CMSIS.5.5.1.pack
                ARM.CMSIS.5.5.1
                CMSIS (Cortex Microcontroller Software Interface Standard)
   * Component: CORE Version: 5.2.0

Package Vendor: Keil
                http://www.keil.com/pack/Keil.STM32F4xx_DFP.2.5.0.pack
                Keil.STM32F4xx_DFP.2.5.0
                STMicroelectronics STM32F4 Series Device Support, Drivers and Examples

<h2>Collection of Component include folders:</h2>
  .\RTE\_F407VET6
  C:\Users\BOX\AppData\Local\Arm\Packs\ARM\CMSIS\5.5.1\CMSIS\Core\Include
  C:\Users\BOX\AppData\Local\Arm\Packs\Keil\STM32F4xx_DFP\2.5.0\Drivers\CMSIS\Device\ST\STM32F4xx\Include

<h2>Collection of Component Files used:</h2>

   * Component: ARM::CMSIS:CORE:5.2.0
Build Time Elapsed:  00:00:03
</pre>
</body>
</html>
