Component: ARM Compiler 5.06 update 6 (build 750) Tool: armlink [4d35ed]

==============================================================================

Section Cross References

    startup_stm32f407xx.o(RESET) refers to startup_stm32f407xx.o(STACK) for __initial_sp
    startup_stm32f407xx.o(RESET) refers to startup_stm32f407xx.o(.text) for Reset_Handler
    startup_stm32f407xx.o(RESET) refers to stm32f4xx_it.o(i.NMI_Handler) for NMI_Handler
    startup_stm32f407xx.o(RESET) refers to stm32f4xx_it.o(i.HardFault_Handler) for HardFault_Handler
    startup_stm32f407xx.o(RESET) refers to stm32f4xx_it.o(i.MemManage_Handler) for MemManage_Handler
    startup_stm32f407xx.o(RESET) refers to stm32f4xx_it.o(i.BusFault_Handler) for BusFault_Handler
    startup_stm32f407xx.o(RESET) refers to stm32f4xx_it.o(i.UsageFault_Handler) for UsageFault_Handler
    startup_stm32f407xx.o(RESET) refers to port.o(.emb_text) for SVC_Handler
    startup_stm32f407xx.o(RESET) refers to stm32f4xx_it.o(i.DebugMon_Handler) for DebugMon_Handler
    startup_stm32f407xx.o(RESET) refers to port.o(i.SysTick_Handler) for SysTick_Handler
    startup_stm32f407xx.o(RESET) refers to stm32f4xx_it.o(i.DMA1_Stream5_IRQHandler) for DMA1_Stream5_IRQHandler
    startup_stm32f407xx.o(RESET) refers to stm32f4xx_it.o(i.DMA1_Stream6_IRQHandler) for DMA1_Stream6_IRQHandler
    startup_stm32f407xx.o(RESET) refers to stm32f4xx_it.o(i.SPI1_IRQHandler) for SPI1_IRQHandler
    startup_stm32f407xx.o(RESET) refers to stm32f4xx_it.o(i.USART2_IRQHandler) for USART2_IRQHandler
    startup_stm32f407xx.o(RESET) refers to stm32f4xx_it.o(i.USART3_IRQHandler) for USART3_IRQHandler
    startup_stm32f407xx.o(RESET) refers to stm32f4xx_it.o(i.TIM6_DAC_IRQHandler) for TIM6_DAC_IRQHandler
    startup_stm32f407xx.o(RESET) refers to stm32f4xx_it.o(i.TIM7_IRQHandler) for TIM7_IRQHandler
    startup_stm32f407xx.o(.text) refers to system_stm32f4xx.o(i.SystemInit) for SystemInit
    startup_stm32f407xx.o(.text) refers to entry.o(.ARM.Collect$$$$00000000) for __main
    bsp_usart_fputc.o(i.fgetc) refers to stm32f4xx_hal_uart.o(i.HAL_UART_Receive) for HAL_UART_Receive
    bsp_usart_fputc.o(i.fgetc) refers to usart.o(.bss) for huart1
    bsp_usart_fputc.o(i.fputc) refers to stm32f4xx_hal_uart.o(i.HAL_UART_Transmit) for HAL_UART_Transmit
    bsp_usart_fputc.o(i.fputc) refers to usart.o(.bss) for huart1
    main.o(i.HAL_TIM_PeriodElapsedCallback) refers to stm32f4xx_hal.o(i.HAL_IncTick) for HAL_IncTick
    main.o(i.SystemClock_Config) refers to memseta.o(.text) for __aeabi_memclr4
    main.o(i.SystemClock_Config) refers to stm32f4xx_hal_rcc.o(i.HAL_RCC_OscConfig) for HAL_RCC_OscConfig
    main.o(i.SystemClock_Config) refers to stm32f4xx_hal_rcc.o(i.HAL_RCC_ClockConfig) for HAL_RCC_ClockConfig
    main.o(i.main) refers to stm32f4xx_hal.o(i.HAL_Init) for HAL_Init
    main.o(i.main) refers to main.o(i.SystemClock_Config) for SystemClock_Config
    main.o(i.main) refers to gpio.o(i.MX_GPIO_Init) for MX_GPIO_Init
    main.o(i.main) refers to dma.o(i.MX_DMA_Init) for MX_DMA_Init
    main.o(i.main) refers to usart.o(i.MX_USART1_UART_Init) for MX_USART1_UART_Init
    main.o(i.main) refers to usart.o(i.MX_USART2_UART_Init) for MX_USART2_UART_Init
    main.o(i.main) refers to tim.o(i.MX_TIM7_Init) for MX_TIM7_Init
    main.o(i.main) refers to usart.o(i.MX_USART3_UART_Init) for MX_USART3_UART_Init
    main.o(i.main) refers to spi.o(i.MX_SPI1_Init) for MX_SPI1_Init
    main.o(i.main) refers to i2c.o(i.MX_I2C1_Init) for MX_I2C1_Init
    main.o(i.main) refers to cmsis_os2.o(i.osKernelInitialize) for osKernelInitialize
    main.o(i.main) refers to freertos.o(i.MX_FREERTOS_Init) for MX_FREERTOS_Init
    main.o(i.main) refers to cmsis_os2.o(i.osKernelStart) for osKernelStart
    gpio.o(i.MX_GPIO_Init) refers to memseta.o(.text) for __aeabi_memclr4
    gpio.o(i.MX_GPIO_Init) refers to stm32f4xx_hal_gpio.o(i.HAL_GPIO_WritePin) for HAL_GPIO_WritePin
    gpio.o(i.MX_GPIO_Init) refers to stm32f4xx_hal_gpio.o(i.HAL_GPIO_Init) for HAL_GPIO_Init
    freertos.o(i.MX_FREERTOS_Init) refers to cmsis_os2.o(i.osThreadNew) for osThreadNew
    freertos.o(i.MX_FREERTOS_Init) refers to freertos.o(.constdata) for .constdata
    freertos.o(i.MX_FREERTOS_Init) refers to freertos.o(i.StartSYSTask) for StartSYSTask
    freertos.o(i.MX_FREERTOS_Init) refers to freertos.o(.data) for .data
    freertos.o(i.MX_FREERTOS_Init) refers to freertos.o(i.MasterTask) for MasterTask
    freertos.o(i.MX_FREERTOS_Init) refers to freertos.o(i.SlaveTask) for SlaveTask
    freertos.o(i.MasterTask) refers to mb_m.o(i.eMBMasterInit) for eMBMasterInit
    freertos.o(i.MasterTask) refers to mb_m.o(i.eMBMasterEnable) for eMBMasterEnable
    freertos.o(i.MasterTask) refers to mb_m.o(i.eMBMasterPoll) for eMBMasterPoll
    freertos.o(i.SlaveTask) refers to mb.o(i.eMBInit) for eMBInit
    freertos.o(i.SlaveTask) refers to mb.o(i.eMBEnable) for eMBEnable
    freertos.o(i.SlaveTask) refers to mb.o(i.eMBPoll) for eMBPoll
[...]
    xDelayedTaskList2                        0x20000a50   Data          20  tasks.o(.bss)
    xPendingReadyList                        0x20000a64   Data          20  tasks.o(.bss)
    xTasksWaitingTermination                 0x20000a78   Data          20  tasks.o(.bss)
    xSuspendedTaskList                       0x20000a8c   Data          20  tasks.o(.bss)
    .bss                                     0x20000aa0   Section      280  timers.o(.bss)
    xActiveTimerList1                        0x20000aa0   Data          20  timers.o(.bss)
    xActiveTimerList2                        0x20000ab4   Data          20  timers.o(.bss)
    xStaticTimerQueue                        0x20000ac8   Data          80  timers.o(.bss)
    ucStaticTimerQueueStorage                0x20000b18   Data         160  timers.o(.bss)
    .bss                                     0x20000bb8   Section     1720  cmsis_os2.o(.bss)
    Idle_TCB                                 0x20000bb8   Data          92  cmsis_os2.o(.bss)
    Idle_Stack                               0x20000c14   Data         512  cmsis_os2.o(.bss)
    Timer_TCB                                0x20000e14   Data          92  cmsis_os2.o(.bss)
    Timer_Stack                              0x20000e70   Data        1024  cmsis_os2.o(.bss)
    .bss                                     0x20001270   Section    15360  heap_4.o(.bss)
    ucHeap                                   0x20001270   Data       15360  heap_4.o(.bss)
    .bss                                     0x20004e70   Section       32  mbfuncother.o(.bss)
    ucMBSlaveID                              0x20004e70   Data          32  mbfuncother.o(.bss)
    .bss                                     0x20004e90   Section      256  mbrtu.o(.bss)
    .bss                                     0x20004f90   Section      400  user_mb_app.o(.bss)
    .bss                                     0x20005120   Section      265  portserial.o(.bss)
    rx_buff                                  0x20005120   Data         265  portserial.o(.bss)
    .bss                                     0x2000522a   Section     6560  user_mb_app_m.o(.bss)
    .bss                                     0x20006bca   Section      265  portserial_m.o(.bss)
    rx_buff                                  0x20006bca   Data         265  portserial_m.o(.bss)
    .bss                                     0x20006cd3   Section      509  mbrtu_m.o(.bss)
    ucMasterRTUSndBuf                        0x20006cd3   Data         253  mbrtu_m.o(.bss)
    ucMasterRTURcvBuf                        0x20006dd0   Data         256  mbrtu_m.o(.bss)
    STACK                                    0x20006ed0   Section     2048  startup_stm32f407xx.o(STACK)

    Global Symbols

    Symbol Name                              Value     Ov Type        Size  Object(Section)

    BuildAttributes$$THM_ISAv4$E$P$D$K$B$S$7EM$VFPi3$EXTD16$VFPS$VFMA$PE$A:L22UL41UL21$X:L11$S22US41US21$IEEE1$IW$USESV6$~STKCKD$USESV7$~SHL$OSPACE$EBA8$MICROLIB$REQ8$PRES8$EABIv2 0x00000000   Number         0  anon$$obj.o ABSOLUTE
    __ARM_use_no_argv                        0x00000000   Number         0  main.o ABSOLUTE
    __cpp_initialize__aeabi_                  - Undefined Weak Reference
    __cxa_finalize                            - Undefined Weak Reference
    _clock_init                               - Undefined Weak Reference
    _microlib_exit                            - Undefined Weak Reference
    __Vectors_Size                           0x00000188   Number         0  startup_stm32f407xx.o ABSOLUTE
    __Vectors                                0x08000000   Data           4  startup_stm32f407xx.o(RESET)
    __Vectors_End                            0x08000188   Data           0  startup_stm32f407xx.o(RESET)
    __main                                   0x08000189   Thumb Code     0  entry.o(.ARM.Collect$$$$00000000)
    _main_stk                                0x08000189   Thumb Code     0  entry2.o(.ARM.Collect$$$$00000001)
    _main_scatterload                        0x0800018d   Thumb Code     0  entry5.o(.ARM.Collect$$$$00000004)
    __main_after_scatterload                 0x08000191   Thumb Code     0  entry5.o(.ARM.Collect$$$$00000004)
    _main_clock                              0x08000191   Thumb Code     0  entry7b.o(.ARM.Collect$$$$00000008)
    _main_cpp_init                           0x08000191   Thumb Code     0  entry8b.o(.ARM.Collect$$$$0000000A)
    _main_init                               0x08000191   Thumb Code     0  entry9a.o(.ARM.Collect$$$$0000000B)
    __rt_final_cpp                           0x08000199   Thumb Code     0  entry10a.o(.ARM.Collect$$$$0000000D)
    __rt_final_exit                          0x08000199   Thumb Code     0  entry11a.o(.ARM.Collect$$$$0000000F)
    SVC_Handler                              0x0800019d   Thumb Code    28  port.o(.emb_text)
    __asm___6_port_c_39a90d8d__prvStartFirstTask 0x080001bd   Thumb Code    36  port.o(.emb_text)
    __asm___6_port_c_39a90d8d__prvEnableVFP  0x080001e5   Thumb Code    16  port.o(.emb_text)
    PendSV_Handler                           0x080001f9   Thumb Code    88  port.o(.emb_text)
    vPortGetIPSR                             0x08000255   Thumb Code     6  port.o(.emb_text)
    Reset_Handler                            0x0800025d   Thumb Code     8  startup_stm32f407xx.o(.text)
    ADC_IRQHandler                           0x08000277   Thumb Code     0  startup_stm32f407xx.o(.text)
    CAN1_RX0_IRQHandler                      0x08000277   Thumb Code     0  startup_stm32f407xx.o(.text)
    CAN1_RX1_IRQHandler                      0x08000277   Thumb Code     0  startup_stm32f407xx.o(.text)
    CAN1_SCE_IRQHandler                      0x08000277   Thumb Code     0  startup_stm32f407xx.o(.text)
    CAN1_TX_IRQHandler                       0x08000277   Thumb Code     0  startup_stm32f407xx.o(.text)
    CAN2_RX0_IRQHandler                      0x08000277   Thumb Code     0  startup_stm32f407xx.o(.text)
    CAN2_RX1_IRQHandler                      0x08000277   Thumb Code     0  startup_stm32f407xx.o(.text)
    CAN2_SCE_IRQHandler                      0x08000277   Thumb Code     0  startup_stm32f407xx.o(.text)
    CAN2_TX_IRQHandler                       0x08000277   Thumb Code     0  startup_stm32f407xx.o(.text)
    DCMI_IRQHandler                          0x08000277   Thumb Code     0  startup_stm32f407xx.o(.text)
    DMA1_Stream0_IRQHandler                  0x08000277   Thumb Code     0  startup_stm32f407xx.o(.text)
    DMA1_Stream1_IRQHandler                  0x08000277   Thumb Code     0  startup_stm32f407xx.o(.text)
    DMA1_Stream2_IRQHandler                  0x08000277   Thumb Code     0  startup_stm32f407xx.o(.text)
    DMA1_Stream3_IRQHandler                  0x08000277   Thumb Code     0  startup_stm32f407xx.o(.text)
    DMA1_Stream4_IRQHandler                  0x08000277   Thumb Code     0  startup_stm32f407xx.o(.text)
    DMA1_Stream7_IRQHandler                  0x08000277   Thumb Code     0  startup_stm32f407xx.o(.text)
    DMA2_Stream0_IRQHandler                  0x08000277   Thumb Code     0  startup_stm32f407xx.o(.text)
    DMA2_Stream1_IRQHandler                  0x08000277   Thumb Code     0  startup_stm32f407xx.o(.text)
    DMA2_Stream2_IRQHandler                  0x08000277   Thumb Code     0  startup_stm32f407xx.o(.text)
    DMA2_Stream3_IRQHandler                  0x08000277   Thumb Code     0  startup_stm32f407xx.o(.text)
    DMA2_Stream4_IRQHandler                  0x08000277   Thumb Code     0  startup_stm32f407xx.o(.text)
    DMA2_Stream5_IRQHandler                  0x08000277   Thumb Code     0  startup_stm32f407xx.o(.text)
    DMA2_Stream6_IRQHandler                  0x08000277   Thumb Code     0  startup_stm32f407xx.o(.text)
    DMA2_Stream7_IRQHandler                  0x08000277   Thumb Code     0  startup_stm32f407xx.o(.text)
    ETH_IRQHandler                           0x08000277   Thumb Code     0  startup_stm32f407xx.o(.text)
    ETH_WKUP_IRQHandler                      0x08000277   Thumb Code     0  startup_stm32f407xx.o(.text)
    EXTI0_IRQHandler                         0x08000277   Thumb Code     0  startup_stm32f407xx.o(.text)
    EXTI15_10_IRQHandler                     0x08000277   Thumb Code     0  startup_stm32f407xx.o(.text)
    EXTI1_IRQHandler                         0x08000277   Thumb Code     0  startup_stm32f407xx.o(.text)
    EXTI2_IRQHandler                         0x08000277   Thumb Code     0  startup_stm32f407xx.o(.text)
    EXTI3_IRQHandler                         0x08000277   Thumb Code     0  startup_stm32f407xx.o(.text)
    EXTI4_IRQHandler                         0x08000277   Thumb Code     0  startup_stm32f407xx.o(.text)
    EXTI9_5_IRQHandler                       0x08000277   Thumb Code     0  startup_stm32f407xx.o(.text)
    FLASH_IRQHandler                         0x08000277   Thumb Code     0  startup_stm32f407xx.o(.text)
    FMC_IRQHandler                           0x08000277   Thumb Code     0  startup_stm32f407xx.o(.text)
    FPU_IRQHandler                           0x08000277   Thumb Code     0  startup_stm32f407xx.o(.text)
    HASH_RNG_IRQHandler                      0x08000277   Thumb Code     0  startup_stm32f407xx.o(.text)
    I2C1_ER_IRQHandler                       0x08000277   Thumb Code     0  startup_stm32f407xx.o(.text)
    I2C1_EV_IRQHandler                       0x08000277   Thumb Code     0  startup_stm32f407xx.o(.text)
    I2C2_ER_IRQHandler                       0x08000277   Thumb Code     0  startup_stm32f407xx.o(.text)
    I2C2_EV_IRQHandler                       0x08000277   Thumb Code     0  startup_stm32f407xx.o(.text)
    I2C3_ER_IRQHandler                       0x08000277   Thumb Code     0  startup_stm32f407xx.o(.text)
    I2C3_EV_IRQHandler                       0x08000277   Thumb Code     0  startup_stm32f407xx.o(.text)
    OTG_FS_IRQHandler                        0x08000277   Thumb Code     0  startup_stm32f407xx.o(.text)
    OTG_FS_WKUP_IRQHandler                   0x08000277   Thumb Code     0  startup_stm32f407xx.o(.text)
    OTG_HS_EP1_IN_IRQHandler                 0x08000277   Thumb Code     0  startup_stm32f407xx.o(.text)
    OTG_HS_EP1_OUT_IRQHandler                0x08000277   Thumb Code     0  startup_stm32f407xx.o(.text)
    OTG_HS_IRQHandler                        0x08000277   Thumb Code     0  startup_stm32f407xx.o(.text)
    OTG_HS_WKUP_IRQHandler                   0x08000277   Thumb Code     0  startup_stm32f407xx.o(.text)
    PVD_IRQHandler                           0x08000277   Thumb Code     0  startup_stm32f407xx.o(.text)
    RCC_IRQHandler                           0x08000277   Thumb Code     0  startup_stm32f407xx.o(.text)
    RTC_Alarm_IRQHandler                     0x08000277   Thumb Code     0  startup_stm32f407xx.o(.text)
    RTC_WKUP_IRQHandler                      0x08000277   Thumb Code     0  startup_stm32f407xx.o(.text)
    SDIO_IRQHandler                          0x08000277   Thumb Code     0  startup_stm32f407xx.o(.text)
    SPI2_IRQHandler                          0x08000277   Thumb Code     0  startup_stm32f407xx.o(.text)
    SPI3_IRQHandler                          0x08000277   Thumb Code     0  startup_stm32f407xx.o(.text)
    TAMP_STAMP_IRQHandler                    0x08000277   Thumb Code     0  startup_stm32f407xx.o(.text)
    TIM1_BRK_TIM9_IRQHandler                 0x08000277   Thumb Code     0  startup_stm32f407xx.o(.text)
    TIM1_CC_IRQHandler                       0x08000277   Thumb Code     0  startup_stm32f407xx.o(.text)
    TIM1_TRG_COM_TIM11_IRQHandler            0x08000277   Thumb Code     0  startup_stm32f407xx.o(.text)
    TIM1_UP_TIM10_IRQHandler                 0x08000277   Thumb Code     0  startup_stm32f407xx.o(.text)
    TIM2_IRQHandler                          0x08000277   Thumb Code     0  startup_stm32f407xx.o(.text)
    TIM3_IRQHandler                          0x08000277   Thumb Code     0  startup_stm32f407xx.o(.text)
    TIM4_IRQHandler                          0x08000277   Thumb Code     0  startup_stm32f407xx.o(.text)
    TIM5_IRQHandler                          0x08000277   Thumb Code     0  startup_stm32f407xx.o(.text)
    TIM8_BRK_TIM12_IRQHandler                0x08000277   Thumb Code     0  startup_stm32f407xx.o(.text)
    TIM8_CC_IRQHandler                       0x08000277   Thumb Code     0  startup_stm32f407xx.o(.text)
    TIM8_TRG_COM_TIM14_IRQHandler            0x08000277   Thumb Code     0  startup_stm32f407xx.o(.text)
    TIM8_UP_TIM13_IRQHandler                 0x08000277   Thumb Code     0  startup_stm32f407xx.o(.text)
    UART4_IRQHandler                         0x08000277   Thumb Code     0  startup_stm32f407xx.o(.text)
    UART5_IRQHandler                         0x08000277   Thumb Code     0  startup_stm32f407xx.o(.text)
    USART1_IRQHandler                        0x08000277   Thumb Code     0  startup_stm32f407xx.o(.text)
    USART6_IRQHandler                        0x08000277   Thumb Code     0  startup_stm32f407xx.o(.text)
    WWDG_IRQHandler                          0x08000277   Thumb Code     0  startup_stm32f407xx.o(.text)
    __aeabi_uldivmod                         0x08000281   Thumb Code    98  uldiv.o(.text)
    __aeabi_memcpy                           0x080002e3   Thumb Code    36  memcpya.o(.text)
    __aeabi_memcpy4                          0x080002e3   Thumb Code     0  memcpya.o(.text)
    __aeabi_memcpy8                          0x080002e3   Thumb Code     0  memcpya.o(.text)
    __aeabi_memset                           0x08000307   Thumb Code    14  memseta.o(.text)
    __aeabi_memset4                          0x08000307   Thumb Code     0  memseta.o(.text)
    __aeabi_memset8                          0x08000307   Thumb Code     0  memseta.o(.text)
    __aeabi_memclr                           0x08000315   Thumb Code     4  memseta.o(.text)
    __aeabi_memclr4                          0x08000315   Thumb Code     0  memseta.o(.text)
    __aeabi_memclr8                          0x08000315   Thumb Code     0  memseta.o(.text)
    memset                                   0x08000319   Thumb Code    18  memseta.o(.text)
    __aeabi_llsl                             0x0800032b   Thumb Code    30  llshl.o(.text)
    _ll_shift_l                              0x0800032b   Thumb Code     0  llshl.o(.text)
    __aeabi_llsr                             0x08000349   Thumb Code    32  llushr.o(.text)
    _ll_ushift_r                             0x08000349   Thumb Code     0  llushr.o(.text)
    __scatterload                            0x08000369   Thumb Code    28  init.o(.text)
    __scatterload_rt2                        0x08000369   Thumb Code     0  init.o(.text)
    __decompress                             0x0800038d   Thumb Code     0  __dczerorl2.o(.text)
    __decompress1                            0x0800038d   Thumb Code    86  __dczerorl2.o(.text)
    BusFault_Handler                         0x080003e3   Thumb Code     2  stm32f4xx_it.o(i.BusFault_Handler)
    DMA1_Stream5_IRQHandler                  0x080003e5   Thumb Code     6  stm32f4xx_it.o(i.DMA1_Stream5_IRQHandler)
    DMA1_Stream6_IRQHandler                  0x080003f1   Thumb Code     6  stm32f4xx_it.o(i.DMA1_Stream6_IRQHandler)
    DebugMon_Handler                         0x08000479   Thumb Code     2  stm32f4xx_it.o(i.DebugMon_Handler)
    EnterCriticalSection                     0x0800047b   Thumb Code     4  port_1.o(i.EnterCriticalSection)
    Error_Handler                            0x0800047f   Thumb Code     2  main.o(i.Error_Handler)
    ExitCriticalSection                      0x08000481   Thumb Code     4  port_1.o(i.ExitCriticalSection)
    Get_from_fifo                            0x08000485   Thumb Code    80  port_1.o(i.Get_from_fifo)
    HAL_DMA_Abort_IT                         0x080004d5   Thumb Code    36  stm32f4xx_hal_dma.o(i.HAL_DMA_Abort_IT)
    HAL_DMA_IRQHandler                       0x080004f9   Thumb Code   412  stm32f4xx_hal_dma.o(i.HAL_DMA_IRQHandler)
    HAL_DMA_Init                             0x08000699   Thumb Code   206  stm32f4xx_hal_dma.o(i.HAL_DMA_Init)
    HAL_GPIO_Init                            0x0800076d   Thumb Code   394  stm32f4xx_hal_gpio.o(i.HAL_GPIO_Init)
    HAL_GPIO_TogglePin                       0x08000925   Thumb Code    14  stm32f4xx_hal_gpio.o(i.HAL_GPIO_TogglePin)
    HAL_GPIO_WritePin                        0x08000933   Thumb Code    10  stm32f4xx_hal_gpio.o(i.HAL_GPIO_WritePin)
    HAL_GetTick                              0x0800093d   Thumb Code     6  stm32f4xx_hal.o(i.HAL_GetTick)
    HAL_I2C_Init                             0x08000949   Thumb Code   376  stm32f4xx_hal_i2c.o(i.HAL_I2C_Init)
    HAL_I2C_MspInit                          0x08000ad1   Thumb Code    92  i2c.o(i.HAL_I2C_MspInit)
    HAL_IncTick                              0x08000b39   Thumb Code    12  stm32f4xx_hal.o(i.HAL_IncTick)
    HAL_Init                                 0x08000b49   Thumb Code    48  stm32f4xx_hal.o(i.HAL_Init)
    HAL_InitTick                             0x08000b7d   Thumb Code   100  stm32f4xx_hal_timebase_tim.o(i.HAL_InitTick)
    HAL_MspInit                              0x08000bf1   Thumb Code    52  stm32f4xx_hal_msp.o(i.HAL_MspInit)
    HAL_NVIC_EnableIRQ                       0x08000c29   Thumb Code    26  stm32f4xx_hal_cortex.o(i.HAL_NVIC_EnableIRQ)
    HAL_NVIC_SetPriority                     0x08000c45   Thumb Code    60  stm32f4xx_hal_cortex.o(i.HAL_NVIC_SetPriority)
    HAL_NVIC_SetPriorityGrouping             0x08000c85   Thumb Code    26  stm32f4xx_hal_cortex.o(i.HAL_NVIC_SetPriorityGrouping)
    HAL_RCC_ClockConfig                      0x08000ca9   Thumb Code   288  stm32f4xx_hal_rcc.o(i.HAL_RCC_ClockConfig)
    HAL_RCC_GetClockConfig                   0x08000ddd   Thumb Code    54  stm32f4xx_hal_rcc.o(i.HAL_RCC_GetClockConfig)
    HAL_RCC_GetPCLK1Freq                     0x08000e1d   Thumb Code    20  stm32f4xx_hal_rcc.o(i.HAL_RCC_GetPCLK1Freq)
    HAL_RCC_GetPCLK2Freq                     0x08000e3d   Thumb Code    20  stm32f4xx_hal_rcc.o(i.HAL_RCC_GetPCLK2Freq)
    HAL_RCC_GetSysClockFreq                  0x08000e5d   Thumb Code    88  stm32f4xx_hal_rcc.o(i.HAL_RCC_GetSysClockFreq)
    HAL_RCC_OscConfig                        0x08000ebd   Thumb Code   840  stm32f4xx_hal_rcc.o(i.HAL_RCC_OscConfig)
    HAL_SPI_ErrorCallback                    0x08001219   Thumb Code     2  stm32f4xx_hal_spi.o(i.HAL_SPI_ErrorCallback)
    HAL_SPI_IRQHandler                       0x0800121d   Thumb Code   246  stm32f4xx_hal_spi.o(i.HAL_SPI_IRQHandler)
    HAL_SPI_Init                             0x08001319   Thumb Code   128  stm32f4xx_hal_spi.o(i.HAL_SPI_Init)
    HAL_SPI_MspInit                          0x08001399   Thumb Code   108  spi.o(i.HAL_SPI_MspInit)
    HAL_TIMEx_BreakCallback                  0x08001411   Thumb Code     2  stm32f4xx_hal_tim_ex.o(i.HAL_TIMEx_BreakCallback)
    HAL_TIMEx_CommutCallback                 0x08001413   Thumb Code     2  stm32f4xx_hal_tim_ex.o(i.HAL_TIMEx_CommutCallback)
    HAL_TIMEx_MasterConfigSynchronization    0x08001415   Thumb Code   116  stm32f4xx_hal_tim_ex.o(i.HAL_TIMEx_MasterConfigSynchronization)
    HAL_TIM_Base_Init                        0x080014a5   Thumb Code    54  stm32f4xx_hal_tim.o(i.HAL_TIM_Base_Init)
    HAL_TIM_Base_MspInit                     0x080014dd   Thumb Code    50  tim.o(i.HAL_TIM_Base_MspInit)
    HAL_TIM_Base_Start_IT                    0x08001519   Thumb Code    34  stm32f4xx_hal_tim.o(i.HAL_TIM_Base_Start_IT)
    HAL_TIM_IC_CaptureCallback               0x0800153b   Thumb Code     2  stm32f4xx_hal_tim.o(i.HAL_TIM_IC_CaptureCallback)
    HAL_TIM_IRQHandler                       0x0800153d   Thumb Code   358  stm32f4xx_hal_tim.o(i.HAL_TIM_IRQHandler)
    HAL_TIM_OC_DelayElapsedCallback          0x080016a3   Thumb Code     2  stm32f4xx_hal_tim.o(i.HAL_TIM_OC_DelayElapsedCallback)
    HAL_TIM_PWM_PulseFinishedCallback        0x080016a5   Thumb Code     2  stm32f4xx_hal_tim.o(i.HAL_TIM_PWM_PulseFinishedCallback)
    HAL_TIM_PeriodElapsedCallback            0x080016a9   Thumb Code    14  main.o(i.HAL_TIM_PeriodElapsedCallback)
    HAL_TIM_TriggerCallback                  0x080016bd   Thumb Code     2  stm32f4xx_hal_tim.o(i.HAL_TIM_TriggerCallback)
    HAL_UART_AbortCpltCallback               0x080016bf   Thumb Code     2  stm32f4xx_hal_uart.o(i.HAL_UART_AbortCpltCallback)
    HAL_UART_AbortReceiveCpltCallback        0x080016c1   Thumb Code     2  stm32f4xx_hal_uart.o(i.HAL_UART_AbortReceiveCpltCallback)
    HAL_UART_AbortTransmitCpltCallback       0x080016c3   Thumb Code     2  stm32f4xx_hal_uart.o(i.HAL_UART_AbortTransmitCpltCallback)
    HAL_UART_ErrorCallback                   0x080016c5   Thumb Code     2  stm32f4xx_hal_uart.o(i.HAL_UART_ErrorCallback)
    HAL_UART_Init                            0x080016c9   Thumb Code   112  stm32f4xx_hal_uart.o(i.HAL_UART_Init)
    HAL_UART_MspInit                         0x0800173d   Thumb Code   364  usart.o(i.HAL_UART_MspInit)
    HAL_UART_RegisterCallback                0x080018c9   Thumb Code   142  stm32f4xx_hal_uart.o(i.HAL_UART_RegisterCallback)
    HAL_UART_RxCpltCallback                  0x08001957   Thumb Code     2  stm32f4xx_hal_uart.o(i.HAL_UART_RxCpltCallback)
    HAL_UART_RxHalfCpltCallback              0x08001959   Thumb Code     2  stm32f4xx_hal_uart.o(i.HAL_UART_RxHalfCpltCallback)
    HAL_UART_TxCpltCallback                  0x0800195b   Thumb Code     2  stm32f4xx_hal_uart.o(i.HAL_UART_TxCpltCallback)
    HAL_UART_TxHalfCpltCallback              0x0800195d   Thumb Code     2  stm32f4xx_hal_uart.o(i.HAL_UART_TxHalfCpltCallback)
    HardFault_Handler                        0x0800195f   Thumb Code     2  stm32f4xx_it.o(i.HardFault_Handler)
    IS_IRQ                                   0x08001961   Thumb Code    14  port_1.o(i.IS_IRQ)
    MX_DMA_Init                              0x08001971   Thumb Code    56  dma.o(i.MX_DMA_Init)
    MX_FREERTOS_Init                         0x080019ad   Thumb Code    46  freertos.o(i.MX_FREERTOS_Init)
    MX_GPIO_Init                             0x080019f1   Thumb Code   202  gpio.o(i.MX_GPIO_Init)
    MX_I2C1_Init                             0x08001acd   Thumb Code    50  i2c.o(i.MX_I2C1_Init)
    MX_SPI1_Init                             0x08001b0d   Thumb Code    62  spi.o(i.MX_SPI1_Init)
    MX_TIM7_Init                             0x08001b55   Thumb Code    60  tim.o(i.MX_TIM7_Init)
    MX_USART1_UART_Init                      0x08001b99   Thumb Code    48  usart.o(i.MX_USART1_UART_Init)
    MX_USART2_UART_Init                      0x08001bd1   Thumb Code    48  usart.o(i.MX_USART2_UART_Init)
    MX_USART3_UART_Init                      0x08001c09   Thumb Code    48  usart.o(i.MX_USART3_UART_Init)
    MasterTask                               0x08001c41   Thumb Code    26  freertos.o(i.MasterTask)
    MemManage_Handler                        0x08001c9d   Thumb Code     2  stm32f4xx_it.o(i.MemManage_Handler)
    NMI_Handler                              0x08001c9f   Thumb Code     2  stm32f4xx_it.o(i.NMI_Handler)
    Put_in_fifo                              0x08001ca1   Thumb Code    80  port_1.o(i.Put_in_fifo)
    SPI1_IRQHandler                          0x08001cf1   Thumb Code     6  stm32f4xx_it.o(i.SPI1_IRQHandler)
    SlaveTask                                0x08001d0d   Thumb Code    30  freertos.o(i.SlaveTask)
    StartSYSTask                             0x08001d6d   Thumb Code    34  freertos.o(i.StartSYSTask)
    SysTick_Handler                          0x08001d99   Thumb Code    38  port.o(i.SysTick_Handler)
    SystemClock_Config                       0x08001dc5   Thumb Code   122  main.o(i.SystemClock_Config)
    SystemInit                               0x08001e49   Thumb Code    22  system_stm32f4xx.o(i.SystemInit)
    TIM6_DAC_IRQHandler                      0x08001e65   Thumb Code     6  stm32f4xx_it.o(i.TIM6_DAC_IRQHandler)
    TIM7_IRQHandler                          0x08001e71   Thumb Code     6  stm32f4xx_it.o(i.TIM7_IRQHandler)
    TIM_Base_SetConfig                       0x08001e7d   Thumb Code   156  stm32f4xx_hal_tim.o(i.TIM_Base_SetConfig)
    UART_InitCallbacksToDefault              0x08001f45   Thumb Code    34  stm32f4xx_hal_uart.o(i.UART_InitCallbacksToDefault)
    USART2_IRQHandler                        0x080020b1   Thumb Code    56  stm32f4xx_it.o(i.USART2_IRQHandler)
    USART3_IRQHandler                        0x080020ed   Thumb Code    56  stm32f4xx_it.o(i.USART3_IRQHandler)
    UsageFault_Handler                       0x08002129   Thumb Code     2  stm32f4xx_it.o(i.UsageFault_Handler)
    __scatterload_copy                       0x0800214b   Thumb Code    14  handlers.o(i.__scatterload_copy)
    __scatterload_null                       0x08002159   Thumb Code     2  handlers.o(i.__scatterload_null)
    __scatterload_zeroinit                   0x0800215b   Thumb Code    14  handlers.o(i.__scatterload_zeroinit)
    eMBEnable                                0x08002169   Thumb Code    28  mb.o(i.eMBEnable)
    eMBFuncReadCoils                         0x08002189   Thumb Code   114  mbfunccoils.o(i.eMBFuncReadCoils)
    eMBFuncReadDiscreteInputs                0x080021fb   Thumb Code   114  mbfuncdisc.o(i.eMBFuncReadDiscreteInputs)
    eMBFuncReadHoldingRegister               0x0800226d   Thumb Code   100  mbfuncholding.o(i.eMBFuncReadHoldingRegister)
    eMBFuncReadInputRegister                 0x080022d1   Thumb Code    98  mbfuncinput.o(i.eMBFuncReadInputRegister)
    eMBFuncReadWriteMultipleHoldingRegister  0x08002333   Thumb Code   156  mbfuncholding.o(i.eMBFuncReadWriteMultipleHoldingRegister)
    eMBFuncReportSlaveID                     0x080023d1   Thumb Code    26  mbfuncother.o(i.eMBFuncReportSlaveID)
    eMBFuncWriteCoil                         0x080023f5   Thumb Code    86  mbfunccoils.o(i.eMBFuncWriteCoil)
    eMBFuncWriteHoldingRegister              0x0800244b   Thumb Code    50  mbfuncholding.o(i.eMBFuncWriteHoldingRegister)
    eMBFuncWriteMultipleCoils                0x0800247d   Thumb Code   100  mbfunccoils.o(i.eMBFuncWriteMultipleCoils)
    eMBFuncWriteMultipleHoldingRegister      0x080024e1   Thumb Code    78  mbfuncholding.o(i.eMBFuncWriteMultipleHoldingRegister)
    eMBInit                                  0x08002531   Thumb Code    96  mb.o(i.eMBInit)
    eMBMasterEnable                          0x080025b1   Thumb Code    28  mb_m.o(i.eMBMasterEnable)
    eMBMasterFuncReadCoils                   0x080025d1   Thumb Code    98  mbfunccoils_m.o(i.eMBMasterFuncReadCoils)
    eMBMasterFuncReadDiscreteInputs          0x08002633   Thumb Code    96  mbfuncdisc_m.o(i.eMBMasterFuncReadDiscreteInputs)
    eMBMasterFuncReadHoldingRegister         0x08002693   Thumb Code    82  mbfuncholding_m.o(i.eMBMasterFuncReadHoldingRegister)
    eMBMasterFuncReadInputRegister           0x080026e5   Thumb Code    80  mbfuncinput_m.o(i.eMBMasterFuncReadInputRegister)
    eMBMasterFuncReadWriteMultipleHoldingRegister 0x08002735   Thumb Code   114  mbfuncholding_m.o(i.eMBMasterFuncReadWriteMultipleHoldingRegister)
    eMBMasterFuncWriteCoil                   0x080027a7   Thumb Code    86  mbfunccoils_m.o(i.eMBMasterFuncWriteCoil)
    eMBMasterFuncWriteHoldingRegister        0x080027fd   Thumb Code    50  mbfuncholding_m.o(i.eMBMasterFuncWriteHoldingRegister)
    eMBMasterFuncWriteMultipleCoils          0x0800282f   Thumb Code    96  mbfunccoils_m.o(i.eMBMasterFuncWriteMultipleCoils)
    eMBMasterFuncWriteMultipleHoldingRegister 0x0800288f   Thumb Code    76  mbfuncholding_m.o(i.eMBMasterFuncWriteMultipleHoldingRegister)
    eMBMasterInit                            0x080028dd   Thumb Code    84  mb_m.o(i.eMBMasterInit)
    eMBMasterPoll                            0x08002951   Thumb Code   324  mb_m.o(i.eMBMasterPoll)
    eMBMasterRTUInit                         0x08002a99   Thumb Code    68  mbrtu_m.o(i.eMBMasterRTUInit)
    eMBMasterRTUReceive                      0x08002ae1   Thumb Code    68  mbrtu_m.o(i.eMBMasterRTUReceive)
    eMBMasterRTUSend                         0x08002b2d   Thumb Code   104  mbrtu_m.o(i.eMBMasterRTUSend)
    eMBMasterRTUStart                        0x08002b9d   Thumb Code    32  mbrtu_m.o(i.eMBMasterRTUStart)
    eMBMasterRTUStop                         0x08002bc1   Thumb Code    26  mbrtu_m.o(i.eMBMasterRTUStop)
    eMBMasterRegCoilsCB                      0x08002bdd   Thumb Code   114  user_mb_app_m.o(i.eMBMasterRegCoilsCB)
    eMBMasterRegDiscreteCB                   0x08002c59   Thumb Code   114  user_mb_app_m.o(i.eMBMasterRegDiscreteCB)
    eMBMasterRegHoldingCB                    0x08002cd5   Thumb Code    94  user_mb_app_m.o(i.eMBMasterRegHoldingCB)
    eMBMasterRegInputCB                      0x08002d3d   Thumb Code    94  user_mb_app_m.o(i.eMBMasterRegInputCB)
    eMBPoll                                  0x08002da5   Thumb Code   174  mb.o(i.eMBPoll)
    eMBRTUInit                               0x08002e59   Thumb Code    68  mbrtu.o(i.eMBRTUInit)
    eMBRTUReceive                            0x08002ea1   Thumb Code    68  mbrtu.o(i.eMBRTUReceive)
    eMBRTUSend                               0x08002eed   Thumb Code    98  mbrtu.o(i.eMBRTUSend)
    eMBRTUStart                              0x08002f59   Thumb Code    32  mbrtu.o(i.eMBRTUStart)
    eMBRTUStop                               0x08002f7d   Thumb Code    26  mbrtu.o(i.eMBRTUStop)
    eMBRegCoilsCB                            0x08002f99   Thumb Code   154  user_mb_app.o(i.eMBRegCoilsCB)
    eMBRegDiscreteCB                         0x08003039   Thumb Code   112  user_mb_app.o(i.eMBRegDiscreteCB)
    eMBRegHoldingCB                          0x080030ad   Thumb Code   104  user_mb_app.o(i.eMBRegHoldingCB)
    eMBRegInputCB                            0x0800311d   Thumb Code    66  user_mb_app.o(i.eMBRegInputCB)
    main                                     0x08003169   Thumb Code    54  main.o(i.main)
    osDelay                                  0x080031a1   Thumb Code    46  cmsis_os2.o(i.osDelay)
    osEventFlagsClear                        0x080031d5   Thumb Code    82  cmsis_os2.o(i.osEventFlagsClear)
    osEventFlagsNew                          0x0800322d   Thumb Code    64  cmsis_os2.o(i.osEventFlagsNew)
    osEventFlagsSet                          0x08003271   Thumb Code    98  cmsis_os2.o(i.osEventFlagsSet)
    osEventFlagsWait                         0x080032dd   Thumb Code   118  cmsis_os2.o(i.osEventFlagsWait)
    osKernelInitialize                       0x08003359   Thumb Code    48  cmsis_os2.o(i.osKernelInitialize)
    osKernelStart                            0x0800338d   Thumb Code    56  cmsis_os2.o(i.osKernelStart)
    osSemaphoreNew                           0x080033c9   Thumb Code   172  cmsis_os2.o(i.osSemaphoreNew)
    osSemaphoreRelease                       0x08003479   Thumb Code   104  cmsis_os2.o(i.osSemaphoreRelease)
    osThreadNew                              0x080034e9   Thumb Code   158  cmsis_os2.o(i.osThreadNew)
    prveMBError2Exception                    0x08003d83   Thumb Code    24  mbutils.o(i.prveMBError2Exception)
    pvPortMalloc                             0x08003d9d   Thumb Code   210  heap_4.o(i.pvPortMalloc)
    pxPortInitialiseStack                    0x08003e75   Thumb Code    40  port.o(i.pxPortInitialiseStack)
    ucMBMasterGetDestAddress                 0x08003f11   Thumb Code     6  mb_m.o(i.ucMBMasterGetDestAddress)
    usMBCRC16                                0x08003f1d   Thumb Code    40  mbcrc.o(i.usMBCRC16)
    usMBMasterGetPDUSndLength                0x08003f49   Thumb Code     6  mbrtu_m.o(i.usMBMasterGetPDUSndLength)
    uxListRemove                             0x08003f55   Thumb Code    38  list.o(i.uxListRemove)
    uxTaskResetEventItemValue                0x08003f7d   Thumb Code    20  tasks.o(i.uxTaskResetEventItemValue)
    vApplicationGetIdleTaskMemory            0x08003f95   Thumb Code    16  cmsis_os2.o(i.vApplicationGetIdleTaskMemory)
    vApplicationGetTimerTaskMemory           0x08003fa9   Thumb Code    18  cmsis_os2.o(i.vApplicationGetTimerTaskMemory)
    vEventGroupClearBitsCallback             0x08003fc1   Thumb Code     4  event_groups.o(i.vEventGroupClearBitsCallback)
    vEventGroupSetBitsCallback               0x08003fc5   Thumb Code     4  event_groups.o(i.vEventGroupSetBitsCallback)
    vListInitialise                          0x08003fc9   Thumb Code    22  list.o(i.vListInitialise)
    vListInitialiseItem                      0x08003fdf   Thumb Code     6  list.o(i.vListInitialiseItem)
    vListInsert                              0x08003fe5   Thumb Code    48  list.o(i.vListInsert)
    vListInsertEnd                           0x08004015   Thumb Code    24  list.o(i.vListInsertEnd)
    vMBMasterCBRequestScuuess                0x0800402d   Thumb Code    10  portevent_m.o(i.vMBMasterCBRequestScuuess)
    vMBMasterErrorCBExecuteFunction          0x0800403d   Thumb Code    12  portevent_m.o(i.vMBMasterErrorCBExecuteFunction)
    vMBMasterErrorCBReceiveData              0x0800404d   Thumb Code    10  portevent_m.o(i.vMBMasterErrorCBReceiveData)
    vMBMasterErrorCBRespondTimeout           0x0800405d   Thumb Code    10  portevent_m.o(i.vMBMasterErrorCBRespondTimeout)
    vMBMasterGetPDUSndBuf                    0x0800406d   Thumb Code     6  mbrtu_m.o(i.vMBMasterGetPDUSndBuf)
    vMBMasterOsResInit                       0x08004079   Thumb Code    18  portevent_m.o(i.vMBMasterOsResInit)
    vMBMasterPortSerialEnable                0x08004095   Thumb Code    80  portserial_m.o(i.vMBMasterPortSerialEnable)
    vMBMasterPortTimersConvertDelayEnable    0x080040ed   Thumb Code    40  porttimer_m.o(i.vMBMasterPortTimersConvertDelayEnable)
    vMBMasterPortTimersDisable               0x08004119   Thumb Code    32  porttimer_m.o(i.vMBMasterPortTimersDisable)
    vMBMasterPortTimersRespondTimeoutEnable  0x0800413d   Thumb Code    40  porttimer_m.o(i.vMBMasterPortTimersRespondTimeoutEnable)
    vMBMasterPortTimersT35Enable             0x08004169   Thumb Code    54  porttimer_m.o(i.vMBMasterPortTimersT35Enable)
    vMBMasterRunResRelease                   0x080041a5   Thumb Code     8  portevent_m.o(i.vMBMasterRunResRelease)
    vMBMasterSetCurTimerMode                 0x080041b1   Thumb Code     6  mbrtu_m.o(i.vMBMasterSetCurTimerMode)
    vMBMasterSetErrorType                    0x080041bd   Thumb Code     6  mb_m.o(i.vMBMasterSetErrorType)
    vMBPortSerialEnable                      0x080041c9   Thumb Code    80  portserial.o(i.vMBPortSerialEnable)
    vMBPortTimersDisable                     0x08004221   Thumb Code    32  porttimer.o(i.vMBPortTimersDisable)
    vMBPortTimersEnable                      0x08004245   Thumb Code    46  porttimer.o(i.vMBPortTimersEnable)
    vPortEnterCritical                       0x08004279   Thumb Code    54  port.o(i.vPortEnterCritical)
    vPortExitCritical                        0x080042b9   Thumb Code    34  port.o(i.vPortExitCritical)
    vPortFree                                0x080042e1   Thumb Code    88  heap_4.o(i.vPortFree)
    vPortSetupTimerInterrupt                 0x0800433d   Thumb Code    32  port.o(i.vPortSetupTimerInterrupt)
    vPortValidateInterruptPriority           0x08004361   Thumb Code    74  port.o(i.vPortValidateInterruptPriority)
    vQueueAddToRegistry                      0x080043b5   Thumb Code    34  queue.o(i.vQueueAddToRegistry)
    vQueueDelete                             0x080043dd   Thumb Code    46  queue.o(i.vQueueDelete)
    vQueueUnregisterQueue                    0x0800440d   Thumb Code    36  queue.o(i.vQueueUnregisterQueue)
    vQueueWaitForMessageRestricted           0x08004435   Thumb Code    68  queue.o(i.vQueueWaitForMessageRestricted)
    vTaskDelay                               0x08004479   Thumb Code    66  tasks.o(i.vTaskDelay)
    vTaskInternalSetTimeOutState             0x080044c5   Thumb Code    12  tasks.o(i.vTaskInternalSetTimeOutState)
    vTaskMissedYield                         0x080044d5   Thumb Code     8  tasks.o(i.vTaskMissedYield)
    vTaskPlaceOnEventList                    0x080044e1   Thumb Code    44  tasks.o(i.vTaskPlaceOnEventList)
    vTaskPlaceOnEventListRestricted          0x08004511   Thumb Code    52  tasks.o(i.vTaskPlaceOnEventListRestricted)
    vTaskPlaceOnUnorderedEventList           0x08004549   Thumb Code    76  tasks.o(i.vTaskPlaceOnUnorderedEventList)
    vTaskRemoveFromUnorderedEventList        0x08004599   Thumb Code   102  tasks.o(i.vTaskRemoveFromUnorderedEventList)
    vTaskStartScheduler                      0x08004609   Thumb Code   118  tasks.o(i.vTaskStartScheduler)
    vTaskSuspendAll                          0x08004691   Thumb Code    10  tasks.o(i.vTaskSuspendAll)
    vTaskSwitchContext                       0x080046a1   Thumb Code    90  tasks.o(i.vTaskSwitchContext)
    xEventGroupClearBits                     0x08004705   Thumb Code    64  event_groups.o(i.xEventGroupClearBits)
    xEventGroupClearBitsFromISR              0x08004745   Thumb Code    12  event_groups.o(i.xEventGroupClearBitsFromISR)
    xEventGroupCreate                        0x08004755   Thumb Code    28  event_groups.o(i.xEventGroupCreate)
    xEventGroupCreateStatic                  0x08004771   Thumb Code    44  event_groups.o(i.xEventGroupCreateStatic)
    xEventGroupGetBitsFromISR                0x0800479d   Thumb Code    26  event_groups.o(i.xEventGroupGetBitsFromISR)
    xEventGroupSetBits                       0x080047b7   Thumb Code   140  event_groups.o(i.xEventGroupSetBits)
    xEventGroupSetBitsFromISR                0x08004845   Thumb Code    12  event_groups.o(i.xEventGroupSetBitsFromISR)
    xEventGroupWaitBits                      0x08004855   Thumb Code   260  event_groups.o(i.xEventGroupWaitBits)
    xMBMasterPortEventGet                    0x0800495d   Thumb Code    54  portevent_m.o(i.xMBMasterPortEventGet)
    xMBMasterPortEventInit                   0x08004999   Thumb Code    16  portevent_m.o(i.xMBMasterPortEventInit)
    xMBMasterPortEventPost                   0x080049ad   Thumb Code    16  portevent_m.o(i.xMBMasterPortEventPost)
    xMBMasterPortSerialGetByte               0x080049c1   Thumb Code    16  portserial_m.o(i.xMBMasterPortSerialGetByte)
    xMBMasterPortSerialInit                  0x080049d5   Thumb Code   152  portserial_m.o(i.xMBMasterPortSerialInit)
    xMBMasterPortSerialPutByte               0x08004a95   Thumb Code    20  portserial_m.o(i.xMBMasterPortSerialPutByte)
    xMBMasterPortTimersInit                  0x08004aad   Thumb Code    40  porttimer_m.o(i.xMBMasterPortTimersInit)
    xMBMasterRTUReceiveFSM                   0x08004aed   Thumb Code    94  mbrtu_m.o(i.xMBMasterRTUReceiveFSM)
    xMBMasterRTUTimerExpired                 0x08004b55   Thumb Code    94  mbrtu_m.o(i.xMBMasterRTUTimerExpired)
    xMBMasterRTUTransmitFSM                  0x08004bb9   Thumb Code    96  mbrtu_m.o(i.xMBMasterRTUTransmitFSM)
    xMBMasterRequestIsBroadcast              0x08004c21   Thumb Code     6  mbrtu_m.o(i.xMBMasterRequestIsBroadcast)
    xMBPortEventGet                          0x08004c2d   Thumb Code    42  portevent.o(i.xMBPortEventGet)
    xMBPortEventInit                         0x08004c5d   Thumb Code    16  portevent.o(i.xMBPortEventInit)
    xMBPortEventPost                         0x08004c71   Thumb Code    16  portevent.o(i.xMBPortEventPost)
    xMBPortSerialGetByte                     0x08004c85   Thumb Code    16  portserial.o(i.xMBPortSerialGetByte)
    xMBPortSerialInit                        0x08004c99   Thumb Code   150  portserial.o(i.xMBPortSerialInit)
    xMBPortSerialPutByte                     0x08004d55   Thumb Code    20  portserial.o(i.xMBPortSerialPutByte)
    xMBPortTimersInit                        0x08004d6d   Thumb Code    38  porttimer.o(i.xMBPortTimersInit)
    xMBRTUReceiveFSM                         0x08004da9   Thumb Code    88  mbrtu.o(i.xMBRTUReceiveFSM)
    xMBRTUTimerT35Expired                    0x08004e09   Thumb Code    36  mbrtu.o(i.xMBRTUTimerT35Expired)
    xMBRTUTransmitFSM                        0x08004e31   Thumb Code    76  mbrtu.o(i.xMBRTUTransmitFSM)
    xMBUtilGetBits                           0x08004e81   Thumb Code    34  mbutils.o(i.xMBUtilGetBits)
    xMBUtilSetBits                           0x08004ea3   Thumb Code    42  mbutils.o(i.xMBUtilSetBits)
    xPortStartScheduler                      0x08004ecd   Thumb Code   222  port.o(i.xPortStartScheduler)
    xQueueCreateCountingSemaphore            0x08004fc1   Thumb Code    58  queue.o(i.xQueueCreateCountingSemaphore)
    xQueueCreateCountingSemaphoreStatic      0x08004ffb   Thumb Code    64  queue.o(i.xQueueCreateCountingSemaphoreStatic)
    xQueueGenericCreate                      0x0800503b   Thumb Code    72  queue.o(i.xQueueGenericCreate)
    xQueueGenericCreateStatic                0x08005083   Thumb Code   102  queue.o(i.xQueueGenericCreateStatic)
    xQueueGenericReset                       0x080050e9   Thumb Code   132  queue.o(i.xQueueGenericReset)
    xQueueGenericSend                        0x08005171   Thumb Code   346  queue.o(i.xQueueGenericSend)
    xQueueGenericSendFromISR                 0x080052d1   Thumb Code   188  queue.o(i.xQueueGenericSendFromISR)
    xQueueGiveFromISR                        0x0800538d   Thumb Code   156  queue.o(i.xQueueGiveFromISR)
    xQueueReceive                            0x08005429   Thumb Code   308  queue.o(i.xQueueReceive)
    xTaskCheckForTimeOut                     0x08005561   Thumb Code   112  tasks.o(i.xTaskCheckForTimeOut)
    xTaskCreate                              0x080055d5   Thumb Code    90  tasks.o(i.xTaskCreate)
    xTaskCreateStatic                        0x0800562f   Thumb Code    86  tasks.o(i.xTaskCreateStatic)
    xTaskGetSchedulerState                   0x08005685   Thumb Code    22  tasks.o(i.xTaskGetSchedulerState)
    xTaskGetTickCount                        0x080056a1   Thumb Code     6  tasks.o(i.xTaskGetTickCount)
    xTaskGetTickCountFromISR                 0x080056ad   Thumb Code    12  tasks.o(i.xTaskGetTickCountFromISR)
    xTaskIncrementTick                       0x080056bd   Thumb Code   190  tasks.o(i.xTaskIncrementTick)
    xTaskPriorityDisinherit                  0x08005785   Thumb Code   118  tasks.o(i.xTaskPriorityDisinherit)
    xTaskRemoveFromEventList                 0x08005805   Thumb Code    98  tasks.o(i.xTaskRemoveFromEventList)
    xTaskResumeAll                           0x08005875   Thumb Code   182  tasks.o(i.xTaskResumeAll)
    xTimerCreate                             0x08005939   Thumb Code    52  timers.o(i.xTimerCreate)
    xTimerCreateTimerTask                    0x0800596d   Thumb Code    78  timers.o(i.xTimerCreateTimerTask)
    xTimerGenericCommand                     0x080059cd   Thumb Code    98  timers.o(i.xTimerGenericCommand)
    xTimerPendFunctionCallFromISR            0x08005a35   Thumb Code    34  timers.o(i.xTimerPendFunctionCallFromISR)
    MasterTask_attributes                    0x08005a5c   Data          36  freertos.o(.constdata)
    SlaveTask_attributes                     0x08005a80   Data          36  freertos.o(.constdata)
    SYSTask_attributes                       0x08005aa4   Data          36  freertos.o(.constdata)
    AHBPrescTable                            0x08005ae4   Data          16  system_stm32f4xx.o(.constdata)
    APBPrescTable                            0x08005af4   Data           8  system_stm32f4xx.o(.constdata)
    xMasterRunRes_attributes                 0x08005cfc   Data          16  portevent_m.o(.constdata)
    Region$$Table$$Base                      0x08005d3c   Number         0  anon$$obj.o(Region$$Table)
    Region$$Table$$Limit                     0x08005d5c   Number         0  anon$$obj.o(Region$$Table)
    MasterTaskHandle                         0x20000000   Data           4  freertos.o(.data)
    SlaveTaskHandle                          0x20000004   Data           4  freertos.o(.data)
    SYSTaskHandle                            0x20000008   Data           4  freertos.o(.data)
    uwTickFreq                               0x2000000c   Data           1  stm32f4xx_hal.o(.data)
    uwTickPrio                               0x20000010   Data           4  stm32f4xx_hal.o(.data)
    uwTick                                   0x20000014   Data           4  stm32f4xx_hal.o(.data)
    SystemCoreClock                          0x20000018   Data           4  system_stm32f4xx.o(.data)
    pxCurrentTCB                             0x2000001c   Data           4  tasks.o(.data)
    pxMBFrameCBByteReceived                  0x200000c4   Data           4  mb.o(.data)
    pxMBFrameCBTransmitterEmpty              0x200000c8   Data           4  mb.o(.data)
    pxMBPortCBTimerExpired                   0x200000cc   Data           4  mb.o(.data)
    usSDiscInStart                           0x20000150   Data           2  user_mb_app.o(.data)
    usSCoilStart                             0x20000152   Data           2  user_mb_app.o(.data)
    usSRegInStart                            0x20000154   Data           2  user_mb_app.o(.data)
    usSRegHoldStart                          0x20000156   Data           2  user_mb_app.o(.data)
    ucSDiscInBuf                             0x20000158   Data           2  user_mb_app.o(.data)
    ucSCoilBuf                               0x2000015a   Data           8  user_mb_app.o(.data)
    usMDiscInStart                           0x20000180   Data           2  user_mb_app_m.o(.data)
    usMCoilStart                             0x20000182   Data           2  user_mb_app_m.o(.data)
    usMRegInStart                            0x20000184   Data           2  user_mb_app_m.o(.data)
    usMRegHoldStart                          0x20000186   Data           2  user_mb_app_m.o(.data)
    pxMBMasterFrameCBByteReceived            0x200001e0   Data           4  mb_m.o(.data)
    pxMBMasterFrameCBTransmitterEmpty        0x200001e4   Data           4  mb_m.o(.data)
    pxMBMasterPortCBTimerExpired             0x200001e8   Data           4  mb_m.o(.data)
    hi2c1                                    0x2000026c   Data          84  i2c.o(.bss)
    hspi1                                    0x200002c0   Data          88  spi.o(.bss)
    htim7                                    0x20000318   Data          64  tim.o(.bss)
    huart1                                   0x20000358   Data         108  usart.o(.bss)
    huart2                                   0x200003c4   Data         108  usart.o(.bss)
    huart3                                   0x20000430   Data         108  usart.o(.bss)
    hdma_usart2_rx                           0x2000049c   Data          96  usart.o(.bss)
    hdma_usart2_tx                           0x200004fc   Data          96  usart.o(.bss)
    htim6                                    0x2000055c   Data          64  stm32f4xx_hal_timebase_tim.o(.bss)
    xQueueRegistry                           0x2000059c   Data          64  queue.o(.bss)
    ucRTUBuf                                 0x20004e90   Data         256  mbrtu.o(.bss)
    usSRegInBuf                              0x20004f90   Data         200  user_mb_app.o(.bss)
    usSRegHoldBuf                            0x20005058   Data         200  user_mb_app.o(.bss)
    ucMDiscInBuf                             0x2000522a   Data          32  user_mb_app_m.o(.bss)
    ucMCoilBuf                               0x2000524a   Data         128  user_mb_app_m.o(.bss)
    usMRegInBuf                              0x200052ca   Data        3200  user_mb_app_m.o(.bss)
    usMRegHoldBuf                            0x20005f4a   Data        3200  user_mb_app_m.o(.bss)
    __initial_sp                             0x200076d0   Data           0  startup_stm32f407xx.o(STACK)



==============================================================================

Memory Map of the image

  Image Entry point : 0x08000189

  Load Region LR_IROM1 (Base: 0x08000000, Size: 0x00005fc8, Max: 0x00080000, ABSOLUTE, COMPRESSED[0x00005de4])

    Execution Region ER_IROM1 (Exec base: 0x08000000, Load base: 0x08000000, Size: 0x00005d5c, Max: 0x00080000, ABSOLUTE)

    Exec Addr    Load Addr    Size         Type   Attr      Idx    E Section Name        Object

    0x08000000   0x08000000   0x00000188   Data   RO            3    RESET               startup_stm32f407xx.o
    0x08000188   0x08000188   0x00000000   Code   RO         6908  * .ARM.Collect$$$$00000000  mc_w.l(entry.o)
    0x08000188   0x08000188   0x00000004   Code   RO         6921    .ARM.Collect$$$$00000001  mc_w.l(entry2.o)
    0x0800018c   0x0800018c   0x00000004   Code   RO         6924    .ARM.Collect$$$$00000004  mc_w.l(entry5.o)
    0x08000190   0x08000190   0x00000000   Code   RO         6926    .ARM.Collect$$$$00000008  mc_w.l(entry7b.o)
    0x08000190   0x08000190   0x00000000   Code   RO         6928    .ARM.Collect$$$$0000000A  mc_w.l(entry8b.o)
    0x08000190   0x08000190   0x00000008   Code   RO         6929    .ARM.Collect$$$$0000000B  mc_w.l(entry9a.o)
    0x08000198   0x08000198   0x00000000   Code   RO         6931    .ARM.Collect$$$$0000000D  mc_w.l(entry10a.o)
    0x08000198   0x08000198   0x00000000   Code   RO         6933    .ARM.Collect$$$$0000000F  mc_w.l(entry11a.o)
    0x08000198   0x08000198   0x00000004   Code   RO         6922    .ARM.Collect$$$$00002712  mc_w.l(entry2.o)
    0x0800019c   0x0800019c   0x000000be   Code   RO         5532    .emb_text           port.o
    0x0800025a   0x0800025a   0x00000002   PAD
    0x0800025c   0x0800025c   0x00000024   Code   RO            4    .text               startup_stm32f407xx.o
    0x08000280   0x08000280   0x00000062   Code   RO         6911    .text               mc_w.l(uldiv.o)
    0x080002e2   0x080002e2   0x00000024   Code   RO         6913    .text               mc_w.l(memcpya.o)
    0x08000306   0x08000306   0x00000024   Code   RO         6917    .text               mc_w.l(memseta.o)
    0x0800032a   0x0800032a   0x0000001e   Code   RO         6935    .text               mc_w.l(llshl.o)
    0x08000348   0x08000348   0x00000020   Code   RO         6937    .text               mc_w.l(llushr.o)
    0x08000368   0x08000368   0x00000024   Code   RO         6939    .text               mc_w.l(init.o)
    0x0800038c   0x0800038c   0x00000056   Code   RO         6949    .text               mc_w.l(__dczerorl2.o)
    0x080003e2   0x080003e2   0x00000002   Code   RO          600    i.BusFault_Handler  stm32f4xx_it.o
    0x080003e4   0x080003e4   0x0000000c   Code   RO          601    i.DMA1_Stream5_IRQHandler  stm32f4xx_it.o
    0x080003f0   0x080003f0   0x0000000c   Code   RO          602    i.DMA1_Stream6_IRQHandler  stm32f4xx_it.o
    0x080003fc   0x080003fc   0x00000028   Code   RO         1222    i.DMA_CalcBaseAndBitshift  stm32f4xx_hal_dma.o
    0x08000424   0x08000424   0x00000054   Code   RO         1223    i.DMA_CheckFifoParam  stm32f4xx_hal_dma.o
    0x08000478   0x08000478   0x00000002   Code   RO          603    i.DebugMon_Handler  stm32f4xx_it.o
    0x0800047a   0x0800047a   0x00000004   Code   RO         6016    i.EnterCriticalSection  port_1.o
    0x0800047e   0x0800047e   0x00000002   Code   RO          163    i.Error_Handler     main.o
    0x08000480   0x08000480   0x00000004   Code   RO         6017    i.ExitCriticalSection  port_1.o
    0x08000484   0x08000484   0x00000050   Code   RO         6018    i.Get_from_fifo     port_1.o
    0x080004d4   0x080004d4   0x00000024   Code   RO         1226    i.HAL_DMA_Abort_IT  stm32f4xx_hal_dma.o
    0x080004f8   0x080004f8   0x000001a0   Code   RO         1230    i.HAL_DMA_IRQHandler  stm32f4xx_hal_dma.o
    0x08000698   0x08000698   0x000000d4   Code   RO         1231    i.HAL_DMA_Init      stm32f4xx_hal_dma.o
    0x0800076c   0x0800076c   0x000001b8   Code   RO         1118    i.HAL_GPIO_Init     stm32f4xx_hal_gpio.o
    0x08000924   0x08000924   0x0000000e   Code   RO         1121    i.HAL_GPIO_TogglePin  stm32f4xx_hal_gpio.o
    0x08000932   0x08000932   0x0000000a   Code   RO         1122    i.HAL_GPIO_WritePin  stm32f4xx_hal_gpio.o
    0x0800093c   0x0800093c   0x0000000c   Code   RO         1650    i.HAL_GetTick       stm32f4xx_hal.o
    0x08000948   0x08000948   0x00000188   Code   RO         1906    i.HAL_I2C_Init      stm32f4xx_hal_i2c.o
    0x08000ad0   0x08000ad0   0x00000068   Code   RO          421    i.HAL_I2C_MspInit   i2c.o
    0x08000b38   0x08000b38   0x00000010   Code   RO         1656    i.HAL_IncTick       stm32f4xx_hal.o
    0x08000b48   0x08000b48   0x00000034   Code   RO         1657    i.HAL_Init          stm32f4xx_hal.o
    0x08000b7c   0x08000b7c   0x00000074   Code   RO          724    i.HAL_InitTick      stm32f4xx_hal_timebase_tim.o
    0x08000bf0   0x08000bf0   0x00000038   Code   RO          700    i.HAL_MspInit       stm32f4xx_hal_msp.o
    0x08000c28   0x08000c28   0x0000001a   Code   RO         1507    i.HAL_NVIC_EnableIRQ  stm32f4xx_hal_cortex.o
    0x08000c42   0x08000c42   0x00000002   PAD
    0x08000c44   0x08000c44   0x00000040   Code   RO         1513    i.HAL_NVIC_SetPriority  stm32f4xx_hal_cortex.o
    0x08000c84   0x08000c84   0x00000024   Code   RO         1514    i.HAL_NVIC_SetPriorityGrouping  stm32f4xx_hal_cortex.o
    0x08000ca8   0x08000ca8   0x00000134   Code   RO          764    i.HAL_RCC_ClockConfig  stm32f4xx_hal_rcc.o
    0x08000ddc   0x08000ddc   0x00000040   Code   RO          768    i.HAL_RCC_GetClockConfig  stm32f4xx_hal_rcc.o
    0x08000e1c   0x08000e1c   0x00000020   Code   RO          771    i.HAL_RCC_GetPCLK1Freq  stm32f4xx_hal_rcc.o
    0x08000e3c   0x08000e3c   0x00000020   Code   RO          772    i.HAL_RCC_GetPCLK2Freq  stm32f4xx_hal_rcc.o
    0x08000e5c   0x08000e5c   0x00000060   Code   RO          773    i.HAL_RCC_GetSysClockFreq  stm32f4xx_hal_rcc.o
    0x08000ebc   0x08000ebc   0x0000035c   Code   RO          776    i.HAL_RCC_OscConfig  stm32f4xx_hal_rcc.o
    0x08001218   0x08001218   0x00000002   Code   RO         2347    i.HAL_SPI_ErrorCallback  stm32f4xx_hal_spi.o
    0x0800121a   0x0800121a   0x00000002   PAD
    0x0800121c   0x0800121c   0x000000fc   Code   RO         2350    i.HAL_SPI_IRQHandler  stm32f4xx_hal_spi.o
    0x08001318   0x08001318   0x00000080   Code   RO         2351    i.HAL_SPI_Init      stm32f4xx_hal_spi.o
    0x08001398   0x08001398   0x00000078   Code   RO          463    i.HAL_SPI_MspInit   spi.o
    0x08001410   0x08001410   0x00000002   Code   RO         3339    i.HAL_TIMEx_BreakCallback  stm32f4xx_hal_tim_ex.o
    0x08001412   0x08001412   0x00000002   Code   RO         3340    i.HAL_TIMEx_CommutCallback  stm32f4xx_hal_tim_ex.o
    0x08001414   0x08001414   0x00000090   Code   RO         3357    i.HAL_TIMEx_MasterConfigSynchronization  stm32f4xx_hal_tim_ex.o
    0x080014a4   0x080014a4   0x00000036   Code   RO         2664    i.HAL_TIM_Base_Init  stm32f4xx_hal_tim.o
    0x080014da   0x080014da   0x00000002   PAD
    0x080014dc   0x080014dc   0x0000003c   Code   RO          505    i.HAL_TIM_Base_MspInit  tim.o
    0x08001518   0x08001518   0x00000022   Code   RO         2669    i.HAL_TIM_Base_Start_IT  stm32f4xx_hal_tim.o
    0x0800153a   0x0800153a   0x00000002   Code   RO         2693    i.HAL_TIM_IC_CaptureCallback  stm32f4xx_hal_tim.o
    0x0800153c   0x0800153c   0x00000166   Code   RO         2707    i.HAL_TIM_IRQHandler  stm32f4xx_hal_tim.o
    0x080016a2   0x080016a2   0x00000002   Code   RO         2710    i.HAL_TIM_OC_DelayElapsedCallback  stm32f4xx_hal_tim.o
    0x080016a4   0x080016a4   0x00000002   Code   RO         2737    i.HAL_TIM_PWM_PulseFinishedCallback  stm32f4xx_hal_tim.o
    0x080016a6   0x080016a6   0x00000002   PAD
    0x080016a8   0x080016a8   0x00000014   Code   RO          164    i.HAL_TIM_PeriodElapsedCallback  main.o
    0x080016bc   0x080016bc   0x00000002   Code   RO         2750    i.HAL_TIM_TriggerCallback  stm32f4xx_hal_tim.o
    0x080016be   0x080016be   0x00000002   Code   RO         3599    i.HAL_UART_AbortCpltCallback  stm32f4xx_hal_uart.o
    0x080016c0   0x080016c0   0x00000002   Code   RO         3601    i.HAL_UART_AbortReceiveCpltCallback  stm32f4xx_hal_uart.o
    0x080016c2   0x080016c2   0x00000002   Code   RO         3604    i.HAL_UART_AbortTransmitCpltCallback  stm32f4xx_hal_uart.o
    0x080016c4   0x080016c4   0x00000002   Code   RO         3611    i.HAL_UART_ErrorCallback  stm32f4xx_hal_uart.o
    0x080016c6   0x080016c6   0x00000002   PAD
    0x080016c8   0x080016c8   0x00000074   Code   RO         3615    i.HAL_UART_Init     stm32f4xx_hal_uart.o
    0x0800173c   0x0800173c   0x0000018c   Code   RO          547    i.HAL_UART_MspInit  usart.o
    0x080018c8   0x080018c8   0x0000008e   Code   RO         3621    i.HAL_UART_RegisterCallback  stm32f4xx_hal_uart.o
    0x08001956   0x08001956   0x00000002   Code   RO         3622    i.HAL_UART_RxCpltCallback  stm32f4xx_hal_uart.o
    0x08001958   0x08001958   0x00000002   Code   RO         3623    i.HAL_UART_RxHalfCpltCallback  stm32f4xx_hal_uart.o
    0x0800195a   0x0800195a   0x00000002   Code   RO         3627    i.HAL_UART_TxCpltCallback  stm32f4xx_hal_uart.o
    0x0800195c   0x0800195c   0x00000002   Code   RO         3628    i.HAL_UART_TxHalfCpltCallback  stm32f4xx_hal_uart.o
    0x0800195e   0x0800195e   0x00000002   Code   RO          604    i.HardFault_Handler  stm32f4xx_it.o
    0x08001960   0x08001960   0x0000000e   Code   RO         6052    i.IS_IRQ            port_1.o
    0x0800196e   0x0800196e   0x00000002   PAD
    0x08001970   0x08001970   0x0000003c   Code   RO          396    i.MX_DMA_Init       dma.o
    0x080019ac   0x080019ac   0x00000044   Code   RO          283    i.MX_FREERTOS_Init  freertos.o
    0x080019f0   0x080019f0   0x000000dc   Code   RO          259    i.MX_GPIO_Init      gpio.o
    0x08001acc   0x08001acc   0x00000040   Code   RO          422    i.MX_I2C1_Init      i2c.o
    0x08001b0c   0x08001b0c   0x00000048   Code   RO          464    i.MX_SPI1_Init      spi.o
    0x08001b54   0x08001b54   0x00000044   Code   RO          506    i.MX_TIM7_Init      tim.o
    0x08001b98   0x08001b98   0x00000038   Code   RO          548    i.MX_USART1_UART_Init  usart.o
    0x08001bd0   0x08001bd0   0x00000038   Code   RO          549    i.MX_USART2_UART_Init  usart.o
    0x08001c08   0x08001c08   0x00000038   Code   RO          550    i.MX_USART3_UART_Init  usart.o
    0x08001c40   0x08001c40   0x0000001a   Code   RO          284    i.MasterTask        freertos.o
    0x08001c5a   0x08001c5a   0x00000002   PAD
    0x08001c5c   0x08001c5c   0x00000040   Code   RO         6413    i.Master_RxCpltCallback  portserial_m.o
    0x08001c9c   0x08001c9c   0x00000002   Code   RO          605    i.MemManage_Handler  stm32f4xx_it.o
    0x08001c9e   0x08001c9e   0x00000002   Code   RO          606    i.NMI_Handler       stm32f4xx_it.o
    0x08001ca0   0x08001ca0   0x00000050   Code   RO         6019    i.Put_in_fifo       port_1.o
    0x08001cf0   0x08001cf0   0x0000000c   Code   RO          607    i.SPI1_IRQHandler   stm32f4xx_it.o
    0x08001cfc   0x08001cfc   0x00000010   Code   RO         2378    i.SPI_DMAAbortOnError  stm32f4xx_hal_spi.o
    0x08001d0c   0x08001d0c   0x0000001e   Code   RO          285    i.SlaveTask         freertos.o
    0x08001d2a   0x08001d2a   0x00000002   PAD
    0x08001d2c   0x08001d2c   0x00000040   Code   RO         6168    i.Slave_RxCpltCallback  portserial.o
    0x08001d6c   0x08001d6c   0x0000002c   Code   RO          286    i.StartSYSTask      freertos.o
    0x08001d98   0x08001d98   0x0000002c   Code   RO         5533    i.SysTick_Handler   port.o
    0x08001dc4   0x08001dc4   0x00000084   Code   RO          165    i.SystemClock_Config  main.o
    0x08001e48   0x08001e48   0x0000001c   Code   RO         3935    i.SystemInit        system_stm32f4xx.o
    0x08001e64   0x08001e64   0x0000000c   Code   RO          608    i.TIM6_DAC_IRQHandler  stm32f4xx_it.o
    0x08001e70   0x08001e70   0x0000000c   Code   RO          609    i.TIM7_IRQHandler   stm32f4xx_it.o
    0x08001e7c   0x08001e7c   0x000000c8   Code   RO         2752    i.TIM_Base_SetConfig  stm32f4xx_hal_tim.o
    0x08001f44   0x08001f44   0x00000044   Code   RO         3642    i.UART_InitCallbacksToDefault  stm32f4xx_hal_uart.o
    0x08001f88   0x08001f88   0x00000128   Code   RO         3644    i.UART_SetConfig    stm32f4xx_hal_uart.o
    0x080020b0   0x080020b0   0x0000003c   Code   RO          610    i.USART2_IRQHandler  stm32f4xx_it.o
    0x080020ec   0x080020ec   0x0000003c   Code   RO          611    i.USART3_IRQHandler  stm32f4xx_it.o
    0x08002128   0x08002128   0x00000002   Code   RO          612    i.UsageFault_Handler  stm32f4xx_it.o
    0x0800212a   0x0800212a   0x00000020   Code   RO         1520    i.__NVIC_SetPriority  stm32f4xx_hal_cortex.o
    0x0800214a   0x0800214a   0x0000000e   Code   RO         6943    i.__scatterload_copy  mc_w.l(handlers.o)
    0x08002158   0x08002158   0x00000002   Code   RO         6944    i.__scatterload_null  mc_w.l(handlers.o)
    0x0800215a   0x0800215a   0x0000000e   Code   RO         6945    i.__scatterload_zeroinit  mc_w.l(handlers.o)
    0x08002168   0x08002168   0x00000020   Code   RO         5952    i.eMBEnable         mb.o
    0x08002188   0x08002188   0x00000072   Code   RO         5643    i.eMBFuncReadCoils  mbfunccoils.o
    0x080021fa   0x080021fa   0x00000072   Code   RO         5682    i.eMBFuncReadDiscreteInputs  mbfuncdisc.o
    0x0800226c   0x0800226c   0x00000064   Code   RO         5706    i.eMBFuncReadHoldingRegister  mbfuncholding.o
    0x080022d0   0x080022d0   0x00000062   Code   RO         5748    i.eMBFuncReadInputRegister  mbfuncinput.o
    0x08002332   0x08002332   0x0000009c   Code   RO         5707    i.eMBFuncReadWriteMultipleHoldingRegister  mbfuncholding.o
    0x080023ce   0x080023ce   0x00000002   PAD
    0x080023d0   0x080023d0   0x00000024   Code   RO         5772    i.eMBFuncReportSlaveID  mbfuncother.o
    0x080023f4   0x080023f4   0x00000056   Code   RO         5644    i.eMBFuncWriteCoil  mbfunccoils.o
    0x0800244a   0x0800244a   0x00000032   Code   RO         5708    i.eMBFuncWriteHoldingRegister  mbfuncholding.o
    0x0800247c   0x0800247c   0x00000064   Code   RO         5645    i.eMBFuncWriteMultipleCoils  mbfunccoils.o
    0x080024e0   0x080024e0   0x0000004e   Code   RO         5709    i.eMBFuncWriteMultipleHoldingRegister  mbfuncholding.o
    0x0800252e   0x0800252e   0x00000002   PAD
    0x08002530   0x08002530   0x00000080   Code   RO         5953    i.eMBInit           mb.o
    0x080025b0   0x080025b0   0x00000020   Code   RO         6817    i.eMBMasterEnable   mb_m.o
    0x080025d0   0x080025d0   0x00000062   Code   RO         6530    i.eMBMasterFuncReadCoils  mbfunccoils_m.o
    0x08002632   0x08002632   0x00000060   Code   RO         6584    i.eMBMasterFuncReadDiscreteInputs  mbfuncdisc_m.o
    0x08002692   0x08002692   0x00000052   Code   RO         6614    i.eMBMasterFuncReadHoldingRegister  mbfuncholding_m.o
    0x080026e4   0x080026e4   0x00000050   Code   RO         6680    i.eMBMasterFuncReadInputRegister  mbfuncinput_m.o
    0x08002734   0x08002734   0x00000072   Code   RO         6615    i.eMBMasterFuncReadWriteMultipleHoldingRegister  mbfuncholding_m.o
    0x080027a6   0x080027a6   0x00000056   Code   RO         6531    i.eMBMasterFuncWriteCoil  mbfunccoils_m.o
    0x080027fc   0x080027fc   0x00000032   Code   RO         6616    i.eMBMasterFuncWriteHoldingRegister  mbfuncholding_m.o
    0x0800282e   0x0800282e   0x00000060   Code   RO         6532    i.eMBMasterFuncWriteMultipleCoils  mbfunccoils_m.o
    0x0800288e   0x0800288e   0x0000004c   Code   RO         6617    i.eMBMasterFuncWriteMultipleHoldingRegister  mbfuncholding_m.o
    0x080028da   0x080028da   0x00000002   PAD
    0x080028dc   0x080028dc   0x00000074   Code   RO         6819    i.eMBMasterInit     mb_m.o
    0x08002950   0x08002950   0x00000148   Code   RO         6821    i.eMBMasterPoll     mb_m.o
    0x08002a98   0x08002a98   0x00000048   Code   RO         6710    i.eMBMasterRTUInit  mbrtu_m.o
    0x08002ae0   0x08002ae0   0x0000004c   Code   RO         6711    i.eMBMasterRTUReceive  mbrtu_m.o
    0x08002b2c   0x08002b2c   0x00000070   Code   RO         6712    i.eMBMasterRTUSend  mbrtu_m.o
    0x08002b9c   0x08002b9c   0x00000024   Code   RO         6713    i.eMBMasterRTUStart  mbrtu_m.o
    0x08002bc0   0x08002bc0   0x0000001a   Code   RO         6714    i.eMBMasterRTUStop  mbrtu_m.o
    0x08002bda   0x08002bda   0x00000002   PAD
    0x08002bdc   0x08002bdc   0x0000007c   Code   RO         6273    i.eMBMasterRegCoilsCB  user_mb_app_m.o
    0x08002c58   0x08002c58   0x0000007c   Code   RO         6274    i.eMBMasterRegDiscreteCB  user_mb_app_m.o
    0x08002cd4   0x08002cd4   0x00000068   Code   RO         6275    i.eMBMasterRegHoldingCB  user_mb_app_m.o
    0x08002d3c   0x08002d3c   0x00000068   Code   RO         6276    i.eMBMasterRegInputCB  user_mb_app_m.o
    0x08002da4   0x08002da4   0x000000b4   Code   RO         5954    i.eMBPoll           mb.o
    0x08002e58   0x08002e58   0x00000048   Code   RO         5877    i.eMBRTUInit        mbrtu.o
    0x08002ea0   0x08002ea0   0x0000004c   Code   RO         5878    i.eMBRTUReceive     mbrtu.o
    0x08002eec   0x08002eec   0x0000006c   Code   RO         5879    i.eMBRTUSend        mbrtu.o
    0x08002f58   0x08002f58   0x00000024   Code   RO         5880    i.eMBRTUStart       mbrtu.o
    0x08002f7c   0x08002f7c   0x0000001a   Code   RO         5881    i.eMBRTUStop        mbrtu.o
    0x08002f96   0x08002f96   0x00000002   PAD
    0x08002f98   0x08002f98   0x000000a0   Code   RO         6079    i.eMBRegCoilsCB     user_mb_app.o
    0x08003038   0x08003038   0x00000074   Code   RO         6080    i.eMBRegDiscreteCB  user_mb_app.o
    0x080030ac   0x080030ac   0x00000070   Code   RO         6081    i.eMBRegHoldingCB   user_mb_app.o
    0x0800311c   0x0800311c   0x0000004c   Code   RO         6082    i.eMBRegInputCB     user_mb_app.o
    0x08003168   0x08003168   0x00000036   Code   RO          166    i.main              main.o
    0x0800319e   0x0800319e   0x00000002   PAD
    0x080031a0   0x080031a0   0x00000034   Code   RO         5056    i.osDelay           cmsis_os2.o
    0x080031d4   0x080031d4   0x00000058   Code   RO         5058    i.osEventFlagsClear  cmsis_os2.o
    0x0800322c   0x0800322c   0x00000044   Code   RO         5061    i.osEventFlagsNew   cmsis_os2.o
    0x08003270   0x08003270   0x0000006c   Code   RO         5062    i.osEventFlagsSet   cmsis_os2.o
    0x080032dc   0x080032dc   0x0000007c   Code   RO         5063    i.osEventFlagsWait  cmsis_os2.o
    0x08003358   0x08003358   0x00000034   Code   RO         5070    i.osKernelInitialize  cmsis_os2.o
    0x0800338c   0x0800338c   0x0000003c   Code   RO         5073    i.osKernelStart     cmsis_os2.o
    0x080033c8   0x080033c8   0x000000b0   Code   RO         5092    i.osSemaphoreNew    cmsis_os2.o
    0x08003478   0x08003478   0x00000070   Code   RO         5093    i.osSemaphoreRelease  cmsis_os2.o
    0x080034e8   0x080034e8   0x000000a4   Code   RO         5106    i.osThreadNew       cmsis_os2.o
    0x0800358c   0x0800358c   0x0000005c   Code   RO         4540    i.prvAddCurrentTaskToDelayedList  tasks.o
    0x080035e8   0x080035e8   0x000000d0   Code   RO         4541    i.prvAddNewTaskToReadyList  tasks.o
    0x080036b8   0x080036b8   0x00000058   Code   RO         4893    i.prvCheckForValidListAndQueue  timers.o
    0x08003710   0x08003710   0x00000026   Code   RO         4137    i.prvCopyDataFromQueue  queue.o
    0x08003736   0x08003736   0x0000006c   Code   RO         4138    i.prvCopyDataToQueue  queue.o
    0x080037a2   0x080037a2   0x00000034   Code   RO         4542    i.prvDeleteTCB      tasks.o
    0x080037d6   0x080037d6   0x00000002   PAD
    0x080037d8   0x080037d8   0x0000004c   Code   RO         5483    i.prvHeapInit       heap_4.o
    0x08003824   0x08003824   0x00000060   Code   RO         4543    i.prvIdleTask       tasks.o
    0x08003884   0x08003884   0x00000022   Code   RO         4140    i.prvInitialiseNewQueue  queue.o
    0x080038a6   0x080038a6   0x00000002   PAD
    0x080038a8   0x080038a8   0x000000b0   Code   RO         4544    i.prvInitialiseNewTask  tasks.o
    0x08003958   0x08003958   0x0000004e   Code   RO         4894    i.prvInitialiseNewTimer  timers.o
    0x080039a6   0x080039a6   0x00000002   PAD
    0x080039a8   0x080039a8   0x0000004c   Code   RO         5484    i.prvInsertBlockIntoFreeList  heap_4.o
    0x080039f4   0x080039f4   0x00000038   Code   RO         4895    i.prvInsertTimerInActiveList  timers.o
    0x08003a2c   0x08003a2c   0x0000001c   Code   RO         4141    i.prvIsQueueEmpty   queue.o
    0x08003a48   0x08003a48   0x000000fc   Code   RO         4896    i.prvProcessReceivedCommands  timers.o
    0x08003b44   0x08003b44   0x000000c0   Code   RO         4897    i.prvProcessTimerOrBlockTask  timers.o
    0x08003c04   0x08003c04   0x00000020   Code   RO         4546    i.prvResetNextTaskUnblockTime  tasks.o
    0x08003c24   0x08003c24   0x00000028   Code   RO         4898    i.prvSampleTimeNow  timers.o
    0x08003c4c   0x08003c4c   0x0000006c   Code   RO         4899    i.prvSwitchTimerLists  timers.o
    0x08003cb8   0x08003cb8   0x00000028   Code   RO         5534    i.prvTaskExitError  port.o
    0x08003ce0   0x08003ce0   0x00000014   Code   RO         3978    i.prvTestWaitCondition  event_groups.o
    0x08003cf4   0x08003cf4   0x00000024   Code   RO         4900    i.prvTimerTask      timers.o
    0x08003d18   0x08003d18   0x0000006a   Code   RO         4142    i.prvUnlockQueue    queue.o
    0x08003d82   0x08003d82   0x00000018   Code   RO         5805    i.prveMBError2Exception  mbutils.o
    0x08003d9a   0x08003d9a   0x00000002   PAD
    0x08003d9c   0x08003d9c   0x000000d8   Code   RO         5485    i.pvPortMalloc      heap_4.o
    0x08003e74   0x08003e74   0x0000002c   Code   RO         5535    i.pxPortInitialiseStack  port.o
    0x08003ea0   0x08003ea0   0x0000002c   Code   RO         6169    i.serial_soft_trans_irq  portserial.o
    0x08003ecc   0x08003ecc   0x0000002c   Code   RO         6414    i.serial_soft_trans_irq  portserial_m.o
    0x08003ef8   0x08003ef8   0x0000000c   Code   RO         6230    i.timer_timeout_ind  porttimer.o
    0x08003f04   0x08003f04   0x0000000c   Code   RO         6475    i.timer_timeout_ind  porttimer_m.o
    0x08003f10   0x08003f10   0x0000000c   Code   RO         6822    i.ucMBMasterGetDestAddress  mb_m.o
    0x08003f1c   0x08003f1c   0x0000002c   Code   RO         5841    i.usMBCRC16         mbcrc.o
    0x08003f48   0x08003f48   0x0000000c   Code   RO         6715    i.usMBMasterGetPDUSndLength  mbrtu_m.o
    0x08003f54   0x08003f54   0x00000026   Code   RO         4097    i.uxListRemove      list.o
    0x08003f7a   0x08003f7a   0x00000002   PAD
    0x08003f7c   0x08003f7c   0x00000018   Code   RO         4557    i.uxTaskResetEventItemValue  tasks.o
    0x08003f94   0x08003f94   0x00000014   Code   RO         5118    i.vApplicationGetIdleTaskMemory  cmsis_os2.o
    0x08003fa8   0x08003fa8   0x00000018   Code   RO         5119    i.vApplicationGetTimerTaskMemory  cmsis_os2.o
    0x08003fc0   0x08003fc0   0x00000004   Code   RO         3980    i.vEventGroupClearBitsCallback  event_groups.o
    0x08003fc4   0x08003fc4   0x00000004   Code   RO         3982    i.vEventGroupSetBitsCallback  event_groups.o
    0x08003fc8   0x08003fc8   0x00000016   Code   RO         4098    i.vListInitialise   list.o
    0x08003fde   0x08003fde   0x00000006   Code   RO         4099    i.vListInitialiseItem  list.o
    0x08003fe4   0x08003fe4   0x00000030   Code   RO         4100    i.vListInsert       list.o
    0x08004014   0x08004014   0x00000018   Code   RO         4101    i.vListInsertEnd    list.o
    0x0800402c   0x0800402c   0x00000010   Code   RO         6325    i.vMBMasterCBRequestScuuess  portevent_m.o
    0x0800403c   0x0800403c   0x00000010   Code   RO         6326    i.vMBMasterErrorCBExecuteFunction  portevent_m.o
    0x0800404c   0x0800404c   0x00000010   Code   RO         6327    i.vMBMasterErrorCBReceiveData  portevent_m.o
    0x0800405c   0x0800405c   0x00000010   Code   RO         6328    i.vMBMasterErrorCBRespondTimeout  portevent_m.o
    0x0800406c   0x0800406c   0x0000000c   Code   RO         6716    i.vMBMasterGetPDUSndBuf  mbrtu_m.o
    0x08004078   0x08004078   0x0000001c   Code   RO         6329    i.vMBMasterOsResInit  portevent_m.o
    0x08004094   0x08004094   0x00000058   Code   RO         6416    i.vMBMasterPortSerialEnable  portserial_m.o
    0x080040ec   0x080040ec   0x0000002c   Code   RO         6476    i.vMBMasterPortTimersConvertDelayEnable  porttimer_m.o
    0x08004118   0x08004118   0x00000024   Code   RO         6477    i.vMBMasterPortTimersDisable  porttimer_m.o
    0x0800413c   0x0800413c   0x0000002c   Code   RO         6478    i.vMBMasterPortTimersRespondTimeoutEnable  porttimer_m.o
    0x08004168   0x08004168   0x0000003c   Code   RO         6479    i.vMBMasterPortTimersT35Enable  porttimer_m.o
    0x080041a4   0x080041a4   0x0000000c   Code   RO         6330    i.vMBMasterRunResRelease  portevent_m.o
    0x080041b0   0x080041b0   0x0000000c   Code   RO         6718    i.vMBMasterSetCurTimerMode  mbrtu_m.o
    0x080041bc   0x080041bc   0x0000000c   Code   RO         6825    i.vMBMasterSetErrorType  mb_m.o
    0x080041c8   0x080041c8   0x00000058   Code   RO         6171    i.vMBPortSerialEnable  portserial.o
    0x08004220   0x08004220   0x00000024   Code   RO         6231    i.vMBPortTimersDisable  porttimer.o
    0x08004244   0x08004244   0x00000034   Code   RO         6232    i.vMBPortTimersEnable  porttimer.o
    0x08004278   0x08004278   0x00000040   Code   RO         5537    i.vPortEnterCritical  port.o
    0x080042b8   0x080042b8   0x00000028   Code   RO         5538    i.vPortExitCritical  port.o
    0x080042e0   0x080042e0   0x0000005c   Code   RO         5486    i.vPortFree         heap_4.o
    0x0800433c   0x0800433c   0x00000024   Code   RO         5539    i.vPortSetupTimerInterrupt  port.o
    0x08004360   0x08004360   0x00000054   Code   RO         5540    i.vPortValidateInterruptPriority  port.o
    0x080043b4   0x080043b4   0x00000028   Code   RO         4148    i.vQueueAddToRegistry  queue.o
    0x080043dc   0x080043dc   0x0000002e   Code   RO         4149    i.vQueueDelete      queue.o
    0x0800440a   0x0800440a   0x00000002   PAD
    0x0800440c   0x0800440c   0x00000028   Code   RO         4151    i.vQueueUnregisterQueue  queue.o
    0x08004434   0x08004434   0x00000044   Code   RO         4152    i.vQueueWaitForMessageRestricted  queue.o
    0x08004478   0x08004478   0x0000004c   Code   RO         4558    i.vTaskDelay        tasks.o
    0x080044c4   0x080044c4   0x00000010   Code   RO         4563    i.vTaskInternalSetTimeOutState  tasks.o
    0x080044d4   0x080044d4   0x0000000c   Code   RO         4564    i.vTaskMissedYield  tasks.o
    0x080044e0   0x080044e0   0x00000030   Code   RO         4566    i.vTaskPlaceOnEventList  tasks.o
    0x08004510   0x08004510   0x00000038   Code   RO         4567    i.vTaskPlaceOnEventListRestricted  tasks.o
    0x08004548   0x08004548   0x00000050   Code   RO         4568    i.vTaskPlaceOnUnorderedEventList  tasks.o
    0x08004598   0x08004598   0x00000070   Code   RO         4571    i.vTaskRemoveFromUnorderedEventList  tasks.o
    0x08004608   0x08004608   0x00000088   Code   RO         4575    i.vTaskStartScheduler  tasks.o
    0x08004690   0x08004690   0x00000010   Code   RO         4577    i.vTaskSuspendAll   tasks.o
    0x080046a0   0x080046a0   0x00000064   Code   RO         4578    i.vTaskSwitchContext  tasks.o
    0x08004704   0x08004704   0x00000040   Code   RO         3984    i.xEventGroupClearBits  event_groups.o
    0x08004744   0x08004744   0x00000010   Code   RO         3985    i.xEventGroupClearBitsFromISR  event_groups.o
    0x08004754   0x08004754   0x0000001c   Code   RO         3986    i.xEventGroupCreate  event_groups.o
    0x08004770   0x08004770   0x0000002c   Code   RO         3987    i.xEventGroupCreateStatic  event_groups.o
    0x0800479c   0x0800479c   0x0000001a   Code   RO         3988    i.xEventGroupGetBitsFromISR  event_groups.o
    0x080047b6   0x080047b6   0x0000008c   Code   RO         3989    i.xEventGroupSetBits  event_groups.o
    0x08004842   0x08004842   0x00000002   PAD
    0x08004844   0x08004844   0x00000010   Code   RO         3990    i.xEventGroupSetBitsFromISR  event_groups.o
    0x08004854   0x08004854   0x00000108   Code   RO         3992    i.xEventGroupWaitBits  event_groups.o
    0x0800495c   0x0800495c   0x0000003c   Code   RO         6331    i.xMBMasterPortEventGet  portevent_m.o
    0x08004998   0x08004998   0x00000014   Code   RO         6332    i.xMBMasterPortEventInit  portevent_m.o
    0x080049ac   0x080049ac   0x00000014   Code   RO         6333    i.xMBMasterPortEventPost  portevent_m.o
    0x080049c0   0x080049c0   0x00000014   Code   RO         6417    i.xMBMasterPortSerialGetByte  portserial_m.o
    0x080049d4   0x080049d4   0x000000c0   Code   RO         6418    i.xMBMasterPortSerialInit  portserial_m.o
    0x08004a94   0x08004a94   0x00000018   Code   RO         6419    i.xMBMasterPortSerialPutByte  portserial_m.o
    0x08004aac   0x08004aac   0x00000040   Code   RO         6480    i.xMBMasterPortTimersInit  porttimer_m.o
    0x08004aec   0x08004aec   0x00000068   Code   RO         6720    i.xMBMasterRTUReceiveFSM  mbrtu_m.o
    0x08004b54   0x08004b54   0x00000064   Code   RO         6721    i.xMBMasterRTUTimerExpired  mbrtu_m.o
    0x08004bb8   0x08004bb8   0x00000068   Code   RO         6722    i.xMBMasterRTUTransmitFSM  mbrtu_m.o
    0x08004c20   0x08004c20   0x0000000c   Code   RO         6723    i.xMBMasterRequestIsBroadcast  mbrtu_m.o
    0x08004c2c   0x08004c2c   0x00000030   Code   RO         6130    i.xMBPortEventGet   portevent.o
    0x08004c5c   0x08004c5c   0x00000014   Code   RO         6131    i.xMBPortEventInit  portevent.o
    0x08004c70   0x08004c70   0x00000014   Code   RO         6132    i.xMBPortEventPost  portevent.o
    0x08004c84   0x08004c84   0x00000014   Code   RO         6172    i.xMBPortSerialGetByte  portserial.o
    0x08004c98   0x08004c98   0x000000bc   Code   RO         6173    i.xMBPortSerialInit  portserial.o
    0x08004d54   0x08004d54   0x00000018   Code   RO         6174    i.xMBPortSerialPutByte  portserial.o
    0x08004d6c   0x08004d6c   0x0000003c   Code   RO         6233    i.xMBPortTimersInit  porttimer.o
    0x08004da8   0x08004da8   0x00000060   Code   RO         5882    i.xMBRTUReceiveFSM  mbrtu.o
    0x08004e08   0x08004e08   0x00000028   Code   RO         5883    i.xMBRTUTimerT35Expired  mbrtu.o
    0x08004e30   0x08004e30   0x00000050   Code   RO         5884    i.xMBRTUTransmitFSM  mbrtu.o
    0x08004e80   0x08004e80   0x00000022   Code   RO         5806    i.xMBUtilGetBits    mbutils.o
    0x08004ea2   0x08004ea2   0x0000002a   Code   RO         5807    i.xMBUtilSetBits    mbutils.o
    0x08004ecc   0x08004ecc   0x000000f4   Code   RO         5541    i.xPortStartScheduler  port.o
    0x08004fc0   0x08004fc0   0x0000003a   Code   RO         4153    i.xQueueCreateCountingSemaphore  queue.o
    0x08004ffa   0x08004ffa   0x00000040   Code   RO         4154    i.xQueueCreateCountingSemaphoreStatic  queue.o
    0x0800503a   0x0800503a   0x00000048   Code   RO         4157    i.xQueueGenericCreate  queue.o
    0x08005082   0x08005082   0x00000066   Code   RO         4158    i.xQueueGenericCreateStatic  queue.o
    0x080050e8   0x080050e8   0x00000088   Code   RO         4159    i.xQueueGenericReset  queue.o
    0x08005170   0x08005170   0x00000160   Code   RO         4160    i.xQueueGenericSend  queue.o
    0x080052d0   0x080052d0   0x000000bc   Code   RO         4161    i.xQueueGenericSendFromISR  queue.o
    0x0800538c   0x0800538c   0x0000009c   Code   RO         4164    i.xQueueGiveFromISR  queue.o
    0x08005428   0x08005428   0x00000138   Code   RO         4170    i.xQueueReceive     queue.o
    0x08005560   0x08005560   0x00000074   Code   RO         4579    i.xTaskCheckForTimeOut  tasks.o
    0x080055d4   0x080055d4   0x0000005a   Code   RO         4580    i.xTaskCreate       tasks.o
    0x0800562e   0x0800562e   0x00000056   Code   RO         4581    i.xTaskCreateStatic  tasks.o
    0x08005684   0x08005684   0x0000001c   Code   RO         4585    i.xTaskGetSchedulerState  tasks.o
    0x080056a0   0x080056a0   0x0000000c   Code   RO         4586    i.xTaskGetTickCount  tasks.o
    0x080056ac   0x080056ac   0x00000010   Code   RO         4587    i.xTaskGetTickCountFromISR  tasks.o
    0x080056bc   0x080056bc   0x000000c8   Code   RO         4588    i.xTaskIncrementTick  tasks.o
    0x08005784   0x08005784   0x00000080   Code   RO         4591    i.xTaskPriorityDisinherit  tasks.o
    0x08005804   0x08005804   0x00000070   Code   RO         4593    i.xTaskRemoveFromEventList  tasks.o
    0x08005874   0x08005874   0x000000c4   Code   RO         4594    i.xTaskResumeAll    tasks.o
    0x08005938   0x08005938   0x00000034   Code   RO         4906    i.xTimerCreate      timers.o
    0x0800596c   0x0800596c   0x00000060   Code   RO         4908    i.xTimerCreateTimerTask  timers.o
    0x080059cc   0x080059cc   0x00000068   Code   RO         4909    i.xTimerGenericCommand  timers.o
    0x08005a34   0x08005a34   0x00000028   Code   RO         4915    i.xTimerPendFunctionCallFromISR  timers.o
    0x08005a5c   0x08005a5c   0x00000080   Data   RO          287    .constdata          freertos.o
    0x08005adc   0x08005adc   0x00000008   Data   RO         1237    .constdata          stm32f4xx_hal_dma.o
    0x08005ae4   0x08005ae4   0x00000010   Data   RO         3936    .constdata          system_stm32f4xx.o
    0x08005af4   0x08005af4   0x00000008   Data   RO         3937    .constdata          system_stm32f4xx.o
    0x08005afc   0x08005afc   0x00000200   Data   RO         5842    .constdata          mbcrc.o
    0x08005cfc   0x08005cfc   0x00000010   Data   RO         6335    .constdata          portevent_m.o
    0x08005d0c   0x08005d0c   0x0000001f   Data   RO          288    .conststring        freertos.o
    0x08005d2b   0x08005d2b   0x00000001   PAD
    0x08005d2c   0x08005d2c   0x0000000e   Data   RO         6336    .conststring        portevent_m.o
    0x08005d3a   0x08005d3a   0x00000002   PAD
    0x08005d3c   0x08005d3c   0x00000020   Data   RO         6941    Region$$Table       anon$$obj.o


    Execution Region RW_IRAM2 (Exec base: 0x10000000, Load base: 0x08005de4, Size: 0x00000000, Max: 0x00010000, ABSOLUTE)

    **** No section assigned to this execution region ****


    Execution Region RW_IRAM1 (Exec base: 0x20000000, Load base: 0x08005d5c, Size: 0x000076d0, Max: 0x00020000, ABSOLUTE, COMPRESSED[0x00000088])

    Exec Addr    Load Addr    Size         Type   Attr      Idx    E Section Name        Object

    0x20000000   COMPRESSED   0x0000000c   Data   RW          289    .data               freertos.o
    0x2000000c   COMPRESSED   0x0000000c   Data   RW         1664    .data               stm32f4xx_hal.o
    0x20000018   COMPRESSED   0x00000004   Data   RW         3938    .data               system_stm32f4xx.o
    0x2000001c   COMPRESSED   0x0000003c   Data   RW         4597    .data               tasks.o
    0x20000058   COMPRESSED   0x00000014   Data   RW         4917    .data               timers.o
    0x2000006c   COMPRESSED   0x00000004   Data   RW         5121    .data               cmsis_os2.o
    0x20000070   COMPRESSED   0x00000018   Data   RW         5491    .data               heap_4.o
    0x20000088   COMPRESSED   0x0000000c   Data   RW         5542    .data               port.o
    0x20000094   COMPRESSED   0x00000002   Data   RW         5775    .data               mbfuncother.o
    0x20000096   COMPRESSED   0x00000002   PAD
    0x20000098   COMPRESSED   0x0000000c   Data   RW         5886    .data               mbrtu.o
    0x200000a4   COMPRESSED   0x000000ac   Data   RW         5956    .data               mb.o
    0x20000150   COMPRESSED   0x00000012   Data   RW         6084    .data               user_mb_app.o
    0x20000162   COMPRESSED   0x00000002   PAD
    0x20000164   COMPRESSED   0x00000004   Data   RW         6133    .data               portevent.o
    0x20000168   COMPRESSED   0x00000014   Data   RW         6176    .data               portserial.o
    0x2000017c   COMPRESSED   0x00000004   Data   RW         6234    .data               porttimer.o
    0x20000180   COMPRESSED   0x00000008   Data   RW         6278    .data               user_mb_app_m.o
    0x20000188   COMPRESSED   0x00000008   Data   RW         6337    .data               portevent_m.o
    0x20000190   COMPRESSED   0x00000014   Data   RW         6421    .data               portserial_m.o
    0x200001a4   COMPRESSED   0x00000008   Data   RW         6481    .data               porttimer_m.o
    0x200001ac   COMPRESSED   0x00000010   Data   RW         6725    .data               mbrtu_m.o
    0x200001bc   COMPRESSED   0x000000b0   Data   RW         6827    .data               mb_m.o
    0x2000026c        -       0x00000054   Zero   RW          423    .bss                i2c.o
    0x200002c0        -       0x00000058   Zero   RW          465    .bss                spi.o
    0x20000318        -       0x00000040   Zero   RW          507    .bss                tim.o
    0x20000358        -       0x00000204   Zero   RW          551    .bss                usart.o
    0x2000055c        -       0x00000040   Zero   RW          727    .bss                stm32f4xx_hal_timebase_tim.o
    0x2000059c        -       0x00000040   Zero   RW         4174    .bss                queue.o
    0x200005dc        -       0x000004c4   Zero   RW         4596    .bss                tasks.o
    0x20000aa0        -       0x00000118   Zero   RW         4916    .bss                timers.o
    0x20000bb8        -       0x000006b8   Zero   RW         5120    .bss                cmsis_os2.o
    0x20001270        -       0x00003c00   Zero   RW         5490    .bss                heap_4.o
    0x20004e70        -       0x00000020   Zero   RW         5774    .bss                mbfuncother.o
    0x20004e90        -       0x00000100   Zero   RW         5885    .bss                mbrtu.o
    0x20004f90        -       0x00000190   Zero   RW         6083    .bss                user_mb_app.o
    0x20005120        -       0x00000109   Zero   RW         6175    .bss                portserial.o
    0x20005229   COMPRESSED   0x00000001   PAD
    0x2000522a        -       0x000019a0   Zero   RW         6277    .bss                user_mb_app_m.o
    0x20006bca        -       0x00000109   Zero   RW         6420    .bss                portserial_m.o
    0x20006cd3        -       0x000001fd   Zero   RW         6724    .bss                mbrtu_m.o
    0x20006ed0        -       0x00000800   Zero   RW            1    STACK               startup_stm32f407xx.o


==============================================================================

Image component sizes


      Code (inc. data)   RO Data    RW Data    ZI Data      Debug   Object Name

         0          0          0          0          0     699840   bsp_usart_fputc.o
      1048         68          0          4       1720      37099   cmsis_os2.o
        60          4          0          0          0        722   dma.o
       626         12          0          0          0      29354   event_groups.o
       168         32        159         12          0      16532   freertos.o
       220         18          0          0          0        963   gpio.o
       460         24          0         24      15360       4659   heap_4.o
       168         26          0          0         84       1569   i2c.o
       138          0          0          0          0       3430   list.o
       208         16          0          0          0      16216   main.o
       340         42          0        172          0       4767   mb.o
       500         52          0        176          0       6504   mb_m.o
        44          4        512          0          0       1192   mbcrc.o
       300          0          0          0          0       3746   mbfunccoils.o
       280          0          0          0          0       4176   mbfunccoils_m.o
       114          0          0          0          0       1552   mbfuncdisc.o
        96          0          0          0          0       1670   mbfuncdisc_m.o
       384          0          0          0          0       5155   mbfuncholding.o
       322          0          0          0          0       5631   mbfuncholding_m.o
        98          0          0          0          0       1551   mbfuncinput.o
        80          0          0          0          0       1661   mbfuncinput_m.o
        36         10          0          2         32       1351   mbfuncother.o
       534         42          0         12        256       6319   mbrtu.o
       678         72          0         16        509       8834   mbrtu_m.o
       100          0          0          0          0       2590   mbutils.o
       786         82          0         12          0      11357   port.o
       182          0          0          0          0       5724   port_1.o
        88         14          0          4          0       2224   portevent.o
       204         50         30          8          0       5624   portevent_m.o
       428         74          0         20        265       4792   portserial.o
       432         76          0         20        265       4868   portserial_m.o
       160         38          0          4          0       2689   porttimer.o
       260         48          0          8          0       4092   porttimer_m.o
      1948         24          0          0         64      22827   queue.o
       192         22          0          0         88       1577   spi.o
        36          8        392          0       2048        816   startup_stm32f407xx.o
        80         14          0         12          0       7962   stm32f4xx_hal.o
       158         14          0          0          0      33062   stm32f4xx_hal_cortex.o
       788         16          8          0          0       4615   stm32f4xx_hal_dma.o
       464         46          0          0          0       2941   stm32f4xx_hal_gpio.o
       392         16          0          0          0       3063   stm32f4xx_hal_i2c.o
        56          4          0          0          0        798   stm32f4xx_hal_msp.o
      1392         82          0          0          0       5749   stm32f4xx_hal_rcc.o
       398          6          0          0          0       3304   stm32f4xx_hal_spi.o
       654         44          0          0          0       6537   stm32f4xx_hal_tim.o
       148         28          0          0          0       2377   stm32f4xx_hal_tim_ex.o
       116         16          0          0         64       1335   stm32f4xx_hal_timebase_tim.o
       638         62          0          0          0       7857   stm32f4xx_hal_uart.o
       192         38          0          0          0       6455   stm32f4xx_it.o
         0          0          0          0          0        392   stream_buffer.o
        28          6         24          4          0       1071   system_stm32f4xx.o
      2316        192          0         60       1220      29524   tasks.o
       128         18          0          0         64       1486   tim.o
      1142         86          0         20        280      31902   timers.o
       564         56          0          0        516       3122   usart.o
       464         28          0         18        400       5978   user_mb_app.o
       456         40          0          8       6560       6066   user_mb_app_m.o

    ----------------------------------------------------------------------
     22336       1670       1160        620      29796    1099269   Object Totals
         0          0         32          0          0          0   (incl. Generated)
        44          0          3          4          1          0   (incl. Padding)

    ----------------------------------------------------------------------

      Code (inc. data)   RO Data    RW Data    ZI Data      Debug   Library Member Name

        86          0          0          0          0          0   __dczerorl2.o
         0          0          0          0          0          0   entry.o
         0          0          0          0          0          0   entry10a.o
         0          0          0          0          0          0   entry11a.o
         8          4          0          0          0          0   entry2.o
         4          0          0          0          0          0   entry5.o
         0          0          0          0          0          0   entry7b.o
         0          0          0          0          0          0   entry8b.o
         8          4          0          0          0          0   entry9a.o
        30          0          0          0          0          0   handlers.o
        36          8          0          0          0         68   init.o
        30          0          0          0          0         68   llshl.o
        32          0          0          0          0         68   llushr.o
        36          0          0          0          0         68   memcpya.o
        36          0          0          0          0        108   memseta.o
        98          0          0          0          0         92   uldiv.o

    ----------------------------------------------------------------------
       404         16          0          0          0        472   Library Totals
         0          0          0          0          0          0   (incl. Padding)

    ----------------------------------------------------------------------

      Code (inc. data)   RO Data    RW Data    ZI Data      Debug   Library Name

       404         16          0          0          0        472   mc_w.l

    ----------------------------------------------------------------------
       404         16          0          0          0        472   Library Totals

    ----------------------------------------------------------------------

==============================================================================


      Code (inc. data)   RO Data    RW Data    ZI Data      Debug   

     22740       1686       1160        620      29796    1072469   Grand Totals
     22740       1686       1160        136      29796    1072469   ELF Image Totals (compressed)
     22740       1686       1160        136          0          0   ROM Totals

==============================================================================

    Total RO  Size (Code + RO Data)                23900 (  23.34kB)
    Total RW  Size (RW Data + ZI Data)             30416 (  29.70kB)
    Total ROM Size (Code + RO Data + RW Data)      24036 (  23.47kB)

==============================================================================

